******************************************************************************
                  TI ARM Linker PC v16.9.4                     
******************************************************************************
>> Linked Fri May 25 20:16:47 2018

OUTPUT FILE NAME:   <sf_pnio_io_v2.3.out>
ENTRY POINT SYMBOL: "_c_int00"  address: 00084801


MEMORY CONFIGURATION

         name            origin    length      used     unused   attr    fill
----------------------  --------  ---------  --------  --------  ----  --------
  FLASH                 00060000   00040000  0003adae  00005252  R  X
  SRAM                  20000000   00038000  0003430d  00003cf3  RW X
  SRAM_STACK            20038000   00008000  00008000  00000000  RW X


SEGMENT ALLOCATION MAP

run origin  load origin   length   init length attrs members
----------  ----------- ---------- ----------- ----- -------
00060000    00060000    0003adb8   0003adb8    r-x
  00060000    00060000    00000208   00000208    r-- .intvecs
  00060208    00060208    00024cca   00024cca    r-x .text
  00084ed8    00084ed8    00015af4   00015af4    r-- .const
  0009a9d0    0009a9d0    000003e8   000003e8    r-- .cinit
20000000    20000000    0000026c   00000000    rw-
  20000000    20000000    0000026c   00000000    rw- .vtable
20000400    20000400    000340a4   00000000    rw-
  20000400    20000400    0002ea25   00000000    rw- .bss
  2002ee28    2002ee28    00004000   00000000    rw- .sysmem
  20032e28    20032e28    0000167c   00000000    rw- .data
20038000    20038000    00008000   00000000    rw-
  20038000    20038000    00008000   00000000    rw- .stack


SECTION ALLOCATION MAP

 output                                  attributes/
section   page    origin      length       input sections
--------  ----  ----------  ----------   ----------------
.intvecs   0    00060000    00000208     
                  00060000    00000208     tm4c1294ncpdt_startup_ccs.obj (.intvecs)

.text      0    00060208    00024cca     
                  00060208    00001bec     pnio_lib.lib : pn_recdata.obj (.text)
                  00061df4    00001b48     tcp_in.obj (.text)
                  0006393c    00001984     pnio_lib.lib : pn_pdev.obj (.text)
                  000652c0    000017dc     ws_func.obj (.text)
                  00066a9c    000015ca     psnprintf.obj (.text)
                  00068066    00000002     rtsv7M4_T_le_v4SPD16_eabi.lib : i_div0.obj (.text)
                  00068068    0000139c     httpd.obj (.text)
                  00069404    000012e0     tcp.obj (.text)
                  0006a6e4    00001148     pnio_lib.lib : pn_rpc.obj (.text)
                  0006b82c    0000113e     rtsv7M4_T_le_v4SPD16_eabi.lib : _printfi.obj (.text)
                  0006c96a    00000002                                   : mpu_init.obj (.text)
                  0006c96c    000010f4     httpd_cgi.obj (.text)
                  0006da60    0000102c     tcp_out.obj (.text)
                  0006ea8c    00000ef0     sysctl.obj (.text)
                  0006f97c    00000ea0     pnio_lib.lib : pn_alarm.obj (.text)
                  0007081c    00000d20     emac.obj (.text)
                  0007153c    00000d1c     etharp.obj (.text)
                  00072258    00000c70     pnio_lib.lib : pn_dcp.obj (.text)
                  00072ec8    00000b4c     gpio.obj (.text)
                  00073a14    00000b38     pnio_lib.lib : pn_iodata.obj (.text)
                  0007454c    00000a7a     pbuf.obj (.text)
                  00074fc6    00000002     rtsv7M4_T_le_v4SPD16_eabi.lib : startup.obj (.text)
                  00074fc8    000009bc     pnio_lib.lib : pn_diag.obj (.text)
                  00075984    00000908     tivaif.obj (.text)
                  0007628c    000008cc     pnio_lib.lib : pn_context.obj (.text)
                  00076b58    000008b4                  : pn_lldp.obj (.text)
                  0007740c    00000850                  : pn_crtdata.obj (.text)
                  00077c5c    000007be     adc.obj (.text)
                  0007841a    00000002     stats.obj (.text)
                  0007841c    00000748     hal.obj (.text)
                  00078b64    00000728     pnio_lib.lib : pn_rpc_epm.obj (.text)
                  0007928c    00000656     timer.obj (.text)
                  000798e2    00000002     --HOLE-- [fill = 0]
                  000798e4    00000638     uart.obj (.text)
                  00079f1c    00000618     udp.obj (.text)
                  0007a534    000005d8     sw_crc.obj (.text)
                  0007ab0c    000004fc     pn_oal_eth.obj (.text)
                  0007b008    000004e0     udma.obj (.text)
                  0007b4e8    000004d0     mem.obj (.text)
                  0007b9b8    0000049c     uartstdio.obj (.text)
                  0007be54    00000490     pnio_lib.lib : pn_device.obj (.text)
                  0007c2e4    00000470     eeprom.obj (.text)
                  0007c754    0000045c     oal_lwip.obj (.text)
                  0007cbb0    00000454     pnio_lib.lib : pn_ar.obj (.text)
                  0007d004    0000042c     bsp_config.obj (.text)
                  0007d430    00000410     pnio_lib.lib : pn_mem.obj (.text)
                  0007d840    00000400     ip.obj (.text)
                  0007dc40    000003d0     rtsv7M4_T_le_v4SPD16_eabi.lib : memory.obj (.text)
                  0007e010    000003c4     inet_chksum.obj (.text)
                  0007e3d4    000003c4     ip_addr.obj (.text)
                  0007e798    000003c0     interrupt.obj (.text)
                  0007eb58    000003b8     flash.obj (.text)
                  0007ef10    000003a8     pnio_lib.lib : pn_config.obj (.text)
                  0007f2b8    00000344     netif.obj (.text)
                  0007f5fc    00000342     ssi.obj (.text)
                  0007f93e    0000033e     bsp_GPIO.obj (.text)
                  0007fc7c    00000318     dig_led.obj (.text)
                  0007ff94    00000304     pnio_lib.lib : pn_timer.obj (.text)
                  00080298    00000300     system.obj (.text)
                  00080598    00000294     icmp.obj (.text)
                  0008082c    00000290     pnio_lib.lib : pn_recdata_diag.obj (.text)
                  00080abc    00000280     timers.obj (.text)
                  00080d3c    0000027c     pnio_lib.lib : pn_net.obj (.text)
                  00080fb8    0000026c     raw.obj (.text)
                  00081224    0000024c     pn_oal.obj (.text)
                  00081470    00000240     led.obj (.text)
                  000816b0    0000023c     rtsv7M4_T_le_v4SPD16_eabi.lib : strtod.obj (.text)
                  000818ec    00000238     pnio_lib.lib : pn_lmpm.obj (.text)
                  00081b24    00000230     pnio_main.obj (.text)
                  00081d54    00000224     pnio_lib.lib : pn_utils.obj (.text)
                  00081f78    00000220     flowsensor.obj (.text)
                  00082198    000001f4     rtsv7M4_T_le_v4SPD16_eabi.lib : ull_div_t2.obj (.text)
                  0008238c    000001e4     memp.obj (.text)
                  00082570    000001c4     rtsv7M4_T_le_v4SPD16_eabi.lib : fopen.obj (.text)
                  00082734    000001b6                                   : fd_add_t2.obj (.text)
                  000828ea    00000002     --HOLE-- [fill = 0]
                  000828ec    00000188     watchdog.obj (.text)
                  00082a74    0000017c     aio_config.obj (.text)
                  00082bf0    00000178     fs.obj (.text)
                  00082d68    00000158     pnio_lib.lib : pn_mem_simple.obj (.text)
                  00082ec0    00000158     utilities.obj (.text)
                  00083018    00000136     rtsv7M4_T_le_v4SPD16_eabi.lib : fd_div_t2.obj (.text)
                  0008314e    00000002     --HOLE-- [fill = 0]
                  00083150    00000134     rng.obj (.text)
                  00083284    00000134     rtsv7M4_T_le_v4SPD16_eabi.lib : fputs.obj (.text)
                  000833b8    000000fc                                   : fd_mul_t2.obj (.text)
                  000834b4    000000fc                                   : s_scalbn.obj (.text)
                  000835b0    000000f8                                   : s_floor.obj (.text)
                  000836a8    000000e0     pnio_lib.lib : pn_recdata_log.obj (.text)
                  00083788    000000dc     rtsv7M4_T_le_v4SPD16_eabi.lib : setvbuf.obj (.text)
                  00083864    000000cc     RandomMAC.obj (.text)
                  00083930    000000cc     pnio_lib.lib : pn_lock.obj (.text)
                  000839fc    000000c8     rtsv7M4_T_le_v4SPD16_eabi.lib : fflush.obj (.text)
                  00083ac4    000000c0     fpu.obj (.text)
                  00083b84    000000bc     rtsv7M4_T_le_v4SPD16_eabi.lib : open.obj (.text)
                  00083c40    000000ac                                   : _io_perm.obj (.text)
                  00083cec    0000009c                                   : memcpy_t2.obj (.text)
                  00083d88    00000098                                   : fclose.obj (.text)
                  00083e20    00000098                                   : fputc.obj (.text)
                  00083eb8    00000088     systick.obj (.text)
                  00083f40    00000086     rtsv7M4_T_le_v4SPD16_eabi.lib : fd_cmp_t2.obj (.text:__aeabi_cdcmple)
                  00083fc6    00000086                                   : fd_cmp_t2.obj (.text:__aeabi_cdrcmple)
                  0008404c    0000007a                                   : memset_t2.obj (.text)
                  000840c6    00000072     reset.obj (.text)
                  00084138    00000070     rtsv7M4_T_le_v4SPD16_eabi.lib : autoinit.obj (.text)
                  000841a8    00000070                                   : getdevice.obj (.text)
                  00084218    00000070                                   : printf.obj (.text)
                  00084288    0000006e                                   : fd_tos_t2.obj (.text)
                  000842f6    0000006c     def.obj (.text)
                  00084362    00000002     --HOLE-- [fill = 0]
                  00084364    0000006c     rtsv7M4_T_le_v4SPD16_eabi.lib : hostrename.obj (.text)
                  000843d0    00000068                                   : copy_decompress_lzss.obj (.text:decompress:lzss)
                  00084438    00000068                                   : hostlseek.obj (.text)
                  000844a0    00000068                                   : trgmsg.obj (.text)
                  00084508    00000064     pn_oal_lock_int.obj (.text)
                  0008456c    00000064     rtsv7M4_T_le_v4SPD16_eabi.lib : fseek.obj (.text)
                  000845d0    00000064                                   : s_frexp.obj (.text)
                  00084634    00000060                                   : hostopen.obj (.text)
                  00084694    00000060                                   : sprintf.obj (.text)
                  000846f4    0000005c                                   : close.obj (.text)
                  00084750    00000058                                   : hostread.obj (.text)
                  000847a8    00000058                                   : hostwrite.obj (.text)
                  00084800    00000054                                   : boot.obj (.text)
                  00084854    00000054                                   : exit.obj (.text)
                  000848a8    00000054                                   : ltoa.obj (.text)
                  000848fc    0000004c                                   : atoi.obj (.text)
                  00084948    0000004c                                   : cpy_tbl.obj (.text)
                  00084994    0000004c                                   : rand.obj (.text)
                  000849e0    00000048                                   : fd_toi_t2.obj (.text)
                  00084a28    00000044                                   : fd_tou_t2.obj (.text)
                  00084a6c    00000044                                   : hostclose.obj (.text)
                  00084ab0    00000044                                   : hostunlink.obj (.text)
                  00084af4    00000040                                   : u_divt2.obj (.text)
                  00084b34    0000003e     cpu.obj (.text)
                  00084b72    00000038     rtsv7M4_T_le_v4SPD16_eabi.lib : fs_tod_t2.obj (.text)
                  00084baa    00000036                                   : strncpy.obj (.text)
                  00084be0    00000034                                   : strstr.obj (.text)
                  00084c14    0000002e                                   : i_tofd_t2.obj (.text)
                  00084c42    0000002c                                   : strncmp.obj (.text)
                  00084c6e    00000002     --HOLE-- [fill = 0]
                  00084c70    0000002c                                   : unlink.obj (.text)
                  00084c9c    00000028     pnio_lib.lib : pn_stat.obj (.text)
                  00084cc4    00000028     rtsv7M4_T_le_v4SPD16_eabi.lib : lseek.obj (.text)
                  00084cec    00000028                                   : write.obj (.text)
                  00084d14    00000024                                   : memcmp.obj (.text)
                  00084d38    00000020     init.obj (.text)
                  00084d58    00000020     rtsv7M4_T_le_v4SPD16_eabi.lib : memchr.obj (.text)
                  00084d78    00000020                                   : u_tofd_t2.obj (.text)
                  00084d98    00000020     sys_arch.obj (.text)
                  00084db8    0000001e     bsp_GPIO.obj (.text:GPIO_TagConfigProperties)
                  00084dd6    0000001c     rtsv7M4_T_le_v4SPD16_eabi.lib : memccpy.obj (.text)
                  00084df2    00000002     --HOLE-- [fill = 0]
                  00084df4    00000018                                   : args_main.obj (.text)
                  00084e0c    00000018                                   : strcmp.obj (.text)
                  00084e24    00000016                                   : strchr.obj (.text)
                  00084e3a    00000002     --HOLE-- [fill = 0]
                  00084e3c    00000014                                   : _lock.obj (.text)
                  00084e50    00000014                                   : s_copysign.obj (.text)
                  00084e64    00000014                                   : strcpy.obj (.text)
                  00084e78    00000014                                   : strlen.obj (.text)
                  00084e8c    00000010     main.obj (.text)
                  00084e9c    0000000e     rtsv7M4_T_le_v4SPD16_eabi.lib : copy_decompress_none.obj (.text:decompress:none)
                  00084eaa    0000000c                                   : copy_zero_init.obj (.text:decompress:ZI)
                  00084eb6    0000000c     tm4c1294ncpdt_startup_ccs.obj (.text)
                  00084ec2    00000006     sysctl.obj (.text:SysCtlDelay)
                  00084ec8    00000006     pnio_lib.lib : pn_cmsm.obj (.text)
                  00084ece    00000004     rtsv7M4_T_le_v4SPD16_eabi.lib : pre_init.obj (.text)

.const     0    00084ed8    00015af4     
                  00084ed8    00001907     fs.obj (.const:.string:data_src_info_set_shtml)
                  000867df    00001494     fs.obj (.const:.string:data_src_info_st_9_gif)
                  00087c73    000013bb     fs.obj (.const:.string:data_src_info_st_6_gif)
                  0008902e    0000137f     fs.obj (.const:.string:data_src_info_st_3_gif)
                  0008a3ad    00001345     fs.obj (.const:.string:data_src_info_valvefault_gif)
                  0008b6f2    000011ac     fs.obj (.const:.string:data_src_info_st_4_gif)
                  0008c89e    0000118b     fs.obj (.const:.string:data_src_info_st_7_gif)
                  0008da29    000010d9     fs.obj (.const:.string:data_src_info_st_5_gif)
                  0008eb02    00000f8a     fs.obj (.const:.string:data_src_info_set_default_shtml)
                  0008fa8c    00000e57     fs.obj (.const:.string:data_src_info_setup_title_gif)
                  000908e3    00000cde     fs.obj (.const:.string:data_config_shtml)
                  000915c1    000009d9     fs.obj (.const:.string:data_src_XFlow_WebServer_shtml)
                  00091f9a    0000099f     fs.obj (.const:.string:data_src_controls_shtml)
                  00092939    0000083b     fs.obj (.const:.string:data_src_info_shtml)
                  00093174    00000829     fs.obj (.const:.string:data_internal_shtml)
                  0009399d    00000652     fs.obj (.const:.string:data_src_status_shtml)
                  00093fef    00000001     --HOLE-- [fill = 0]
                  00093ff0    00000448     httpd.obj (.const:.string)
                  00094438    00000407     fs.obj (.const:.string:data_index_shtml)
                  0009483f    00000001     --HOLE-- [fill = 0]
                  00094840    00000400     sw_crc.obj (.const:g_pui32Crc32)
                  00094c40    0000038e     fs.obj (.const:.string:data_src_status_flow_1_gif)
                  00094fce    0000038c     fs.obj (.const:.string:data_src_btn_valve_gif)
                  0009535a    00000384     fs.obj (.const:.string:data_src_status_valve_closed_locked_gif)
                  000956de    0000037f     fs.obj (.const:.string:data_src_btn_bypass_gif)
                  00095a5d    0000037d     fs.obj (.const:.string:data_src_status_detection_2_gif)
                  00095dda    00000363     fs.obj (.const:.string:data_src_status_detection_0_gif)
                  0009613d    00000337     fs.obj (.const:.string:data_src_status_valve_closed_gif)
                  00096474    0000032e     fs.obj (.const:.string:data_src_status_detection_1_gif)
                  000967a2    0000032c     fs.obj (.const:.string:data_src_Header_SmartFlow_gif)
                  00096ace    0000030a     fs.obj (.const:.string:data_src_status_leakdetected_gif)
                  00096dd8    000002e0     fs.obj (.const:.string:data_src_status_valve_open_gif)
                  000970b8    000002bf     fs.obj (.const:.string:data_src_Header_FlexFlow_gif)
                  00097377    000002bb     fs.obj (.const:.string:data_src_status_valve_fault_gif)
                  00097632    000002af     fs.obj (.const:.string:data_src_btn_reset_gif)
                  000978e1    000002af     fs.obj (.const:.string:data_src_status_flow_0_gif)
                  00097b90    000002ac     fs.obj (.const:.string:data_src_btn_setup_gif)
                  00097e3c    0000026e     fs.obj (.const:.string:data_src_status_flow_3_gif)
                  000980aa    00000269     fs.obj (.const:.string:data_src_status_flow_2_gif)
                  00098313    00000001     --HOLE-- [fill = 0]
                  00098314    00000236     httpd_cgi.obj (.const:.string)
                  0009854a    0000022b     fs.obj (.const:.string:data_404_html)
                  00098775    00000220     fs.obj (.const:.string:data_src_hidden_shtml)
                  00098995    00000001     --HOLE-- [fill = 0]
                  00098996    00000200     sw_crc.obj (.const:g_pui16Crc16)
                  00098b96    0000014a     fs.obj (.const:.string:data_src_Header_EN_gif)
                  00098ce0    0000014a     fs.obj (.const:.string:data_src_Header_PN_gif)
                  00098e2a    00000002     --HOLE-- [fill = 0]
                  00098e2c    00000120     sysctl.obj (.const:g_pppui32XTALtoVCO)
                  00098f4c    00000102     fs.obj (.const:.string:data_src_flowrate_lpm_gif)
                  0009904e    00000101     rtsv7M4_T_le_v4SPD16_eabi.lib : ctype.obj (.const:.string:_ctypes_)
                  0009914f    00000100     sw_crc.obj (.const:.string:g_pui8Crc8CCITT)
                  0009924f    000000d5     fs.obj (.const:.string:data_src_flowrate_8_gif)
                  00099324    000000d0     fs.obj (.const:.string:data_src_Header_IO_gif)
                  000993f4    000000d0     fs.obj (.const:.string:data_src_flowrate_6_gif)
                  000994c4    000000cf     fs.obj (.const:.string:data_src_flowrate_0_gif)
                  00099593    000000cf     fs.obj (.const:.string:data_src_flowrate_9_gif)
                  00099662    000000c9     fs.obj (.const:.string:data_src_flowrate_3_gif)
                  0009972b    000000c9     fs.obj (.const:.string:data_src_flowrate_5_gif)
                  000997f4    000000c0     fs.obj (.const:.string:data_src_flowrate_2_gif)
                  000998b4    000000c0     gpio.obj (.const:g_ppui32GPIOIntMapBlizzard)
                  00099974    000000c0     gpio.obj (.const:g_ppui32GPIOIntMapSnowflake)
                  00099a34    000000ba     fs.obj (.const:.string:data_src_flowrate_4_gif)
                  00099aee    000000aa     fs.obj (.const:.string:data_src_flowrate_1_gif)
                  00099b98    000000a7     fs.obj (.const:.string:data_src_flowrate_7_gif)
                  00099c3f    00000001     --HOLE-- [fill = 0]
                  00099c40    0000009c     interrupt.obj (.const:g_pui32Regs)
                  00099cdc    00000004     ws_func.obj (.const:.string:$P$T0$1)
                  00099ce0    00000098     rtsv7M4_T_le_v4SPD16_eabi.lib : strtod.obj (.const:$O1$$)
                  00099d78    00000090     gpio.obj (.const:g_pui32GPIOBaseAddrs)
                  00099e08    00000088     httpd.obj (.const:g_psHTTPHeaders)
                  00099e90    00000076     tcp.obj (.const:.string)
                  00099f06    00000002     --HOLE-- [fill = 0]
                  00099f08    0000006c     sysctl.obj (.const:g_pui32Xtals)
                  00099f74    0000006a     fs.obj (.const:.string:data_src_flowrate_dot_gif)
                  00099fde    00000002     --HOLE-- [fill = 0]
                  00099fe0    00000068     httpd.obj (.const:g_psHTTPHeaderStrings)
                  0009a048    00000064     httpd_cgi.obj (.const:.string:$P$T0$1)
                  0009a0ac    00000060     timer.obj (.const:g_ppui32TimerIntMap)
                  0009a10c    00000048     fs.obj (.const:.string:data_src_flowrate_blank_gif)
                  0009a154    00000046     fs.obj (.const:.string:data_src_Header_Blank_gif)
                  0009a19a    00000002     --HOLE-- [fill = 0]
                  0009a19c    00000040     timer.obj (.const:g_ppui32TimerIntMapSnowflake)
                  0009a1dc    00000040     uart.obj (.const:g_ppui32UARTIntMap)
                  0009a21c    00000040     uart.obj (.const:g_ppui32UARTIntMapSnowflake)
                  0009a25c    00000040     flash.obj (.const:g_pui32FMPPERegs)
                  0009a29c    00000040     flash.obj (.const:g_pui32FMPRERegs)
                  0009a2dc    0000003d     fs.obj (.const:.string:data_src_blank_gif)
                  0009a319    00000003     --HOLE-- [fill = 0]
                  0009a31c    00000030     sysctl.obj (.const:g_sXTALtoMEMTIM)
                  0009a34c    0000002c     tcp.obj (.const:tcp_state_str)
                  0009a378    00000028     httpd.obj (.const:g_psDefaultFilenames)
                  0009a3a0    00000020     ssi.obj (.const:g_ppui32SSIIntMap)
                  0009a3c0    00000020     ssi.obj (.const:g_ppui32SSIIntMapSnowflake)
                  0009a3e0    00000020     interrupt.obj (.const:g_pui32Priority)
                  0009a400    0000001e     fs.obj (.const:.string:data_src_empty_shtml)
                  0009a41e    00000002     --HOLE-- [fill = 0]
                  0009a420    00000018     emac.obj (.const:g_pi16MIIClockDiv)
                  0009a438    00000014     fs.obj (.const:file_404_html)
                  0009a44c    00000014     fs.obj (.const:file_config_shtml)
                  0009a460    00000014     fs.obj (.const:file_index_shtml)
                  0009a474    00000014     fs.obj (.const:file_internal_shtml)
                  0009a488    00000014     fs.obj (.const:file_src_Header_Blank_gif)
                  0009a49c    00000014     fs.obj (.const:file_src_Header_EN_gif)
                  0009a4b0    00000014     fs.obj (.const:file_src_Header_FlexFlow_gif)
                  0009a4c4    00000014     fs.obj (.const:file_src_Header_IO_gif)
                  0009a4d8    00000014     fs.obj (.const:file_src_Header_PN_gif)
                  0009a4ec    00000014     fs.obj (.const:file_src_Header_SmartFlow_gif)
                  0009a500    00000014     fs.obj (.const:file_src_XFlow_WebServer_shtml)
                  0009a514    00000014     fs.obj (.const:file_src_blank_gif)
                  0009a528    00000014     fs.obj (.const:file_src_btn_bypass_gif)
                  0009a53c    00000014     fs.obj (.const:file_src_btn_reset_gif)
                  0009a550    00000014     fs.obj (.const:file_src_btn_setup_gif)
                  0009a564    00000014     fs.obj (.const:file_src_btn_valve_gif)
                  0009a578    00000014     fs.obj (.const:file_src_controls_shtml)
                  0009a58c    00000014     fs.obj (.const:file_src_empty_shtml)
                  0009a5a0    00000014     fs.obj (.const:file_src_flowrate_0_gif)
                  0009a5b4    00000014     fs.obj (.const:file_src_flowrate_1_gif)
                  0009a5c8    00000014     fs.obj (.const:file_src_flowrate_2_gif)
                  0009a5dc    00000014     fs.obj (.const:file_src_flowrate_3_gif)
                  0009a5f0    00000014     fs.obj (.const:file_src_flowrate_4_gif)
                  0009a604    00000014     fs.obj (.const:file_src_flowrate_5_gif)
                  0009a618    00000014     fs.obj (.const:file_src_flowrate_6_gif)
                  0009a62c    00000014     fs.obj (.const:file_src_flowrate_7_gif)
                  0009a640    00000014     fs.obj (.const:file_src_flowrate_8_gif)
                  0009a654    00000014     fs.obj (.const:file_src_flowrate_9_gif)
                  0009a668    00000014     fs.obj (.const:file_src_flowrate_blank_gif)
                  0009a67c    00000014     fs.obj (.const:file_src_flowrate_dot_gif)
                  0009a690    00000014     fs.obj (.const:file_src_flowrate_lpm_gif)
                  0009a6a4    00000014     fs.obj (.const:file_src_hidden_shtml)
                  0009a6b8    00000014     fs.obj (.const:file_src_info_set_default_shtml)
                  0009a6cc    00000014     fs.obj (.const:file_src_info_set_shtml)
                  0009a6e0    00000014     fs.obj (.const:file_src_info_setup_title_gif)
                  0009a6f4    00000014     fs.obj (.const:file_src_info_shtml)
                  0009a708    00000014     fs.obj (.const:file_src_info_st_3_gif)
                  0009a71c    00000014     fs.obj (.const:file_src_info_st_4_gif)
                  0009a730    00000014     fs.obj (.const:file_src_info_st_5_gif)
                  0009a744    00000014     fs.obj (.const:file_src_info_st_6_gif)
                  0009a758    00000014     fs.obj (.const:file_src_info_st_7_gif)
                  0009a76c    00000014     fs.obj (.const:file_src_info_st_9_gif)
                  0009a780    00000014     fs.obj (.const:file_src_info_valvefault_gif)
                  0009a794    00000014     fs.obj (.const:file_src_status_detection_0_gif)
                  0009a7a8    00000014     fs.obj (.const:file_src_status_detection_1_gif)
                  0009a7bc    00000014     fs.obj (.const:file_src_status_detection_2_gif)
                  0009a7d0    00000014     fs.obj (.const:file_src_status_flow_0_gif)
                  0009a7e4    00000014     fs.obj (.const:file_src_status_flow_1_gif)
                  0009a7f8    00000014     fs.obj (.const:file_src_status_flow_2_gif)
                  0009a80c    00000014     fs.obj (.const:file_src_status_flow_3_gif)
                  0009a820    00000014     fs.obj (.const:file_src_status_leakdetected_gif)
                  0009a834    00000014     fs.obj (.const:file_src_status_shtml)
                  0009a848    00000014     fs.obj (.const:file_src_status_valve_closed_gif)
                  0009a85c    00000014     fs.obj (.const:file_src_status_valve_closed_locked_gif)
                  0009a870    00000014     fs.obj (.const:file_src_status_valve_fault_gif)
                  0009a884    00000014     fs.obj (.const:file_src_status_valve_open_gif)
                  0009a898    00000014     httpd.obj (.const:g_pcSSIExtensions)
                  0009a8ac    00000014     interrupt.obj (.const:g_pui32Dii16Regs)
                  0009a8c0    00000014     interrupt.obj (.const:g_pui32EnRegs)
                  0009a8d4    00000014     interrupt.obj (.const:g_pui32PendRegs)
                  0009a8e8    00000014     interrupt.obj (.const:g_pui32UnpendRegs)
                  0009a8fc    00000012     uartstdio.obj (.const:.string)
                  0009a90e    00000010     memp.obj (.const:memp_num)
                  0009a91e    00000010     memp.obj (.const:memp_sizes)
                  0009a92e    00000002     --HOLE-- [fill = 0]
                  0009a930    00000010     tcp.obj (.const:tcp_pcb_lists)
                  0009a940    0000000d     tcp.obj (.const:.string:tcp_backoff)
                  0009a94d    00000003     --HOLE-- [fill = 0]
                  0009a950    0000000c     uartstdio.obj (.const:g_ui32UARTBase)
                  0009a95c    0000000c     uartstdio.obj (.const:g_ui32UARTPeriph)
                  0009a968    00000008     hal.obj (.const:HAL_GPIO_LED7)
                  0009a970    00000008     hal.obj (.const:HAL_GPIO_PB1)
                  0009a978    00000008     httpd_cgi.obj (.const:LEDS_CGI)
                  0009a980    00000008     sysctl.obj (.const:g_pui32VCOFrequencies)
                  0009a988    00000008     gpio.obj (.const)
                  0009a990    00000008     httpd.obj (.const)
                  0009a998    00000008     ssi.obj (.const)
                  0009a9a0    00000008     timer.obj (.const)
                  0009a9a8    00000008     uart.obj (.const)
                  0009a9b0    00000007     tcp.obj (.const:.string:tcp_persist_backoff)
                  0009a9b7    00000006     etharp.obj (.const:ethbroadcast)
                  0009a9bd    00000006     etharp.obj (.const:ethzero)
                  0009a9c3    00000001     --HOLE-- [fill = 0]
                  0009a9c4    00000004     ip_addr.obj (.const:ip_addr_any)
                  0009a9c8    00000004     uartstdio.obj (.const)

.cinit     0    0009a9d0    000003e8     
                  0009a9d0    000003ae     (.cinit..data.load) [load image, compression = lzss]
                  0009ad7e    00000002     --HOLE-- [fill = 0]
                  0009ad80    0000000c     (__TI_handler_table)
                  0009ad8c    00000004     --HOLE-- [fill = 0]
                  0009ad90    00000008     (.cinit..bss.load) [load image, compression = zero_init]
                  0009ad98    00000008     (.cinit..vtable.load) [load image, compression = zero_init]
                  0009ada0    00000018     (__TI_cinit_table)

.init_array 
*          0    00060000    00000000     UNINITIALIZED

.vtable    0    20000000    0000026c     UNINITIALIZED
                  20000000    0000026c     interrupt.obj (.vtable)

.bss       0    20000400    0002ea25     UNINITIALIZED
                  20000400    0001001c     (.common:ram_heap)
                  2001041c    00010014     pnio_lib.lib : pn_mem_simple.obj (.bss:memArea)
                  20020430    0000684c     memp.obj (.bss:memp_memory)
                  20026c7c    00000004     adc.obj (.bss:g_pui8OversampleFactor)
                  20026c80    00004780     pnio_lib.lib : pn_rpc.obj (.bss:sessionsArray)
                  2002b400    00000892                  : pn_rpc.obj (.bss:arrRpcReq)
                  2002bc92    00000002     ip.obj (.bss)
                  2002bc94    00000004     raw.obj (.bss)
                  2002bc98    00000510     (.common:lqr_fr1)
                  2002c1a8    00000510     (.common:lqr_fr2)
                  2002c6b8    00000500     pnio_lib.lib : pn_timer.obj (.bss:gTimers)
                  2002cbb8    00000030                  : pn_rpc.obj (.bss:servicesArray)
                  2002cbe8    00000018     ws_func.obj (.bss:ctrl_signal_bus)
                  2002cc00    00000400     (.common:pui8ControlTable)
                  2002d000    000002f8     pnio_lib.lib : pn_device.obj (.bss:subModList)
                  2002d2f8    000002d0                  : pn_diag.obj (.bss:diagBuffer)
                  2002d5c8    00000240     (.common:g_pTxDescriptors)
                  2002d808    00000204                  : pn_lldp.obj (.bss:lldpNvsCfg)
                  2002da0c    000001f4                  : pn_context.obj (.bss:buf$1)
                  2002dc00    000001b0                  : pn_ar.obj (.bss:ar)
                  2002ddb0    00000198                  : pn_alarm.obj (.bss:PN_alarmEps)
                  2002df48    00000188                  : pn_pdev.obj (.bss:expectedARs)
                  2002e0d0    00000120                  : pn_recdata.obj (.bss:PN_recPDPortDataCfg)
                  2002e1f0    00000120     rtsv7M4_T_le_v4SPD16_eabi.lib : trgmsg.obj (.bss:_CIOBUF_)
                  2002e310    00000120     (.common:g_pRxDescriptors)
                  2002e430    00000120     (.common:lwip_stats)
                  2002e550    00000118     pnio_lib.lib : pn_lldp.obj (.bss:remoteDev)
                  2002e668    000000f0     (.common:fs_memory)
                  2002e758    000000c8     etharp.obj (.bss:arp_table)
                  2002e820    000000a0     pnio_lib.lib : pn_crtdata.obj (.bss:arrEP)
                  2002e8c0    000000a0     (.common:__TI_tmpnams)
                  2002e960    00000078     (.common:fls_1)
                  2002e9d8    00000078     (.common:fls_2)
                  2002ea50    00000054                  : pn_device.obj (.bss:moduleList)
                  2002eaa4    00000004     (.common:PN_RPC_socket_rx)
                  2002eaa8    00000050                  : pn_dcp.obj (.bss:dcpState)
                  2002eaf8    00000030     (.common:g_netif)
                  2002eb28    00000028                  : pn_rpc_epm.obj (.bss:sessions)
                  2002eb50    00000020     memp.obj (.bss:memp_tab)
                  2002eb70    00000020     (.common:arrOutputs)
                  2002eb90    00000020     (.common:blockList)
                  2002ebb0    0000001c     pn_oal_eth.obj (.bss)
                  2002ebcc    0000001c     tcp_in.obj (.bss)
                  2002ebe8    0000001c     (.common:gStats)
                  2002ec04    00000018     ws_func.obj (.bss:ctrl_signal_web)
                  2002ec1c    00000018     oal_lwip.obj (.bss:udp_chan_slots)
                  2002ec34    00000018     (.common:ports)
                  2002ec4c    00000018     (.common:sys_led_ms)
                  2002ec64    00000018     (.common:sys_led_ns)
                  2002ec7c    00000010     tcp_in.obj (.bss:inseg)
                  2002ec8c    00000010     ip_addr.obj (.bss:str$1)
                  2002ec9c    00000010     (.common:alive_monitor_1)
                  2002ecac    00000010     (.common:alive_monitor_2)
                  2002ecbc    00000010     (.common:alive_monitor_pn_dcp_cmd)
                  2002eccc    00000010     (.common:localPortID)
                  2002ecdc    00000010     (.common:uuid$1)
                  2002ecec    0000000c     pn_oal_eth.obj (.bss:gEthSendLock)
                  2002ecf8    0000000c     mem.obj (.bss)
                  2002ed04    0000000c     timers.obj (.bss)
                  2002ed10    0000000c     oal_lwip.obj (.bss:udp_chan_mutex)
                  2002ed1c    0000000c     (.common:PN_alarmMtx)
                  2002ed28    0000000c     (.common:apList)
                  2002ed34    0000000c     (.common:arrEP_mutex)
                  2002ed40    0000000c     (.common:gMtxTimer)
                  2002ed4c    0000000c     (.common:rpcMutex)
                  2002ed58    0000000c     (.common:sessionMtx)
                  2002ed64    0000000a     (.common:iodata_in)
                  2002ed6e    0000000a     (.common:iodata_out)
                  2002ed78    00000008     (.common:CGI_TAB)
                  2002ed80    00000008     (.common:parmbuf)
                  2002ed88    00000008     (.common:pin_fs_input_1)
                  2002ed90    00000008     (.common:pin_fs_input_2)
                  2002ed98    00000008     (.common:ts$1)
                  2002eda0    00000004     (.common:PN_RPC_socket_tx)
                  2002eda4    00000004     (.common:PN_lldpEnableTx)
                  2002eda8    00000004     (.common:SystemCoreClock)
                  2002edac    00000004     (.common:cnt$2)
                  2002edb0    00000004     (.common:current_header)
                  2002edb4    00000004     (.common:current_iphdr_dest)
                  2002edb8    00000004     (.common:current_iphdr_src)
                  2002edbc    00000004     (.common:current_netif)
                  2002edc0    00000004     (.common:g_iNumCGIs)
                  2002edc4    00000004     (.common:g_ip_addr)
                  2002edc8    00000004     (.common:g_pCGIs)
                  2002edcc    00000004     (.common:g_ui32AbnormalInts)
                  2002edd0    00000004     (.common:g_ui32ClkFreq)
                  2002edd4    00000004     (.common:g_ui32NormalInts)
                  2002edd8    00000004     (.common:iServerBootTime)
                  2002eddc    00000004     (.common:netif_default)
                  2002ede0    00000004     (.common:netif_list)
                  2002ede4    00000004     (.common:pArg$4)
                  2002ede8    00000004     (.common:pFunc$3)
                  2002edec    00000004     (.common:pMemCrtTxQueue)
                  2002edf0    00000004     (.common:tcp_active_pcbs)
                  2002edf4    00000004     (.common:tcp_bound_pcbs)
                  2002edf8    00000004     (.common:tcp_input_pcb)
                  2002edfc    00000004     (.common:tcp_listen_pcbs)
                  2002ee00    00000004     (.common:tcp_ticks)
                  2002ee04    00000004     (.common:tcp_tmp_pcb)
                  2002ee08    00000004     (.common:tcp_tw_pcbs)
                  2002ee0c    00000004     (.common:temp_restore)
                  2002ee10    00000004     (.common:udp_pcbs)
                  2002ee14    00000002     tcp.obj (.bss)
                  2002ee16    00000001     etharp.obj (.bss)
                  2002ee17    00000001     netif.obj (.bss)
                  2002ee18    00000001     (.common:MAC0)
                  2002ee19    00000001     (.common:MAC1)
                  2002ee1a    00000001     (.common:MAC2)
                  2002ee1b    00000001     (.common:MAC3)
                  2002ee1c    00000001     (.common:MAC4)
                  2002ee1d    00000001     (.common:MAC5)
                  2002ee1e    00000001     (.common:PN_crtStatProbInd)
                  2002ee1f    00000001     (.common:aio_bin_exist_flag)
                  2002ee20    00000001     (.common:aio_bl_config)
                  2002ee21    00000001     (.common:aio_logo_sel)
                  2002ee22    00000001     (.common:aio_network_sel)
                  2002ee23    00000001     (.common:pbuf_free_ooseq_pending)
                  2002ee24    00000001     (.common:tcp_active_pcbs_changed)

.sysmem    0    2002ee28    00004000     UNINITIALIZED
                  2002ee28    00000008     rtsv7M4_T_le_v4SPD16_eabi.lib : memory.obj (.sysmem)
                  2002ee30    00003ff8     --HOLE--

.data      0    20032e28    0000167c     UNINITIALIZED
                  20032e28    00000640     ws_func.obj (.data:qv_flowrate_buf_1)
                  20033468    00000640     ws_func.obj (.data:qv_flowrate_buf_2)
                  20033aa8    00000210     pnio_lib.lib : pn_config.obj (.data:paramKeys)
                  20033cb8    0000019d     ws_func.obj (.data)
                  20033e55    00000001     RandomMAC.obj (.data)
                  20033e56    00000002     udp.obj (.data)
                  20033e58    000000f0     rtsv7M4_T_le_v4SPD16_eabi.lib : defs.obj (.data:_ftable)
                  20033f48    000000d4     httpd_cgi.obj (.data:TAGS)
                  2003401c    00000004     led.obj (.data)
                  20034020    000000c8     ws_func.obj (.data:leak_index_buf)
                  200340e8    00000078     rtsv7M4_T_le_v4SPD16_eabi.lib : write.obj (.data:_device)
                  20034160    00000058     pnio_lib.lib : pn_recdata.obj (.data:PN_recTableRead)
                  200341b8    00000050     rtsv7M4_T_le_v4SPD16_eabi.lib : write.obj (.data:_stream)
                  20034208    00000050     pnio_lib.lib : pn_rpc.obj (.data)
                  20034258    00000040                  : pn_dcp.obj (.data)
                  20034298    00000031     httpd_cgi.obj (.data)
                  200342c9    00000001     pn_oal_eth.obj (.data)
                  200342ca    00000001     pnio_lib.lib : pn_context.obj (.data)
                  200342cb    00000001                  : pn_lmpm.obj (.data)
                  200342cc    00000031                  : pn_rpc_epm.obj (.data)
                  200342fd    00000001                  : pn_net.obj (.data)
                  200342fe    00000001                  : pn_timer.obj (.data)
                  200342ff    00000001     rng.obj (.data)
                  20034300    00000030     pnio_lib.lib : pn_context.obj (.data:rpcServices)
                  20034330    0000002c                  : pn_lldp.obj (.data)
                  2003435c    00000016                  : pn_recdata.obj (.data)
                  20034372    00000014     ws_func.obj (.data:ws_i_ipaddr_text)
                  20034386    00000002     --HOLE--
                  20034388    00000010     bsp_config.obj (.data)
                  20034398    00000010     tivaif.obj (.data:g_RxDescList)
                  200343a8    00000010     tivaif.obj (.data:g_TxDescList)
                  200343b8    00000010     hal.obj (.data)
                  200343c8    00000010     pnio_lib.lib : pn_mem.obj (.data)
                  200343d8    00000010     rtsv7M4_T_le_v4SPD16_eabi.lib : defs.obj (.data)
                  200343e8    0000000e     pnio_lib.lib : pn_config.obj (.data)
                  200343f6    00000002     --HOLE--
                  200343f8    0000000d                  : pn_pdev.obj (.data)
                  20034405    00000003     --HOLE--
                  20034408    0000000c     rtsv7M4_T_le_v4SPD16_eabi.lib : exit.obj (.data:$O1$$)
                  20034414    0000000c                                   : memory.obj (.data:$O1$$)
                  20034420    0000000c     tivaif.obj (.data:g_TivaIfData)
                  2003442c    0000000c     httpd.obj (.data)
                  20034438    0000000c     oal_lwip.obj (.data)
                  20034444    00000009     pnio_main.obj (.data)
                  2003444d    00000003     --HOLE--
                  20034450    00000008     rtsv7M4_T_le_v4SPD16_eabi.lib : _lock.obj (.data:$O1$$)
                  20034458    00000008     flowsensor.obj (.data)
                  20034460    00000008     pnio_lib.lib : pn_device.obj (.data)
                  20034468    00000008     tcp.obj (.data)
                  20034470    00000008     tcp_in.obj (.data)
                  20034478    00000005     uartstdio.obj (.data)
                  2003447d    00000003     --HOLE--
                  20034480    00000004     pn_oal_lock_int.obj (.data)
                  20034484    00000004     pnio_lib.lib : pn_utils.obj (.data)
                  20034488    00000004     rtsv7M4_T_le_v4SPD16_eabi.lib : errno.obj (.data)
                  2003448c    00000004                                   : fopen.obj (.data)
                  20034490    00000004                                   : open.obj (.data)
                  20034494    00000004                                   : rand.obj (.data)
                  20034498    00000004                                   : stkdepth_vars.obj (.data)
                  2003449c    00000004     bsp_config.obj (.data:time_counter)
                  200344a0    00000004     tivaif.obj (.data)

.stack     0    20038000    00008000     UNINITIALIZED
                  20038000    00008000     --HOLE--

MODULE SUMMARY

       Module                          code     ro data   rw data
       ------                          ----     -------   -------
    .\
       tm4c1294ncpdt_startup_ccs.obj   12       520       0      
    +--+-------------------------------+--------+---------+---------+
       Total:                          12       520       0      
                                                                 
    .\TivaWare\driverlib\
       sysctl.obj                      3830     452       0      
       gpio.obj                        2892     536       0      
       emac.obj                        3360     24        0      
       sw_crc.obj                      1496     1792      0      
       adc.obj                         1982     0         4      
       interrupt.obj                   960      268       620    
       timer.obj                       1622     168       0      
       uart.obj                        1592     136       0      
       udma.obj                        1248     0         0      
       eeprom.obj                      1136     0         0      
       flash.obj                       952      128       0      
       ssi.obj                         834      72        0      
       watchdog.obj                    392      0         0      
       fpu.obj                         192      0         0      
       systick.obj                     136      0         0      
       cpu.obj                         62       0         0      
    +--+-------------------------------+--------+---------+---------+
       Total:                          22686    3576      624    
                                                                 
    .\TivaWare\utils\
       uartstdio.obj                   1180     46        5      
    +--+-------------------------------+--------+---------+---------+
       Total:                          1180     46        5      
                                                                 
    .\application\
       ws_func.obj                     6108     4         6473   
       system.obj                      768      0         48     
       flowsensor.obj                  544      0         268    
       led.obj                         576      0         4      
       aio_config.obj                  380      0         8      
       io_data_struct.obj              0        0         20     
       main.obj                        16       0         0      
    +--+-------------------------------+--------+---------+---------+
       Total:                          8392     4         6821   
                                                                 
    .\bsp_userconfig\
       bsp_config.obj                  1068     0         1092   
       bsp_GPIO.obj                    860      0         0      
       dig_led.obj                     792      0         0      
    +--+-------------------------------+--------+---------+---------+
       Total:                          2720     0         1092   
                                                                 
    .\hal\
       hal.obj                         1864     16        20     
    +--+-------------------------------+--------+---------+---------+
       Total:                          1864     16        20     
                                                                 
    .\io_pnio\
       pnio_main.obj                   560      0         9      
    +--+-------------------------------+--------+---------+---------+
       Total:                          560      0         9      
                                                                 
    .\lwip-1.4.1\port\tiva-tm4c129\arch\
       sys_arch.obj                    32       0         0      
    +--+-------------------------------+--------+---------+---------+
       Total:                          32       0         0      
                                                                 
    .\lwip-1.4.1\src\core\
       mem.obj                         1232     0         65576  
       memp.obj                        484      32        26732  
       tcp_in.obj                      6984     0         56     
       tcp.obj                         4832     198       35     
       tcp_out.obj                     4140     0         0      
       pbuf.obj                        2682     0         1      
       udp.obj                         1560     0         6      
       netif.obj                       836      0         9      
       timers.obj                      640      0         12     
       raw.obj                         620      0         4      
       stats.obj                       2        0         288    
       def.obj                         108      0         0      
       init.obj                        32       0         0      
    +--+-------------------------------+--------+---------+---------+
       Total:                          24152    230       92719  
                                                                 
    .\lwip-1.4.1\src\core\ipv4\
       ip.obj                          1024     0         18     
       ip_addr.obj                     964      4         16     
       inet_chksum.obj                 964      0         0      
       icmp.obj                        660      0         0      
    +--+-------------------------------+--------+---------+---------+
       Total:                          3612     4         34     
                                                                 
    .\pnio\pn_oal\
       psnprintf.obj                   5578     0         0      
       etharp.obj                      3356     12        201    
       tivaif.obj                      2312     0         920    
       pn_oal_eth.obj                  1276     0         41     
       oal_lwip.obj                    1116     0         100    
       pn_oal.obj                      588      0         0      
       pn_oal_lock_int.obj             100      0         4      
    +--+-------------------------------+--------+---------+---------+
       Total:                          14326    12        1266   
                                                                 
    .\utilities\
       utilities.obj                   344      0         0      
       rng.obj                         308      0         1      
       RandomMAC.obj                   204      0         7      
       reset.obj                       114      0         0      
    +--+-------------------------------+--------+---------+---------+
       Total:                          970      0         8      
                                                                 
    .\webserver_lwip\
       fs.obj                          376      82421     240    
       httpd.obj                       5020     1404      20     
       httpd_cgi.obj                   4340     674       269    
    +--+-------------------------------+--------+---------+---------+
       Total:                          9736     84499     529    
                                                                 
    C:\ti\ccsv7\tools\compiler\ti-cgt-arm_16.9.4.LTS\lib\rtsv7M4_T_le_v4SPD16_eabi.lib
       _printfi.obj                    4414     0         0      
       memory.obj                      976      0         12     
       strtod.obj                      572      152       0      
       ull_div_t2.obj                  500      0         0      
       fopen.obj                       452      0         4      
       fd_add_t2.obj                   438      0         0      
       defs.obj                        0        0         416    
       trgmsg.obj                      104      0         288    
       fd_div_t2.obj                   310      0         0      
       fputs.obj                       308      0         0      
       fd_cmp_t2.obj                   268      0         0      
       ctype.obj                       0        257       0      
       fd_mul_t2.obj                   252      0         0      
       s_scalbn.obj                    252      0         0      
       s_floor.obj                     248      0         0      
       write.obj                       40       0         200    
       setvbuf.obj                     220      0         0      
       fflush.obj                      200      0         0      
       open.obj                        188      0         4      
       _io_perm.obj                    172      0         0      
       memcpy_t2.obj                   156      0         0      
       fclose.obj                      152      0         0      
       fputc.obj                       152      0         0      
       memset_t2.obj                   122      0         0      
       autoinit.obj                    112      0         0      
       getdevice.obj                   112      0         0      
       printf.obj                      112      0         0      
       fd_tos_t2.obj                   110      0         0      
       hostrename.obj                  108      0         0      
       copy_decompress_lzss.obj        104      0         0      
       hostlseek.obj                   104      0         0      
       hostopen.obj                    96       0         8      
       fseek.obj                       100      0         0      
       s_frexp.obj                     100      0         0      
       exit.obj                        84       0         12     
       sprintf.obj                     96       0         0      
       close.obj                       92       0         0      
       hostread.obj                    88       0         0      
       hostwrite.obj                   88       0         0      
       boot.obj                        84       0         0      
       ltoa.obj                        84       0         0      
       rand.obj                        76       0         4      
       atoi.obj                        76       0         0      
       cpy_tbl.obj                     76       0         0      
       fd_toi_t2.obj                   72       0         0      
       fd_tou_t2.obj                   68       0         0      
       hostclose.obj                   68       0         0      
       hostunlink.obj                  68       0         0      
       u_divt2.obj                     64       0         0      
       fs_tod_t2.obj                   56       0         0      
       strncpy.obj                     54       0         0      
       strstr.obj                      52       0         0      
       i_tofd_t2.obj                   46       0         0      
       strncmp.obj                     44       0         0      
       unlink.obj                      44       0         0      
       lseek.obj                       40       0         0      
       memcmp.obj                      36       0         0      
       memchr.obj                      32       0         0      
       u_tofd_t2.obj                   32       0         0      
       _lock.obj                       20       0         8      
       memccpy.obj                     28       0         0      
       args_main.obj                   24       0         0      
       strcmp.obj                      24       0         0      
       strchr.obj                      22       0         0      
       s_copysign.obj                  20       0         0      
       strcpy.obj                      20       0         0      
       strlen.obj                      20       0         0      
       copy_decompress_none.obj        14       0         0      
       copy_zero_init.obj              12       0         0      
       errno.obj                       0        0         4      
       pre_init.obj                    4        0         0      
       stkdepth_vars.obj               0        0         4      
       i_div0.obj                      2        0         0      
       mpu_init.obj                    2        0         0      
       startup.obj                     2        0         0      
    +--+-------------------------------+--------+---------+---------+
       Total:                          13388    409       964    
                                                                 
    D:/ABB_TI_TM4C1294Ncptd3/ABB_proj/pnio/lib/pnio_lib.lib
       pn_mem_simple.obj               344      0         65556  
       pn_rpc.obj                      4424     0         20650  
       pn_recdata.obj                  7148     0         398    
       pn_pdev.obj                     6532     0         405    
       pn_alarm.obj                    3744     0         420    
       pn_dcp.obj                      3184     0         176    
       pn_diag.obj                     2492     0         720    
       pn_lldp.obj                     2228     0         860    
       pn_iodata.obj                   2872     0         0      
       pn_context.obj                  2252     0         549    
       pn_crtdata.obj                  2128     0         177    
       pn_timer.obj                    772      0         1313   
       pn_device.obj                   1168     0         864    
       pn_rpc_epm.obj                  1832     0         141    
       pn_ar.obj                       1108     0         432    
       pn_config.obj                   936      0         542    
       pn_mem.obj                      1040     0         16     
       pn_recdata_diag.obj             656      0         0      
       pn_net.obj                      636      0         1      
       pn_lmpm.obj                     568      0         33     
       pn_utils.obj                    548      0         4      
       pn_recdata_log.obj              224      0         0      
       pn_lock.obj                     204      0         0      
       pn_stat.obj                     40       0         28     
       pn_cmsm.obj                     6        0         0      
    +--+-------------------------------+--------+---------+---------+
       Total:                          47086    0         93285  
                                                                 
       Heap:                           0        0         16384  
       Stack:                          0        0         32768  
       Linker Generated:               0        994       0      
    +--+-------------------------------+--------+---------+---------+
       Grand Total:                    150716   90310     246528 


LINKER GENERATED COPY TABLES

__TI_cinit_table @ 0009ada0 records: 3, size/record: 8, table size: 24
	.data: load addr=0009a9d0, load size=000003ae bytes, run addr=20032e28, run size=0000167c bytes, compression=lzss
	.bss: load addr=0009ad90, load size=00000008 bytes, run addr=20000400, run size=0002ea25 bytes, compression=zero_init
	.vtable: load addr=0009ad98, load size=00000008 bytes, run addr=20000000, run size=0000026c bytes, compression=zero_init


LINKER GENERATED HANDLER TABLE

__TI_handler_table @ 0009ad80 records: 3, size/record: 4, table size: 12
	index: 0, handler: __TI_zero_init
	index: 1, handler: __TI_decompress_lzss
	index: 2, handler: __TI_decompress_none


GLOBAL SYMBOLS: SORTED ALPHABETICALLY BY Name 

address   name                                        
-------   ----                                        
00078393  ADCBusy                                     
000783db  ADCClockConfigGet                           
000783b1  ADCClockConfigSet                           
000781b3  ADCComparatorConfigure                      
00078283  ADCComparatorIntClear                       
00078239  ADCComparatorIntDisable                     
00078257  ADCComparatorIntEnable                      
00078275  ADCComparatorIntStatus                      
000781cf  ADCComparatorRegionSet                      
000781f3  ADCComparatorReset                          
00078181  ADCHardwareOversampleConfigure              
00077d97  ADCIntClear                                 
000782fb  ADCIntClearEx                               
00077cfd  ADCIntDisable                               
00078295  ADCIntDisableEx                             
00077d19  ADCIntEnable                                
000782ad  ADCIntEnableEx                              
00077cb7  ADCIntRegister                              
00077d3f  ADCIntStatus                                
000782c9  ADCIntStatusEx                              
00077cdf  ADCIntUnregister                            
0007834d  ADCPhaseDelayGet                            
0007833b  ADCPhaseDelaySet                            
00077ff7  ADCProcessorTrigger                         
00078329  ADCReferenceGet                             
0007830d  ADCReferenceSet                             
00077de1  ADCSequenceConfigure                        
00078377  ADCSequenceDMADisable                       
0007835b  ADCSequenceDMAEnable                        
00077fb5  ADCSequenceDataGet                          
00077dc7  ADCSequenceDisable                          
00077dad  ADCSequenceEnable                           
00077f59  ADCSequenceOverflow                         
00077f71  ADCSequenceOverflowClear                    
00077e65  ADCSequenceStepConfigure                    
00077f87  ADCSequenceUnderflow                        
00077f9f  ADCSequenceUnderflowClear                   
0007801b  ADCSoftwareOversampleConfigure              
00078113  ADCSoftwareOversampleDataGet                
00078053  ADCSoftwareOversampleStepConfigure          
0006c96d  ADC_Handler                                 
0007cf51  AR_deleteAR                                 
0007cfd9  AR_deleteAll                                
0007cc55  AR_findAR                                   
0007cf27  AR_getAR                                    
0007cf3f  AR_getAlarmEP                               
0007cef9  AR_init                                     
0007cd27  AR_processArBlock                           
0007d005  BSP_Init                                    
0007d15b  BSP_Loop                                    
0007d15d  BSP_uDMAControlMemorySet                    
00084855  C$$EXIT                                     
000844cf  C$$IO$$                                     
00077bdf  CD_activateEP                               
00077b5d  CD_closeEP                                  
00077b1d  CD_exchangeOutputBuf                        
00077aad  CD_getData                                  
00077a31  CD_init                                     
00077755  CD_openEP                                   
00077645  CD_setData                                  
0007f1a5  CFG_init                                    
2002ed78  CGI_TAB                                     
00076b43  CM_init                                     
00076955  CM_processServReqPDU                        
00084b69  CPUbasepriGet                               
00084b5b  CPUbasepriSet                               
00084b35  CPUcpsid                                    
00084b4b  CPUcpsie                                    
00084b41  CPUprimask                                  
00084b57  CPUwfi                                      
0007a675  Crc16                                       
0007a81d  Crc16Array                                  
0007a831  Crc16Array3                                 
0007a97d  Crc32                                       
0007a535  Crc8CCITT                                   
0007c0d1  DEV_init                                    
0007d167  DMAError_IntHandler                         
0007c3a9  EEPROMBlockCountGet                         
0007c665  EEPROMBlockHide                             
0007c5f1  EEPROMBlockLock                             
0007c5a9  EEPROMBlockPasswordSet                      
0007c569  EEPROMBlockProtectGet                       
0007c57d  EEPROMBlockProtectSet                       
0007c619  EEPROMBlockUnlock                           
0007c359  EEPROMInit                                  
0007c6f3  EEPROMIntClear                              
0007c6a5  EEPROMIntDisable                            
0007c681  EEPROMIntEnable                             
0007c6c3  EEPROMIntStatus                             
0007c52b  EEPROMMassErase                             
0007c40d  EEPROMProgram                               
0007c4e9  EEPROMProgramNonBlocking                    
0007c3b7  EEPROMRead                                  
0007c39d  EEPROMSizeGet                               
0007c71b  EEPROMStatusGet                             
00070b1f  EMACAddrFilterGet                           
00070add  EMACAddrFilterSet                           
00070a69  EMACAddrGet                                 
00070a13  EMACAddrSet                                 
000709b9  EMACConfigGet                               
0007096f  EMACConfigSet                               
00070ced  EMACDMAStateGet                             
00070b59  EMACFrameFilterGet                          
00070b39  EMACFrameFilterSet                          
00070bb1  EMACHashFilterBitCalculate                  
00070b8f  EMACHashFilterGet                           
00070b75  EMACHashFilterSet                           
0007081d  EMACInit                                    
00070f01  EMACIntClear                                
00070e45  EMACIntDisable                              
00070de1  EMACIntEnable                               
00070db3  EMACIntRegister                             
00070ea5  EMACIntStatus                               
00070dc9  EMACIntUnregister                           
00070acb  EMACNumAddrGet                              
0007090f  EMACPHYConfigSet                            
00070ff9  EMACPHYExtendedRead                         
00071041  EMACPHYExtendedWrite                        
00071091  EMACPHYPowerOff                             
000710bd  EMACPHYPowerOn                              
00070fad  EMACPHYRead                                 
00070f59  EMACPHYWrite                                
00071513  EMACPowerManagementControlGet               
000714eb  EMACPowerManagementControlSet               
00071527  EMACPowerManagementStatusGet                
000714ad  EMACRemoteWakeUpFrameFilterGet              
0007146f  EMACRemoteWakeUpFrameFilterSet              
000708ed  EMACReset                                   
00070c99  EMACRxDMACurrentBufferGet                   
00070c85  EMACRxDMACurrentDescriptorGet               
00070c75  EMACRxDMADescriptorListGet                  
00070c61  EMACRxDMADescriptorListSet                  
00070c4f  EMACRxDMAPollDemand                         
00070d91  EMACRxDisable                               
00070d6f  EMACRxEnable                                
00070c0d  EMACRxWatchdogTimerSet                      
00070c29  EMACStatusGet                               
00071231  EMACTimestampAddendSet                      
00071119  EMACTimestampConfigGet                      
000710e9  EMACTimestampConfigSet                      
00071169  EMACTimestampDisable                        
00071139  EMACTimestampEnable                         
000712b5  EMACTimestampIntStatus                      
0007132d  EMACTimestampPPSCommand                     
00071309  EMACTimestampPPSCommandModeSet              
00071355  EMACTimestampPPSPeriodSet                   
000712c5  EMACTimestampPPSSimpleModeSet               
000711b7  EMACTimestampSysTimeGet                     
00071181  EMACTimestampSysTimeSet                     
000711e7  EMACTimestampSysTimeUpdate                  
0007129d  EMACTimestampTargetIntDisable               
00071285  EMACTimestampTargetIntEnable                
0007125d  EMACTimestampTargetSet                      
00070cdd  EMACTxDMACurrentBufferGet                   
00070ccd  EMACTxDMACurrentDescriptorGet               
00070cbd  EMACTxDMADescriptorListGet                  
00070ca9  EMACTxDMADescriptorListSet                  
00070c3d  EMACTxDMAPollDemand                         
00070d4d  EMACTxDisable                               
00070d2b  EMACTxEnable                                
00070d01  EMACTxFlush                                 
000713f3  EMACVLANHashFilterBitCalculate              
0007145f  EMACVLANHashFilterGet                       
0007144b  EMACVLANHashFilterSet                       
0007138f  EMACVLANRxConfigGet                         
00071373  EMACVLANRxConfigSet                         
000713cf  EMACVLANTxConfigGet                         
000713b1  EMACVLANTxConfigSet                         
00083ad7  FPUDisable                                  
00083ac5  FPUEnable                                   
00083b43  FPUFlushToZeroModeSet                       
00083b0f  FPUHalfPrecisionModeSet                     
00083af7  FPULazyStackingEnable                       
00083b29  FPUNaNModeSet                               
00083b5d  FPURoundingModeSet                          
00083b03  FPUStackingDisable                          
00083ae5  FPUStackingEnable                           
0007edb5  FlashAllUserRegisterGet                     
0007ede7  FlashAllUserRegisterSet                     
0007eb59  FlashErase                                  
0007eecd  FlashIntClear                               
0007ee91  FlashIntDisable                             
0007ee79  FlashIntEnable                              
0007ee55  FlashIntRegister                            
0007eeb1  FlashIntStatus                              
0007ee69  FlashIntUnregister                          
0007eb93  FlashProgram                                
0007ec15  FlashProtectGet                             
0007ed49  FlashProtectSave                            
0007ec89  FlashProtectSet                             
0007ed7d  FlashUserGet                                
0007ee21  FlashUserSave                               
0007ed9b  FlashUserSet                                
000739ef  GPIOADCTriggerDisable                       
000739d1  GPIOADCTriggerEnable                        
000739b3  GPIODMATriggerDisable                       
00073995  GPIODMATriggerEnable                        
00072f87  GPIODirModeGet                              
00072f2b  GPIODirModeSet                              
00080423  GPIOE_ISR                                   
000734f7  GPIOIntClear                                
000734bb  GPIOIntDisable                              
000734a1  GPIOIntEnable                               
0007350b  GPIOIntRegister                             
000734d5  GPIOIntStatus                               
00073077  GPIOIntTypeGet                              
00072fd3  GPIOIntTypeSet                              
00073529  GPIOIntUnregister                           
00080421  GPIOJ_ISR                                   
0007334f  GPIOPadConfigGet                            
00073115  GPIOPadConfigSet                            
00073937  GPIOPinConfigure                            
00073543  GPIOPinRead                                 
0007357b  GPIOPinTypeADC                              
0007359f  GPIOPinTypeCAN                              
000735c3  GPIOPinTypeComparator                       
000735e7  GPIOPinTypeComparatorOutput                 
0007360b  GPIOPinTypeDIVSCLK                          
0007362f  GPIOPinTypeEPI                              
00073653  GPIOPinTypeEthernetLED                      
00073677  GPIOPinTypeEthernetMII                      
0007369b  GPIOPinTypeGPIOInput                        
000736bf  GPIOPinTypeGPIOOutput                       
000736e3  GPIOPinTypeGPIOOutputOD                     
00073707  GPIOPinTypeHibernateRTCCLK                  
0007372b  GPIOPinTypeI2C                              
0007374f  GPIOPinTypeI2CSCL                           
00073773  GPIOPinTypeLCD                              
00073797  GPIOPinTypeOneWire                          
000737bb  GPIOPinTypePWM                              
000737df  GPIOPinTypeQEI                              
00073803  GPIOPinTypeSSI                              
00073827  GPIOPinTypeTimer                            
0007384b  GPIOPinTypeTrace                            
0007386f  GPIOPinTypeUART                             
00073893  GPIOPinTypeUSBAnalog                        
000738b7  GPIOPinTypeUSBDigital                       
000738db  GPIOPinTypeWakeHigh                         
00073901  GPIOPinTypeWakeLow                          
00073927  GPIOPinWakeStatus                           
0007355b  GPIOPinWrite                                
0007fbbf  GPIO_ConfigInterrupt                        
0007fc45  GPIO_GetAndClearInt                         
0007f963  GPIO_Tag2PinData                            
0007f93f  GPIO_Tag2PinInfo                            
00084db9  GPIO_TagConfigProperties                    
0007f995  GPIO_TagConfigPropertiesAF                  
0007fa8f  GPIO_TagRead                                
0007faaf  GPIO_TagStateRead                           
0007fb49  GPIO_TagStateWriteOnce                      
0007fb85  GPIO_TagToggle                              
0007fac9  GPIO_TagWrite                               
0007fb1f  GPIO_TagWriteOnce                           
0007faf9  GPIO_TagWritePort                           
0007890b  HAL_GPIOPinRead                             
00078931  HAL_GPIOPinToggle                           
000788d9  HAL_GPIOPinWrite                            
0009a968  HAL_GPIO_LED7                               
0009a970  HAL_GPIO_PB1                                
00078981  HAL_emptySpiFifo                            
00078993  HAL_enableSPICommunication                  
0007841d  HAL_setup                                   
000784a3  HAL_setupClockFreq                          
000789ed  HAL_setupEthernet                           
000784dd  HAL_setupGpio                               
0007848f  HAL_setupIntPriority                        
000789b5  HAL_setupSysTick                            
00078a7d  HAL_setupTimer0                             
0007895b  HAL_setupUart                               
00084a6d  HOSTclose                                   
00084439  HOSTlseek                                   
00084635  HOSTopen                                    
00084751  HOSTread                                    
00084365  HOSTrename                                  
00084ab1  HOSTunlink                                  
000847a9  HOSTwrite                                   
20034472  HTTP_CONFILICT_ENABLE                       
000744fd  IOD_GetInputData                            
000744b1  IOD_GetOutputData                           
000651ad  IOD_Init                                    
200343f9  IOD_InitDone                                
00074413  IOD_SetInputData                            
0007f177  IOD_cfgClr                                  
0007f135  IOD_cfgClrPat                               
0007f0dd  IOD_cfgCopy                                 
0007f09f  IOD_cfgGet                                  
0007f061  IOD_cfgGetLenConst                          
0007f019  IOD_cfgGetValLen                            
0007efd3  IOD_cfgMatch                                
0007efcb  IOD_cfgSet                                  
0007efc3  IOD_cfgSetLen                               
0007ef11  IOD_cfgWrite                                
0007bf19  IOD_devNewAP                                
0007c017  IOD_devNewModule                            
0007bf6b  IOD_devNewSlot                              
0007c05b  IOD_devNewSubModule                         
0007c23d  IOD_devNewSubSlot                           
0007cc3f  IOD_getARCount                              
0007cc21  IOD_getControllerAR                         
00064f9b  IOD_isStackInitialized                      
00065075  IOD_plugModule                              
000650d1  IOD_plugSubModule                           
0006500f  IOD_pullModule                              
00064fa1  IOD_pullSubModule                           
0007629d  IOD_sendApplReady                           
00064f79  IOD_shutdown                                
00073df9  IO_createIOCS                               
00073d5f  IO_createIODataObj                          
000740e1  IO_processIOCRBlock                         
00073b89  IO_startCyclicComm                          
00075985  InitDMADescriptors                          
0007e959  IntDisable                                  
0007e8e7  IntEnable                                   
0007e9cb  IntIsEnabled                                
0007e7ab  IntMasterDisable                            
0007e79b  IntMasterEnable                             
0007eac1  IntPendClear                                
0007ea51  IntPendSet                                  
0007e8c3  IntPriorityGet                              
0007e83b  IntPriorityGroupingGet                      
0007e821  IntPriorityGroupingSet                      
0007eb1b  IntPriorityMaskGet                          
0007eb0f  IntPriorityMaskSet                          
0007e873  IntPrioritySet                              
0007e7bb  IntRegister                                 
00066605  IntTimer4Handler                            
00080495  IntTimer5Handler                            
0007eb23  IntTrigger                                  
0007e80d  IntUnregister                               
0009a978  LEDS_CGI                                    
0006d495  LEDS_CGI_Handler                            
00081b17  LMPM_shutdown                               
00081913  LM_fillMacHdr                               
00081a41  LM_handleCyclic                             
000819ad  LM_handleNonCyclic                          
00081997  LM_init                                     
00081971  LM_schedule                                 
00081953  LM_submitART                                
000818ed  LM_unschedule                               
0007c811  LwIPEthernetIntHandler                      
2002ee18  MAC0                                        
2002ee19  MAC1                                        
2002ee1a  MAC2                                        
2002ee1b  MAC3                                        
2002ee1c  MAC4                                        
2002ee1d  MAC5                                        
0007d81b  MM_init                                     
0007d817  MM_isQueueEmpty                             
0007d813  MM_isQueueFull                              
2003429c  NONE                                        
0007d501  OAL_QAddElemToQueue                         
0007d6eb  OAL_QGetElemFromQueue                       
0007ab0d  OAL_ethBufferInit                           
0007ab59  OAL_ethInit                                 
00081229  OAL_ethMAUType                              
00081287  OAL_ethMAUTypeSet                           
000813f7  OAL_ethMulticastAdd                         
00081407  OAL_ethMulticastDel                         
0008129b  OAL_ethPortState                            
000812c5  OAL_ethPortStateSet                         
[...]
00084801  _c_int00                                    
00084855  C$$EXIT                                     
00084859  abort                                       
00084861  exit                                        
000848a9  ltoa                                        
000848fd  atoi                                        
00084949  copy_in                                     
00084995  srand                                       
000849ab  rand                                        
000849e1  __aeabi_d2iz                                
00084a29  __aeabi_d2uiz                               
00084a6d  HOSTclose                                   
00084ab1  HOSTunlink                                  
00084af5  __aeabi_uidiv                               
00084af5  __aeabi_uidivmod                            
00084b35  CPUcpsid                                    
00084b41  CPUprimask                                  
00084b4b  CPUcpsie                                    
00084b57  CPUwfi                                      
00084b5b  CPUbasepriSet                               
00084b69  CPUbasepriGet                               
00084b73  __aeabi_f2d                                 
00084bab  strncpy                                     
00084be1  strstr                                      
00084c15  __aeabi_i2d                                 
00084c43  strncmp                                     
00084c71  remove                                      
00084c71  unlink                                      
00084c9d  PN_statInit                                 
00084ca7  PN_statInc                                  
00084cc5  lseek                                       
00084ced  write                                       
00084d15  memcmp                                      
00084d39  lwip_init                                   
00084d59  memchr                                      
00084d79  __aeabi_ui2d                                
00084d99  sys_now                                     
00084d9d  sys_arch_protect                            
00084da5  sys_arch_unprotect                          
00084db9  GPIO_TagConfigProperties                    
00084dd7  memccpy                                     
00084df5  _args_main                                  
00084e0d  strcmp                                      
00084e25  strchr                                      
00084e3d  _register_unlock                            
00084e43  _register_lock                              
00084e4b  _nop                                        
00084e51  copysign                                    
00084e51  copysignl                                   
00084e65  strcpy                                      
00084e79  strlen                                      
00084e8d  main                                        
00084e9d  __TI_decompress_none                        
00084eab  __TI_zero_init                              
00084eb7  ResetISR                                    
00084ec3  SysCtlDelay                                 
00084ec9  PN_cmsmRecRd                                
00084ecf  _system_pre_init                            
0009904e  _ctypes_                                    
0009a34c  tcp_state_str                               
0009a378  g_psDefaultFilenames                        
0009a438  file_404_html                               
0009a44c  file_config_shtml                           
0009a460  file_index_shtml                            
0009a474  file_internal_shtml                         
0009a488  file_src_Header_Blank_gif                   
0009a49c  file_src_Header_EN_gif                      
0009a4b0  file_src_Header_FlexFlow_gif                
0009a4c4  file_src_Header_IO_gif                      
0009a4d8  file_src_Header_PN_gif                      
0009a4ec  file_src_Header_SmartFlow_gif               
0009a500  file_src_XFlow_WebServer_shtml              
0009a514  file_src_blank_gif                          
0009a528  file_src_btn_bypass_gif                     
0009a53c  file_src_btn_reset_gif                      
0009a550  file_src_btn_setup_gif                      
0009a564  file_src_btn_valve_gif                      
0009a578  file_src_controls_shtml                     
0009a58c  file_src_empty_shtml                        
0009a5a0  file_src_flowrate_0_gif                     
0009a5b4  file_src_flowrate_1_gif                     
0009a5c8  file_src_flowrate_2_gif                     
0009a5dc  file_src_flowrate_3_gif                     
0009a5f0  file_src_flowrate_4_gif                     
0009a604  file_src_flowrate_5_gif                     
0009a618  file_src_flowrate_6_gif                     
0009a62c  file_src_flowrate_7_gif                     
0009a640  file_src_flowrate_8_gif                     
0009a654  file_src_flowrate_9_gif                     
0009a668  file_src_flowrate_blank_gif                 
0009a67c  file_src_flowrate_dot_gif                   
0009a690  file_src_flowrate_lpm_gif                   
0009a6a4  file_src_hidden_shtml                       
0009a6b8  file_src_info_set_default_shtml             
0009a6cc  file_src_info_set_shtml                     
0009a6e0  file_src_info_setup_title_gif               
0009a6f4  file_src_info_shtml                         
0009a708  file_src_info_st_3_gif                      
0009a71c  file_src_info_st_4_gif                      
0009a730  file_src_info_st_5_gif                      
0009a744  file_src_info_st_6_gif                      
0009a758  file_src_info_st_7_gif                      
0009a76c  file_src_info_st_9_gif                      
0009a780  file_src_info_valvefault_gif                
0009a794  file_src_status_detection_0_gif             
0009a7a8  file_src_status_detection_1_gif             
0009a7bc  file_src_status_detection_2_gif             
0009a7d0  file_src_status_flow_0_gif                  
0009a7e4  file_src_status_flow_1_gif                  
0009a7f8  file_src_status_flow_2_gif                  
0009a80c  file_src_status_flow_3_gif                  
0009a820  file_src_status_leakdetected_gif            
0009a834  file_src_status_shtml                       
0009a848  file_src_status_valve_closed_gif            
0009a85c  file_src_status_valve_closed_locked_gif     
0009a870  file_src_status_valve_fault_gif             
0009a884  file_src_status_valve_open_gif              
0009a898  g_pcSSIExtensions                           
0009a930  tcp_pcb_lists                               
0009a940  tcp_backoff                                 
0009a968  HAL_GPIO_LED7                               
0009a970  HAL_GPIO_PB1                                
0009a978  LEDS_CGI                                    
0009a990  g_pcTagLeadIn                               
0009a994  g_pcTagLeadOut                              
0009a9b0  tcp_persist_backoff                         
0009a9b7  ethbroadcast                                
0009a9bd  ethzero                                     
0009a9c4  ip_addr_any                                 
0009a9d0  __TI_static_base__                          
0009ad80  __TI_Handler_Table_Base                     
0009ad8c  __TI_Handler_Table_Limit                    
0009ada0  __TI_CINIT_Base                             
0009adb8  __TI_CINIT_Limit                            
20000000  g_pfnRAMVectors                             
20000400  ram_heap                                    
2002bc98  lqr_fr1                                     
2002c1a8  lqr_fr2                                     
2002cc00  pui8ControlTable                            
2002d5c8  g_pTxDescriptors                            
2002e0d0  PN_recPDPortDataCfg                         
2002e1f0  __CIOBUF_                                   
2002e310  g_pRxDescriptors                            
2002e430  lwip_stats                                  
2002e668  fs_memory                                   
2002e8c0  __TI_tmpnams                                
2002e960  fls_1                                       
2002e9d8  fls_2                                       
2002ea50  moduleList                                  
2002eaf8  g_netif                                     
2002ec4c  sys_led_ms                                  
2002ec64  sys_led_ns                                  
2002ec9c  alive_monitor_1                             
2002ecac  alive_monitor_2                             
2002ecbc  alive_monitor_pn_dcp_cmd                    
2002ed28  apList                                      
2002ed64  iodata_in                                   
2002ed6e  iodata_out                                  
2002ed78  CGI_TAB                                     
2002ed80  parmbuf                                     
2002ed88  pin_fs_input_1                              
2002ed90  pin_fs_input_2                              
2002eda8  SystemCoreClock                             
2002edb0  current_header                              
2002edb4  current_iphdr_dest                          
2002edb8  current_iphdr_src                           
2002edbc  current_netif                               
2002edc0  g_iNumCGIs                                  
2002edc4  g_ip_addr                                   
2002edc8  g_pCGIs                                     
2002edcc  g_ui32AbnormalInts                          
2002edd0  g_ui32ClkFreq                               
2002edd4  g_ui32NormalInts                            
2002eddc  netif_default                               
2002ede0  netif_list                                  
2002edf0  tcp_active_pcbs                             
2002edf4  tcp_bound_pcbs                              
2002edf8  tcp_input_pcb                               
2002edfc  tcp_listen_pcbs                             
2002ee00  tcp_ticks                                   
2002ee04  tcp_tmp_pcb                                 
2002ee08  tcp_tw_pcbs                                 
2002ee0c  temp_restore                                
2002ee10  udp_pcbs                                    
2002ee18  MAC0                                        
2002ee19  MAC1                                        
2002ee1a  MAC2                                        
2002ee1b  MAC3                                        
2002ee1c  MAC4                                        
2002ee1d  MAC5                                        
2002ee1f  aio_bin_exist_flag                          
2002ee20  aio_bl_config                               
2002ee21  aio_logo_sel                                
2002ee22  aio_network_sel                             
2002ee23  pbuf_free_ooseq_pending                     
2002ee24  tcp_active_pcbs_changed                     
2002ee28  _sys_memory                                 
20032e28  qv_flowrate_buf_1                           
20033468  qv_flowrate_buf_2                           
20033cb8  debug_count_status                          
20033cbc  debug_count_ack                             
20033cc0  debug_count_status_changed                  
20033cc4  debug_last_status                           
20033cc8  debug_sensor_error_count                    
20033ccc  debug_flow_fault_error_count                
20033cd0  ws_is_new_ipaddr_configured                 
20033cd1  ws_i_cmd_reset                              
20033cd2  ws_i_cmd_valve_on                           
20033cd3  ws_i_cmd_bypass                             
20033cd4  ws_i_cmd_brwr_write_access                  
20033cd5  ws_io_cmd_reset                             
20033cd6  ws_io_cmd_valve_on                          
20033cd7  ws_io_cmd_bypass                            
20033cd8  ws_i_web_reset                              
20033cd9  ws_i_web_valveon                            
20033cda  ws_i_web_bypass                             
20033cdb  ws_i_bus_reset                              
20033cdc  ws_i_bus_valveon                            
20033cdd  ws_i_bus_bypass                             
20033cde  ws_should_ack                               
20033cdf  ws_valve_is_auto_off                        
20033ce0  param_should_update                         
20033ce8  ws_i_warning_flow                           
20033cf0  ws_i_fault_flow                             
20033cf8  ws_i_stablization_delay                     
20033d00  ws_i_startup_leak                           
20033d08  ws_i_cmd_leak_response                      
20033d0c  isNewInternalSetting                        
20033d0d  isThereNewCtrParas                          
20033d10  ws_def_warning_flow                         
20033d18  ws_def_fault_flow                           
20033d20  ws_def_stablization_delay                   
20033d28  ws_def_startup_leak                         
20033d30  ws_def_cmd_leak_response                    
20033d31  ws_isNewIPAddr                              
20033d32  ws_is_ip_change_success                     
20033d33  ws_attr_err_flag                            
20033d34  ws_valveon_timestamp                        
20033d38  ws_flag_after_startup_delay                 
20033d40  ws_i_startup_leak_in_flowvolme_for_detection
20033d48  qv_flowrate_1                               
20033d50  qv_flowrate_2                               
20033d58  leak_index_average                          
20033d68  threshold_deviation_aver                    
20033d70  threshold_deviation_int                     
20033d78  ws_para_sense_quantized_index               
20033d80  threshold_leak_detection_quantized_index    
20033d88  ws_o_current_flow                           
20033d90  ws_o_is_valve_on                            
20033d91  ws_o_is_Bypassed                            
20033d92  ws_o_is_leak_detected                       
20033d93  ws_o_is_flow_warning                        
20033d94  ws_o_is_flow_fault                          
20033d95  ws_o_is_flow_ok                             
20033d96  ws_o_inflow_status_index                    
20033d97  ws_o_is_oktoweld                            
20033d98  ws_o_is_minflow                             
20033d99  ws_o_is_caploss                             
20033d9a  ws_o_status_index                           
20033d9b  ws_web_datalog_alive                        
20033d9c  ws_web_datalog_alive_cnt                    
20033da0  flow_dev_aver                               
20033da8  flow_dev_aver_quar                          
20033db0  flow_dev_int                                
20033db8  flow_aver_1                                 
20033dc0  flow_aver_2                                 
20033dc8  flow_linear_translatin                      
20033dd0  test                                        
20033dd8  flow_aver_1_quar                            
20033de0  flow_aver_2_quar                            
20033de8  leak_detection_quantized_index              
20033df0  dif_flowrate_ramp                           
20033df8  ws_def_dif_flowrate_ramp                    
20033e00  leak_index_with_est                         
20033e08  flowrate_benchmark_1                        
20033e10  fr_bm_candidate_1                           
20033e18  pre_fr_bm_1                                 
20033e20  flowrate_benchmark_2                        
20033e28  fr_bm_candidate_2                           
20033e30  pre_fr_bm_2                                 
20033e38  flag_updated_benchmark_1                    
20033e39  trigger_bm_update_1                         
20033e3a  flag_updated_benchmark_2                    
20033e3b  trigger_bm_update_2                         
20033e40  weighted_leak_index                         
20033e48  weighted_rampgap_threshold                  
20033e50  ws_sensor_absense_count                     
20033e51  _ws_dout_old                                
20033e52  _ws_dout_old_oktoweld                       
20033e53  _ws_dout_old_flow_warning                   
20033e54  _ws_dout_old_leak_detected                  
20033e55  mac_ready                                   
20033e58  _ftable                                     
20033f48  TAGS                                        
20034020  leak_index_buf                              
200340e8  _device                                     
200341b8  _stream                                     
20034228  PN_RPC_interface_id_pnio                    
20034248  null_id                                     
20034298  SELECTED                                    
2003429c  NONE                                        
200342a0  STR_TRUE                                    
200342a4  STR_FALSE                                   
200342a8  STR_SYS_NAME_SF                             
200342ac  STR_SYS_NAME_FF                             
200342b0  STR_SYS_NETWORK_EIPS                        
200342b4  STR_SYS_NETWORK_PNIO                        
200342b8  STR_SYS_NETWORK_PNIOIO                      
200342bc  test_time_tick_in_http                      
200342c0  val_to_display                              
200342c4  val_to_display2                             
200342c8  isto_info_update                            
200342ca  activeServNum                               
200342cc  PN_RPC_interface_id_epmv4                   
200342ff  rng_initialized                             
20034372  ws_i_ipaddr_text                            
20034388  sysloop_overrun                             
2003438c  main_app_systick_counter                    
20034390  time_slot_busy                              
20034392  overRunFlag                                 
20034394  def_ipaddr_0                                
20034395  def_ipaddr_1                                
20034396  def_ipaddr_2                                
20034397  def_ipaddr_3                                
20034398  g_RxDescList                                
200343a8  g_TxDescList                                
200343b8  g_ulTickCounter                             
200343c0  g_ui32LocalTimer                            
200343d8  __TI_ft_end                                 
200343dc  __aeabi_stdin                               
200343e0  __aeabi_stdout                              
200343e4  __aeabi_stderr                              
200343f9  IOD_InitDone                                
200343fc  PNA_callback                                
20034400  PN_flagShutdown                             
20034404  PN_pdevGlobalEnable                         
20034408  __TI_cleanup_ptr                            
2003440c  __TI_dtors_ptr                              
20034410  __TI_enable_exit_profile_output             
2003442c  g_pfnSSIHandler                             
20034430  g_iNumTags                                  
20034434  g_ppcTags                                   
2003444c  flag_fieldbus_down                          
20034450  _lock                                       
20034454  _unlock                                     
20034470  temp_port1                                  
20034472  HTTP_CONFILICT_ENABLE                       
20034473  global_HTTP_service_lock                    
20034474  global_service_timer_10us                   
20034488  errno                                       
20034498  main_func_sp                                
2003449c  time_counter                                
20038000  __stack                                     
20040000  __STACK_END                                 
20040000  __STACK_TOP                                 
ffffffff  __TI_pprof_out_hndl                         
ffffffff  __TI_prof_data_size                         
ffffffff  __TI_prof_data_start                        
ffffffff  __binit__                                   
ffffffff  __c_args__                                  
ffffffff  binit                                       
UNDEFED   SHT$$INIT_ARRAY$$Base                       
UNDEFED   SHT$$INIT_ARRAY$$Limit                      

[1427 symbols]
