<?xml version="1.0"?>
<link_info>
   <banner>TI ARM Linker PC v16.9.4.LTS</banner>
   <copyright>Copyright (c) 1996-2017 Texas Instruments Incorporated</copyright>
   <link_time>0x5b07d593</link_time>
   <link_errors>0x0</link_errors>
   <output_file>sf_bl_v2.3.out</output_file>
   <entry_point>
      <name>_c_int00</name>
      <address>0x178d9</address>
   </entry_point>
   <input_file_list>
      <input_file id="fl-2">
         <path>.\</path>
         <kind>object</kind>
         <file>tm4c1294ncpdt_startup_ccs.obj</file>
         <name>tm4c1294ncpdt_startup_ccs.obj</name>
      </input_file>
      <input_file id="fl-3">
         <path>.\TivaWare\driverlib\</path>
         <kind>object</kind>
         <file>adc.obj</file>
         <name>adc.obj</name>
      </input_file>
      <input_file id="fl-4">
         <path>.\TivaWare\driverlib\</path>
         <kind>object</kind>
         <file>aes.obj</file>
         <name>aes.obj</name>
      </input_file>
      <input_file id="fl-5">
         <path>.\TivaWare\driverlib\</path>
         <kind>object</kind>
         <file>can.obj</file>
         <name>can.obj</name>
      </input_file>
      <input_file id="fl-6">
         <path>.\TivaWare\driverlib\</path>
         <kind>object</kind>
         <file>comp.obj</file>
         <name>comp.obj</name>
      </input_file>
      <input_file id="fl-7">
         <path>.\TivaWare\driverlib\</path>
         <kind>object</kind>
         <file>cpu.obj</file>
         <name>cpu.obj</name>
      </input_file>
      <input_file id="fl-8">
         <path>.\TivaWare\driverlib\</path>
         <kind>object</kind>
         <file>crc.obj</file>
         <name>crc.obj</name>
      </input_file>
      <input_file id="fl-9">
         <path>.\TivaWare\driverlib\</path>
         <kind>object</kind>
         <file>des.obj</file>
         <name>des.obj</name>
      </input_file>
      <input_file id="fl-a">
         <path>.\TivaWare\driverlib\</path>
         <kind>object</kind>
         <file>eeprom.obj</file>
         <name>eeprom.obj</name>
      </input_file>
      <input_file id="fl-b">
         <path>.\TivaWare\driverlib\</path>
         <kind>object</kind>
         <file>emac.obj</file>
         <name>emac.obj</name>
      </input_file>
      <input_file id="fl-c">
         <path>.\TivaWare\driverlib\</path>
         <kind>object</kind>
         <file>epi.obj</file>
         <name>epi.obj</name>
      </input_file>
      <input_file id="fl-d">
         <path>.\TivaWare\driverlib\</path>
         <kind>object</kind>
         <file>flash.obj</file>
         <name>flash.obj</name>
      </input_file>
      <input_file id="fl-e">
         <path>.\TivaWare\driverlib\</path>
         <kind>object</kind>
         <file>fpu.obj</file>
         <name>fpu.obj</name>
      </input_file>
      <input_file id="fl-f">
         <path>.\TivaWare\driverlib\</path>
         <kind>object</kind>
         <file>gpio.obj</file>
         <name>gpio.obj</name>
      </input_file>
      <input_file id="fl-10">
         <path>.\TivaWare\driverlib\</path>
         <kind>object</kind>
         <file>hibernate.obj</file>
         <name>hibernate.obj</name>
      </input_file>
      <input_file id="fl-11">
         <path>.\TivaWare\driverlib\</path>
         <kind>object</kind>
         <file>i2c.obj</file>
         <name>i2c.obj</name>
      </input_file>
      <input_file id="fl-12">
         <path>.\TivaWare\driverlib\</path>
         <kind>object</kind>
         <file>interrupt.obj</file>
         <name>interrupt.obj</name>
      </input_file>
      <input_file id="fl-13">
         <path>.\TivaWare\driverlib\</path>
         <kind>object</kind>
         <file>lcd.obj</file>
         <name>lcd.obj</name>
      </input_file>
      <input_file id="fl-14">
         <path>.\TivaWare\driverlib\</path>
         <kind>object</kind>
         <file>mpu.obj</file>
         <name>mpu.obj</name>
      </input_file>
      <input_file id="fl-15">
         <path>.\TivaWare\driverlib\</path>
         <kind>object</kind>
         <file>onewire.obj</file>
         <name>onewire.obj</name>
      </input_file>
      <input_file id="fl-16">
         <path>.\TivaWare\driverlib\</path>
         <kind>object</kind>
         <file>pwm.obj</file>
         <name>pwm.obj</name>
      </input_file>
      <input_file id="fl-17">
         <path>.\TivaWare\driverlib\</path>
         <kind>object</kind>
         <file>qei.obj</file>
         <name>qei.obj</name>
      </input_file>
      <input_file id="fl-18">
         <path>.\TivaWare\driverlib\</path>
         <kind>object</kind>
         <file>shamd5.obj</file>
         <name>shamd5.obj</name>
      </input_file>
      <input_file id="fl-19">
         <path>.\TivaWare\driverlib\</path>
         <kind>object</kind>
         <file>ssi.obj</file>
         <name>ssi.obj</name>
      </input_file>
      <input_file id="fl-1a">
         <path>.\TivaWare\driverlib\</path>
         <kind>object</kind>
         <file>sw_crc.obj</file>
         <name>sw_crc.obj</name>
      </input_file>
      <input_file id="fl-1b">
         <path>.\TivaWare\driverlib\</path>
         <kind>object</kind>
         <file>sysctl.obj</file>
         <name>sysctl.obj</name>
      </input_file>
      <input_file id="fl-1c">
         <path>.\TivaWare\driverlib\</path>
         <kind>object</kind>
         <file>sysexc.obj</file>
         <name>sysexc.obj</name>
      </input_file>
      <input_file id="fl-1d">
         <path>.\TivaWare\driverlib\</path>
         <kind>object</kind>
         <file>systick.obj</file>
         <name>systick.obj</name>
      </input_file>
      <input_file id="fl-1e">
         <path>.\TivaWare\driverlib\</path>
         <kind>object</kind>
         <file>timer.obj</file>
         <name>timer.obj</name>
      </input_file>
      <input_file id="fl-1f">
         <path>.\TivaWare\driverlib\</path>
         <kind>object</kind>
         <file>uart.obj</file>
         <name>uart.obj</name>
      </input_file>
      <input_file id="fl-20">
         <path>.\TivaWare\driverlib\</path>
         <kind>object</kind>
         <file>udma.obj</file>
         <name>udma.obj</name>
      </input_file>
      <input_file id="fl-21">
         <path>.\TivaWare\driverlib\</path>
         <kind>object</kind>
         <file>usb.obj</file>
         <name>usb.obj</name>
      </input_file>
      <input_file id="fl-22">
         <path>.\TivaWare\driverlib\</path>
         <kind>object</kind>
         <file>watchdog.obj</file>
         <name>watchdog.obj</name>
      </input_file>
      <input_file id="fl-23">
         <path>.\TivaWare\utils\</path>
         <kind>object</kind>
         <file>uartstdio.obj</file>
         <name>uartstdio.obj</name>
      </input_file>
      <input_file id="fl-24">
         <path>.\TivaWare\utils\</path>
         <kind>object</kind>
         <file>ustdlib.obj</file>
         <name>ustdlib.obj</name>
      </input_file>
      <input_file id="fl-25">
         <path>.\application\</path>
         <kind>object</kind>
         <file>aio_config.obj</file>
         <name>aio_config.obj</name>
      </input_file>
      <input_file id="fl-26">
         <path>.\application\</path>
         <kind>object</kind>
         <file>flowsensor.obj</file>
         <name>flowsensor.obj</name>
      </input_file>
      <input_file id="fl-27">
         <path>.\application\</path>
         <kind>object</kind>
         <file>io_data_struct.obj</file>
         <name>io_data_struct.obj</name>
      </input_file>
      <input_file id="fl-28">
         <path>.\application\</path>
         <kind>object</kind>
         <file>led.obj</file>
         <name>led.obj</name>
      </input_file>
      <input_file id="fl-29">
         <path>.\application\</path>
         <kind>object</kind>
         <file>main.obj</file>
         <name>main.obj</name>
      </input_file>
      <input_file id="fl-2a">
         <path>.\application\</path>
         <kind>object</kind>
         <file>system.obj</file>
         <name>system.obj</name>
      </input_file>
      <input_file id="fl-2b">
         <path>.\application\</path>
         <kind>object</kind>
         <file>ws_func.obj</file>
         <name>ws_func.obj</name>
      </input_file>
      <input_file id="fl-2c">
         <path>.\bl_config\</path>
         <kind>object</kind>
         <file>ethernet.obj</file>
         <name>ethernet.obj</name>
      </input_file>
      <input_file id="fl-2d">
         <path>.\bl_config\</path>
         <kind>object</kind>
         <file>netconf.obj</file>
         <name>netconf.obj</name>
      </input_file>
      <input_file id="fl-2e">
         <path>.\bl_config\</path>
         <kind>object</kind>
         <file>upgrader.obj</file>
         <name>upgrader.obj</name>
      </input_file>
      <input_file id="fl-2f">
         <path>.\bsp_userconfig\</path>
         <kind>object</kind>
         <file>bsp_GPIO.obj</file>
         <name>bsp_GPIO.obj</name>
      </input_file>
      <input_file id="fl-30">
         <path>.\bsp_userconfig\</path>
         <kind>object</kind>
         <file>bsp_TIMER.obj</file>
         <name>bsp_TIMER.obj</name>
      </input_file>
      <input_file id="fl-31">
         <path>.\bsp_userconfig\</path>
         <kind>object</kind>
         <file>bsp_UART.obj</file>
         <name>bsp_UART.obj</name>
      </input_file>
      <input_file id="fl-32">
         <path>.\bsp_userconfig\</path>
         <kind>object</kind>
         <file>bsp_config.obj</file>
         <name>bsp_config.obj</name>
      </input_file>
      <input_file id="fl-33">
         <path>.\bsp_userconfig\</path>
         <kind>object</kind>
         <file>circ_buffer.obj</file>
         <name>circ_buffer.obj</name>
      </input_file>
      <input_file id="fl-34">
         <path>.\bsp_userconfig\</path>
         <kind>object</kind>
         <file>dig_led.obj</file>
         <name>dig_led.obj</name>
      </input_file>
      <input_file id="fl-35">
         <path>.\bsp_userconfig\</path>
         <kind>object</kind>
         <file>timeout.obj</file>
         <name>timeout.obj</name>
      </input_file>
      <input_file id="fl-36">
         <path>.\lwip-1.4.1\port\tiva-tm4c129\arch\</path>
         <kind>object</kind>
         <file>perf.obj</file>
         <name>perf.obj</name>
      </input_file>
      <input_file id="fl-37">
         <path>.\lwip-1.4.1\port\tiva-tm4c129\arch\</path>
         <kind>object</kind>
         <file>sys_arch.obj</file>
         <name>sys_arch.obj</name>
      </input_file>
      <input_file id="fl-38">
         <path>.\lwip-1.4.1\port\tiva-tm4c129\</path>
         <kind>object</kind>
         <file>ethernetif.obj</file>
         <name>ethernetif.obj</name>
      </input_file>
      <input_file id="fl-39">
         <path>.\lwip-1.4.1\src\api\</path>
         <kind>object</kind>
         <file>api_lib.obj</file>
         <name>api_lib.obj</name>
      </input_file>
      <input_file id="fl-3a">
         <path>.\lwip-1.4.1\src\api\</path>
         <kind>object</kind>
         <file>api_msg.obj</file>
         <name>api_msg.obj</name>
      </input_file>
      <input_file id="fl-3b">
         <path>.\lwip-1.4.1\src\api\</path>
         <kind>object</kind>
         <file>err.obj</file>
         <name>err.obj</name>
      </input_file>
      <input_file id="fl-3c">
         <path>.\lwip-1.4.1\src\api\</path>
         <kind>object</kind>
         <file>netbuf.obj</file>
         <name>netbuf.obj</name>
      </input_file>
      <input_file id="fl-3d">
         <path>.\lwip-1.4.1\src\api\</path>
         <kind>object</kind>
         <file>netdb.obj</file>
         <name>netdb.obj</name>
      </input_file>
      <input_file id="fl-3e">
         <path>.\lwip-1.4.1\src\api\</path>
         <kind>object</kind>
         <file>netifapi.obj</file>
         <name>netifapi.obj</name>
      </input_file>
      <input_file id="fl-3f">
         <path>.\lwip-1.4.1\src\api\</path>
         <kind>object</kind>
         <file>sockets.obj</file>
         <name>sockets.obj</name>
      </input_file>
      <input_file id="fl-40">
         <path>.\lwip-1.4.1\src\api\</path>
         <kind>object</kind>
         <file>tcpip.obj</file>
         <name>tcpip.obj</name>
      </input_file>
      <input_file id="fl-41">
         <path>.\lwip-1.4.1\src\core\</path>
         <kind>object</kind>
         <file>def.obj</file>
         <name>def.obj</name>
      </input_file>
      <input_file id="fl-42">
         <path>.\lwip-1.4.1\src\core\</path>
         <kind>object</kind>
         <file>dhcp.obj</file>
         <name>dhcp.obj</name>
      </input_file>
      <input_file id="fl-43">
         <path>.\lwip-1.4.1\src\core\</path>
         <kind>object</kind>
         <file>dns.obj</file>
         <name>dns.obj</name>
      </input_file>
      <input_file id="fl-44">
         <path>.\lwip-1.4.1\src\core\</path>
         <kind>object</kind>
         <file>init.obj</file>
         <name>init.obj</name>
      </input_file>
      <input_file id="fl-45">
         <path>.\lwip-1.4.1\src\core\</path>
         <kind>object</kind>
         <file>mem.obj</file>
         <name>mem.obj</name>
      </input_file>
      <input_file id="fl-46">
         <path>.\lwip-1.4.1\src\core\</path>
         <kind>object</kind>
         <file>memp.obj</file>
         <name>memp.obj</name>
      </input_file>
      <input_file id="fl-47">
         <path>.\lwip-1.4.1\src\core\</path>
         <kind>object</kind>
         <file>netif.obj</file>
         <name>netif.obj</name>
      </input_file>
      <input_file id="fl-48">
         <path>.\lwip-1.4.1\src\core\</path>
         <kind>object</kind>
         <file>pbuf.obj</file>
         <name>pbuf.obj</name>
      </input_file>
      <input_file id="fl-49">
         <path>.\lwip-1.4.1\src\core\</path>
         <kind>object</kind>
         <file>raw.obj</file>
         <name>raw.obj</name>
      </input_file>
      <input_file id="fl-4a">
         <path>.\lwip-1.4.1\src\core\</path>
         <kind>object</kind>
         <file>stats.obj</file>
         <name>stats.obj</name>
      </input_file>
      <input_file id="fl-4b">
         <path>.\lwip-1.4.1\src\core\</path>
         <kind>object</kind>
         <file>sys.obj</file>
         <name>sys.obj</name>
      </input_file>
      <input_file id="fl-4c">
         <path>.\lwip-1.4.1\src\core\</path>
         <kind>object</kind>
         <file>tcp.obj</file>
         <name>tcp.obj</name>
      </input_file>
      <input_file id="fl-4d">
         <path>.\lwip-1.4.1\src\core\</path>
         <kind>object</kind>
         <file>tcp_in.obj</file>
         <name>tcp_in.obj</name>
      </input_file>
      <input_file id="fl-4e">
         <path>.\lwip-1.4.1\src\core\</path>
         <kind>object</kind>
         <file>tcp_out.obj</file>
         <name>tcp_out.obj</name>
      </input_file>
      <input_file id="fl-4f">
         <path>.\lwip-1.4.1\src\core\</path>
         <kind>object</kind>
         <file>timers.obj</file>
         <name>timers.obj</name>
      </input_file>
      <input_file id="fl-50">
         <path>.\lwip-1.4.1\src\core\</path>
         <kind>object</kind>
         <file>udp.obj</file>
         <name>udp.obj</name>
      </input_file>
      <input_file id="fl-51">
         <path>.\lwip-1.4.1\src\core\ipv4\</path>
         <kind>object</kind>
         <file>autoip.obj</file>
         <name>autoip.obj</name>
      </input_file>
      <input_file id="fl-52">
         <path>.\lwip-1.4.1\src\core\ipv4\</path>
         <kind>object</kind>
         <file>icmp.obj</file>
         <name>icmp.obj</name>
      </input_file>
      <input_file id="fl-53">
         <path>.\lwip-1.4.1\src\core\ipv4\</path>
         <kind>object</kind>
         <file>igmp.obj</file>
         <name>igmp.obj</name>
      </input_file>
      <input_file id="fl-54">
         <path>.\lwip-1.4.1\src\core\ipv4\</path>
         <kind>object</kind>
         <file>inet.obj</file>
         <name>inet.obj</name>
      </input_file>
      <input_file id="fl-55">
         <path>.\lwip-1.4.1\src\core\ipv4\</path>
         <kind>object</kind>
         <file>inet_chksum.obj</file>
         <name>inet_chksum.obj</name>
      </input_file>
      <input_file id="fl-56">
         <path>.\lwip-1.4.1\src\core\ipv4\</path>
         <kind>object</kind>
         <file>ip.obj</file>
         <name>ip.obj</name>
      </input_file>
      <input_file id="fl-57">
         <path>.\lwip-1.4.1\src\core\ipv4\</path>
         <kind>object</kind>
         <file>ip_addr.obj</file>
         <name>ip_addr.obj</name>
      </input_file>
      <input_file id="fl-58">
         <path>.\lwip-1.4.1\src\core\ipv4\</path>
         <kind>object</kind>
         <file>ip_frag.obj</file>
         <name>ip_frag.obj</name>
      </input_file>
      <input_file id="fl-59">
         <path>.\lwip-1.4.1\src\core\snmp\</path>
         <kind>object</kind>
         <file>asn1_dec.obj</file>
         <name>asn1_dec.obj</name>
      </input_file>
      <input_file id="fl-5a">
         <path>.\lwip-1.4.1\src\core\snmp\</path>
         <kind>object</kind>
         <file>asn1_enc.obj</file>
         <name>asn1_enc.obj</name>
      </input_file>
      <input_file id="fl-5b">
         <path>.\lwip-1.4.1\src\core\snmp\</path>
         <kind>object</kind>
         <file>mib2.obj</file>
         <name>mib2.obj</name>
      </input_file>
      <input_file id="fl-5c">
         <path>.\lwip-1.4.1\src\core\snmp\</path>
         <kind>object</kind>
         <file>mib_structs.obj</file>
         <name>mib_structs.obj</name>
      </input_file>
      <input_file id="fl-5d">
         <path>.\lwip-1.4.1\src\core\snmp\</path>
         <kind>object</kind>
         <file>msg_in.obj</file>
         <name>msg_in.obj</name>
      </input_file>
      <input_file id="fl-5e">
         <path>.\lwip-1.4.1\src\core\snmp\</path>
         <kind>object</kind>
         <file>msg_out.obj</file>
         <name>msg_out.obj</name>
      </input_file>
      <input_file id="fl-5f">
         <path>.\lwip-1.4.1\src\netif\</path>
         <kind>object</kind>
         <file>etharp.obj</file>
         <name>etharp.obj</name>
      </input_file>
      <input_file id="fl-60">
         <path>.\lwip-1.4.1\src\netif\</path>
         <kind>object</kind>
         <file>ethernetif.obj</file>
         <name>ethernetif.obj</name>
      </input_file>
      <input_file id="fl-61">
         <path>.\lwip-1.4.1\src\netif\</path>
         <kind>object</kind>
         <file>slipif.obj</file>
         <name>slipif.obj</name>
      </input_file>
      <input_file id="fl-62">
         <path>.\lwip-1.4.1\src\netif\ppp\</path>
         <kind>object</kind>
         <file>auth.obj</file>
         <name>auth.obj</name>
      </input_file>
      <input_file id="fl-63">
         <path>.\lwip-1.4.1\src\netif\ppp\</path>
         <kind>object</kind>
         <file>chap.obj</file>
         <name>chap.obj</name>
      </input_file>
      <input_file id="fl-64">
         <path>.\lwip-1.4.1\src\netif\ppp\</path>
         <kind>object</kind>
         <file>chpms.obj</file>
         <name>chpms.obj</name>
      </input_file>
      <input_file id="fl-65">
         <path>.\lwip-1.4.1\src\netif\ppp\</path>
         <kind>object</kind>
         <file>fsm.obj</file>
         <name>fsm.obj</name>
      </input_file>
      <input_file id="fl-66">
         <path>.\lwip-1.4.1\src\netif\ppp\</path>
         <kind>object</kind>
         <file>ipcp.obj</file>
         <name>ipcp.obj</name>
      </input_file>
      <input_file id="fl-67">
         <path>.\lwip-1.4.1\src\netif\ppp\</path>
         <kind>object</kind>
         <file>lcp.obj</file>
         <name>lcp.obj</name>
      </input_file>
      <input_file id="fl-68">
         <path>.\lwip-1.4.1\src\netif\ppp\</path>
         <kind>object</kind>
         <file>magic.obj</file>
         <name>magic.obj</name>
      </input_file>
      <input_file id="fl-69">
         <path>.\lwip-1.4.1\src\netif\ppp\</path>
         <kind>object</kind>
         <file>md5.obj</file>
         <name>md5.obj</name>
      </input_file>
      <input_file id="fl-6a">
         <path>.\lwip-1.4.1\src\netif\ppp\</path>
         <kind>object</kind>
         <file>pap.obj</file>
         <name>pap.obj</name>
      </input_file>
      <input_file id="fl-6b">
         <path>.\lwip-1.4.1\src\netif\ppp\</path>
         <kind>object</kind>
         <file>ppp.obj</file>
         <name>ppp.obj</name>
      </input_file>
      <input_file id="fl-6c">
         <path>.\lwip-1.4.1\src\netif\ppp\</path>
         <kind>object</kind>
         <file>ppp_oe.obj</file>
         <name>ppp_oe.obj</name>
      </input_file>
      <input_file id="fl-6d">
         <path>.\lwip-1.4.1\src\netif\ppp\</path>
         <kind>object</kind>
         <file>randm.obj</file>
         <name>randm.obj</name>
      </input_file>
      <input_file id="fl-6e">
         <path>.\lwip-1.4.1\src\netif\ppp\</path>
         <kind>object</kind>
         <file>vj.obj</file>
         <name>vj.obj</name>
      </input_file>
      <input_file id="fl-6f">
         <path>.\tftp\</path>
         <kind>object</kind>
         <file>diskio.obj</file>
         <name>diskio.obj</name>
      </input_file>
      <input_file id="fl-70">
         <path>.\tftp\</path>
         <kind>object</kind>
         <file>ff.obj</file>
         <name>ff.obj</name>
      </input_file>
      <input_file id="fl-71">
         <path>.\tftp\</path>
         <kind>object</kind>
         <file>tftpserver.obj</file>
         <name>tftpserver.obj</name>
      </input_file>
      <input_file id="fl-72">
         <path>.\tftp\</path>
         <kind>object</kind>
         <file>tftputils.obj</file>
         <name>tftputils.obj</name>
      </input_file>
      <input_file id="fl-73">
         <path>.\utilities\</path>
         <kind>object</kind>
         <file>RandomMAC.obj</file>
         <name>RandomMAC.obj</name>
      </input_file>
      <input_file id="fl-74">
         <path>.\utilities\</path>
         <kind>object</kind>
         <file>kalman_filter.obj</file>
         <name>kalman_filter.obj</name>
      </input_file>
      <input_file id="fl-75">
         <path>.\utilities\</path>
         <kind>object</kind>
         <file>reset.obj</file>
         <name>reset.obj</name>
      </input_file>
      <input_file id="fl-76">
         <path>.\utilities\</path>
         <kind>object</kind>
         <file>rng.obj</file>
         <name>rng.obj</name>
      </input_file>
      <input_file id="fl-77">
         <path>.\utilities\</path>
         <kind>object</kind>
         <file>user_fifo.obj</file>
         <name>user_fifo.obj</name>
      </input_file>
      <input_file id="fl-78">
         <path>.\utilities\</path>
         <kind>object</kind>
         <file>utilities.obj</file>
         <name>utilities.obj</name>
      </input_file>
      <input_file id="fl-7c">
         <kind>object</kind>
         <file>&lt;internal&gt;</file>
         <name>&lt;internal&gt;</name>
      </input_file>
      <input_file id="fl-132">
         <path>C:\ti\ccsv7\tools\compiler\ti-cgt-arm_16.9.4.LTS\lib\</path>
         <kind>archive</kind>
         <file>rtsv7M4_T_le_v4SPD16_eabi.lib</file>
         <name>boot.obj</name>
      </input_file>
      <input_file id="fl-133">
         <path>C:\ti\ccsv7\tools\compiler\ti-cgt-arm_16.9.4.LTS\lib\</path>
         <kind>archive</kind>
         <file>rtsv7M4_T_le_v4SPD16_eabi.lib</file>
         <name>copy_decompress_lzss.obj</name>
      </input_file>
      <input_file id="fl-134">
         <path>C:\ti\ccsv7\tools\compiler\ti-cgt-arm_16.9.4.LTS\lib\</path>
         <kind>archive</kind>
         <file>rtsv7M4_T_le_v4SPD16_eabi.lib</file>
         <name>copy_decompress_none.obj</name>
      </input_file>
      <input_file id="fl-135">
         <path>C:\ti\ccsv7\tools\compiler\ti-cgt-arm_16.9.4.LTS\lib\</path>
         <kind>archive</kind>
         <file>rtsv7M4_T_le_v4SPD16_eabi.lib</file>
         <name>copy_zero_init.obj</name>
      </input_file>
      <input_file id="fl-136">
         <path>C:\ti\ccsv7\tools\compiler\ti-cgt-arm_16.9.4.LTS\lib\</path>
         <kind>archive</kind>
         <file>rtsv7M4_T_le_v4SPD16_eabi.lib</file>
         <name>exit.obj</name>
      </input_file>
      <input_file id="fl-137">
         <path>C:\ti\ccsv7\tools\compiler\ti-cgt-arm_16.9.4.LTS\lib\</path>
         <kind>archive</kind>
         <file>rtsv7M4_T_le_v4SPD16_eabi.lib</file>
         <name>fd_add_t2.obj</name>
      </input_file>
      <input_file id="fl-138">
         <path>C:\ti\ccsv7\tools\compiler\ti-cgt-arm_16.9.4.LTS\lib\</path>
         <kind>archive</kind>
         <file>rtsv7M4_T_le_v4SPD16_eabi.lib</file>
         <name>fd_cmp_t2.obj</name>
      </input_file>
      <input_file id="fl-139">
         <path>C:\ti\ccsv7\tools\compiler\ti-cgt-arm_16.9.4.LTS\lib\</path>
         <kind>archive</kind>
         <file>rtsv7M4_T_le_v4SPD16_eabi.lib</file>
         <name>fd_div_t2.obj</name>
      </input_file>
      <input_file id="fl-13a">
         <path>C:\ti\ccsv7\tools\compiler\ti-cgt-arm_16.9.4.LTS\lib\</path>
         <kind>archive</kind>
         <file>rtsv7M4_T_le_v4SPD16_eabi.lib</file>
         <name>fd_mul_t2.obj</name>
      </input_file>
      <input_file id="fl-13b">
         <path>C:\ti\ccsv7\tools\compiler\ti-cgt-arm_16.9.4.LTS\lib\</path>
         <kind>archive</kind>
         <file>rtsv7M4_T_le_v4SPD16_eabi.lib</file>
         <name>fd_tos_t2.obj</name>
      </input_file>
      <input_file id="fl-13c">
         <path>C:\ti\ccsv7\tools\compiler\ti-cgt-arm_16.9.4.LTS\lib\</path>
         <kind>archive</kind>
         <file>rtsv7M4_T_le_v4SPD16_eabi.lib</file>
         <name>fd_tou_t2.obj</name>
      </input_file>
      <input_file id="fl-13d">
         <path>C:\ti\ccsv7\tools\compiler\ti-cgt-arm_16.9.4.LTS\lib\</path>
         <kind>archive</kind>
         <file>rtsv7M4_T_le_v4SPD16_eabi.lib</file>
         <name>fputs.obj</name>
      </input_file>
      <input_file id="fl-13e">
         <path>C:\ti\ccsv7\tools\compiler\ti-cgt-arm_16.9.4.LTS\lib\</path>
         <kind>archive</kind>
         <file>rtsv7M4_T_le_v4SPD16_eabi.lib</file>
         <name>fs_tod_t2.obj</name>
      </input_file>
      <input_file id="fl-13f">
         <path>C:\ti\ccsv7\tools\compiler\ti-cgt-arm_16.9.4.LTS\lib\</path>
         <kind>archive</kind>
         <file>rtsv7M4_T_le_v4SPD16_eabi.lib</file>
         <name>i_tofd_t2.obj</name>
      </input_file>
      <input_file id="fl-140">
         <path>C:\ti\ccsv7\tools\compiler\ti-cgt-arm_16.9.4.LTS\lib\</path>
         <kind>archive</kind>
         <file>rtsv7M4_T_le_v4SPD16_eabi.lib</file>
         <name>memchr.obj</name>
      </input_file>
      <input_file id="fl-141">
         <path>C:\ti\ccsv7\tools\compiler\ti-cgt-arm_16.9.4.LTS\lib\</path>
         <kind>archive</kind>
         <file>rtsv7M4_T_le_v4SPD16_eabi.lib</file>
         <name>memcmp.obj</name>
      </input_file>
      <input_file id="fl-142">
         <path>C:\ti\ccsv7\tools\compiler\ti-cgt-arm_16.9.4.LTS\lib\</path>
         <kind>archive</kind>
         <file>rtsv7M4_T_le_v4SPD16_eabi.lib</file>
         <name>memcpy_t2.obj</name>
      </input_file>
      <input_file id="fl-143">
         <path>C:\ti\ccsv7\tools\compiler\ti-cgt-arm_16.9.4.LTS\lib\</path>
         <kind>archive</kind>
         <file>rtsv7M4_T_le_v4SPD16_eabi.lib</file>
         <name>memset_t2.obj</name>
      </input_file>
      <input_file id="fl-144">
         <path>C:\ti\ccsv7\tools\compiler\ti-cgt-arm_16.9.4.LTS\lib\</path>
         <kind>archive</kind>
         <file>rtsv7M4_T_le_v4SPD16_eabi.lib</file>
         <name>mpu_init.obj</name>
      </input_file>
      <input_file id="fl-145">
         <path>C:\ti\ccsv7\tools\compiler\ti-cgt-arm_16.9.4.LTS\lib\</path>
         <kind>archive</kind>
         <file>rtsv7M4_T_le_v4SPD16_eabi.lib</file>
         <name>pre_init.obj</name>
      </input_file>
      <input_file id="fl-146">
         <path>C:\ti\ccsv7\tools\compiler\ti-cgt-arm_16.9.4.LTS\lib\</path>
         <kind>archive</kind>
         <file>rtsv7M4_T_le_v4SPD16_eabi.lib</file>
         <name>printf.obj</name>
      </input_file>
      <input_file id="fl-147">
         <path>C:\ti\ccsv7\tools\compiler\ti-cgt-arm_16.9.4.LTS\lib\</path>
         <kind>archive</kind>
         <file>rtsv7M4_T_le_v4SPD16_eabi.lib</file>
         <name>rand.obj</name>
      </input_file>
      <input_file id="fl-148">
         <path>C:\ti\ccsv7\tools\compiler\ti-cgt-arm_16.9.4.LTS\lib\</path>
         <kind>archive</kind>
         <file>rtsv7M4_T_le_v4SPD16_eabi.lib</file>
         <name>stkdepth_vars.obj</name>
      </input_file>
      <input_file id="fl-149">
         <path>C:\ti\ccsv7\tools\compiler\ti-cgt-arm_16.9.4.LTS\lib\</path>
         <kind>archive</kind>
         <file>rtsv7M4_T_le_v4SPD16_eabi.lib</file>
         <name>strcpy.obj</name>
      </input_file>
      <input_file id="fl-14a">
         <path>C:\ti\ccsv7\tools\compiler\ti-cgt-arm_16.9.4.LTS\lib\</path>
         <kind>archive</kind>
         <file>rtsv7M4_T_le_v4SPD16_eabi.lib</file>
         <name>strlen.obj</name>
      </input_file>
      <input_file id="fl-14b">
         <path>C:\ti\ccsv7\tools\compiler\ti-cgt-arm_16.9.4.LTS\lib\</path>
         <kind>archive</kind>
         <file>rtsv7M4_T_le_v4SPD16_eabi.lib</file>
         <name>u_divt2.obj</name>
      </input_file>
      <input_file id="fl-14c">
         <path>C:\ti\ccsv7\tools\compiler\ti-cgt-arm_16.9.4.LTS\lib\</path>
         <kind>archive</kind>
         <file>rtsv7M4_T_le_v4SPD16_eabi.lib</file>
         <name>u_tofd_t2.obj</name>
      </input_file>
      <input_file id="fl-14d">
         <path>C:\ti\ccsv7\tools\compiler\ti-cgt-arm_16.9.4.LTS\lib\</path>
         <kind>archive</kind>
         <file>rtsv7M4_T_le_v4SPD16_eabi.lib</file>
         <name>write.obj</name>
      </input_file>
      <input_file id="fl-14e">
         <path>C:\ti\ccsv7\tools\compiler\ti-cgt-arm_16.9.4.LTS\lib\</path>
         <kind>archive</kind>
         <file>rtsv7M4_T_le_v4SPD16_eabi.lib</file>
         <name>_io_perm.obj</name>
      </input_file>
      <input_file id="fl-14f">
         <path>C:\ti\ccsv7\tools\compiler\ti-cgt-arm_16.9.4.LTS\lib\</path>
         <kind>archive</kind>
         <file>rtsv7M4_T_le_v4SPD16_eabi.lib</file>
         <name>_lock.obj</name>
      </input_file>
      <input_file id="fl-150">
         <path>C:\ti\ccsv7\tools\compiler\ti-cgt-arm_16.9.4.LTS\lib\</path>
         <kind>archive</kind>
         <file>rtsv7M4_T_le_v4SPD16_eabi.lib</file>
         <name>_printfi.obj</name>
      </input_file>
      <input_file id="fl-151">
         <path>C:\ti\ccsv7\tools\compiler\ti-cgt-arm_16.9.4.LTS\lib\</path>
         <kind>archive</kind>
         <file>rtsv7M4_T_le_v4SPD16_eabi.lib</file>
         <name>args_main.obj</name>
      </input_file>
      <input_file id="fl-152">
         <path>C:\ti\ccsv7\tools\compiler\ti-cgt-arm_16.9.4.LTS\lib\</path>
         <kind>archive</kind>
         <file>rtsv7M4_T_le_v4SPD16_eabi.lib</file>
         <name>atoi.obj</name>
      </input_file>
      <input_file id="fl-153">
         <path>C:\ti\ccsv7\tools\compiler\ti-cgt-arm_16.9.4.LTS\lib\</path>
         <kind>archive</kind>
         <file>rtsv7M4_T_le_v4SPD16_eabi.lib</file>
         <name>autoinit.obj</name>
      </input_file>
      <input_file id="fl-154">
         <path>C:\ti\ccsv7\tools\compiler\ti-cgt-arm_16.9.4.LTS\lib\</path>
         <kind>archive</kind>
         <file>rtsv7M4_T_le_v4SPD16_eabi.lib</file>
         <name>cpy_tbl.obj</name>
      </input_file>
      <input_file id="fl-155">
         <path>C:\ti\ccsv7\tools\compiler\ti-cgt-arm_16.9.4.LTS\lib\</path>
         <kind>archive</kind>
         <file>rtsv7M4_T_le_v4SPD16_eabi.lib</file>
         <name>ctype.obj</name>
      </input_file>
      <input_file id="fl-156">
         <path>C:\ti\ccsv7\tools\compiler\ti-cgt-arm_16.9.4.LTS\lib\</path>
         <kind>archive</kind>
         <file>rtsv7M4_T_le_v4SPD16_eabi.lib</file>
         <name>defs.obj</name>
      </input_file>
      <input_file id="fl-157">
         <path>C:\ti\ccsv7\tools\compiler\ti-cgt-arm_16.9.4.LTS\lib\</path>
         <kind>archive</kind>
         <file>rtsv7M4_T_le_v4SPD16_eabi.lib</file>
         <name>fd_toi_t2.obj</name>
      </input_file>
      <input_file id="fl-158">
         <path>C:\ti\ccsv7\tools\compiler\ti-cgt-arm_16.9.4.LTS\lib\</path>
         <kind>archive</kind>
         <file>rtsv7M4_T_le_v4SPD16_eabi.lib</file>
         <name>fflush.obj</name>
      </input_file>
      <input_file id="fl-159">
         <path>C:\ti\ccsv7\tools\compiler\ti-cgt-arm_16.9.4.LTS\lib\</path>
         <kind>archive</kind>
         <file>rtsv7M4_T_le_v4SPD16_eabi.lib</file>
         <name>fputc.obj</name>
      </input_file>
      <input_file id="fl-15a">
         <path>C:\ti\ccsv7\tools\compiler\ti-cgt-arm_16.9.4.LTS\lib\</path>
         <kind>archive</kind>
         <file>rtsv7M4_T_le_v4SPD16_eabi.lib</file>
         <name>fseek.obj</name>
      </input_file>
      <input_file id="fl-15b">
         <path>C:\ti\ccsv7\tools\compiler\ti-cgt-arm_16.9.4.LTS\lib\</path>
         <kind>archive</kind>
         <file>rtsv7M4_T_le_v4SPD16_eabi.lib</file>
         <name>hostclose.obj</name>
      </input_file>
      <input_file id="fl-15c">
         <path>C:\ti\ccsv7\tools\compiler\ti-cgt-arm_16.9.4.LTS\lib\</path>
         <kind>archive</kind>
         <file>rtsv7M4_T_le_v4SPD16_eabi.lib</file>
         <name>hostlseek.obj</name>
      </input_file>
      <input_file id="fl-15d">
         <path>C:\ti\ccsv7\tools\compiler\ti-cgt-arm_16.9.4.LTS\lib\</path>
         <kind>archive</kind>
         <file>rtsv7M4_T_le_v4SPD16_eabi.lib</file>
         <name>hostopen.obj</name>
      </input_file>
      <input_file id="fl-15e">
         <path>C:\ti\ccsv7\tools\compiler\ti-cgt-arm_16.9.4.LTS\lib\</path>
         <kind>archive</kind>
         <file>rtsv7M4_T_le_v4SPD16_eabi.lib</file>
         <name>hostread.obj</name>
      </input_file>
      <input_file id="fl-15f">
         <path>C:\ti\ccsv7\tools\compiler\ti-cgt-arm_16.9.4.LTS\lib\</path>
         <kind>archive</kind>
         <file>rtsv7M4_T_le_v4SPD16_eabi.lib</file>
         <name>hostrename.obj</name>
      </input_file>
      <input_file id="fl-160">
         <path>C:\ti\ccsv7\tools\compiler\ti-cgt-arm_16.9.4.LTS\lib\</path>
         <kind>archive</kind>
         <file>rtsv7M4_T_le_v4SPD16_eabi.lib</file>
         <name>hostunlink.obj</name>
      </input_file>
      <input_file id="fl-161">
         <path>C:\ti\ccsv7\tools\compiler\ti-cgt-arm_16.9.4.LTS\lib\</path>
         <kind>archive</kind>
         <file>rtsv7M4_T_le_v4SPD16_eabi.lib</file>
         <name>hostwrite.obj</name>
      </input_file>
      <input_file id="fl-162">
         <path>C:\ti\ccsv7\tools\compiler\ti-cgt-arm_16.9.4.LTS\lib\</path>
         <kind>archive</kind>
         <file>rtsv7M4_T_le_v4SPD16_eabi.lib</file>
         <name>i_div0.obj</name>
      </input_file>
      <input_file id="fl-163">
         <path>C:\ti\ccsv7\tools\compiler\ti-cgt-arm_16.9.4.LTS\lib\</path>
         <kind>archive</kind>
         <file>rtsv7M4_T_le_v4SPD16_eabi.lib</file>
         <name>lseek.obj</name>
      </input_file>
      <input_file id="fl-164">
         <path>C:\ti\ccsv7\tools\compiler\ti-cgt-arm_16.9.4.LTS\lib\</path>
         <kind>archive</kind>
         <file>rtsv7M4_T_le_v4SPD16_eabi.lib</file>
         <name>ltoa.obj</name>
      </input_file>
      <input_file id="fl-165">
         <path>C:\ti\ccsv7\tools\compiler\ti-cgt-arm_16.9.4.LTS\lib\</path>
         <kind>archive</kind>
         <file>rtsv7M4_T_le_v4SPD16_eabi.lib</file>
         <name>memccpy.obj</name>
      </input_file>
      <input_file id="fl-166">
         <path>C:\ti\ccsv7\tools\compiler\ti-cgt-arm_16.9.4.LTS\lib\</path>
         <kind>archive</kind>
         <file>rtsv7M4_T_le_v4SPD16_eabi.lib</file>
         <name>s_frexp.obj</name>
      </input_file>
      <input_file id="fl-167">
         <path>C:\ti\ccsv7\tools\compiler\ti-cgt-arm_16.9.4.LTS\lib\</path>
         <kind>archive</kind>
         <file>rtsv7M4_T_le_v4SPD16_eabi.lib</file>
         <name>s_scalbn.obj</name>
      </input_file>
      <input_file id="fl-168">
         <path>C:\ti\ccsv7\tools\compiler\ti-cgt-arm_16.9.4.LTS\lib\</path>
         <kind>archive</kind>
         <file>rtsv7M4_T_le_v4SPD16_eabi.lib</file>
         <name>setvbuf.obj</name>
      </input_file>
      <input_file id="fl-169">
         <path>C:\ti\ccsv7\tools\compiler\ti-cgt-arm_16.9.4.LTS\lib\</path>
         <kind>archive</kind>
         <file>rtsv7M4_T_le_v4SPD16_eabi.lib</file>
         <name>startup.obj</name>
      </input_file>
      <input_file id="fl-16a">
         <path>C:\ti\ccsv7\tools\compiler\ti-cgt-arm_16.9.4.LTS\lib\</path>
         <kind>archive</kind>
         <file>rtsv7M4_T_le_v4SPD16_eabi.lib</file>
         <name>strchr.obj</name>
      </input_file>
      <input_file id="fl-16b">
         <path>C:\ti\ccsv7\tools\compiler\ti-cgt-arm_16.9.4.LTS\lib\</path>
         <kind>archive</kind>
         <file>rtsv7M4_T_le_v4SPD16_eabi.lib</file>
         <name>trgmsg.obj</name>
      </input_file>
      <input_file id="fl-16c">
         <path>C:\ti\ccsv7\tools\compiler\ti-cgt-arm_16.9.4.LTS\lib\</path>
         <kind>archive</kind>
         <file>rtsv7M4_T_le_v4SPD16_eabi.lib</file>
         <name>ull_div_t2.obj</name>
      </input_file>
      <input_file id="fl-16d">
         <path>C:\ti\ccsv7\tools\compiler\ti-cgt-arm_16.9.4.LTS\lib\</path>
         <kind>archive</kind>
         <file>rtsv7M4_T_le_v4SPD16_eabi.lib</file>
         <name>errno.obj</name>
      </input_file>
      <input_file id="fl-16e">
         <path>C:\ti\ccsv7\tools\compiler\ti-cgt-arm_16.9.4.LTS\lib\</path>
         <kind>archive</kind>
         <file>rtsv7M4_T_le_v4SPD16_eabi.lib</file>
         <name>fopen.obj</name>
      </input_file>
      <input_file id="fl-16f">
         <path>C:\ti\ccsv7\tools\compiler\ti-cgt-arm_16.9.4.LTS\lib\</path>
         <kind>archive</kind>
         <file>rtsv7M4_T_le_v4SPD16_eabi.lib</file>
         <name>memory.obj</name>
      </input_file>
      <input_file id="fl-170">
         <path>C:\ti\ccsv7\tools\compiler\ti-cgt-arm_16.9.4.LTS\lib\</path>
         <kind>archive</kind>
         <file>rtsv7M4_T_le_v4SPD16_eabi.lib</file>
         <name>open.obj</name>
      </input_file>
      <input_file id="fl-171">
         <path>C:\ti\ccsv7\tools\compiler\ti-cgt-arm_16.9.4.LTS\lib\</path>
         <kind>archive</kind>
         <file>rtsv7M4_T_le_v4SPD16_eabi.lib</file>
         <name>s_copysign.obj</name>
      </input_file>
      <input_file id="fl-172">
         <path>C:\ti\ccsv7\tools\compiler\ti-cgt-arm_16.9.4.LTS\lib\</path>
         <kind>archive</kind>
         <file>rtsv7M4_T_le_v4SPD16_eabi.lib</file>
         <name>fclose.obj</name>
      </input_file>
      <input_file id="fl-173">
         <path>C:\ti\ccsv7\tools\compiler\ti-cgt-arm_16.9.4.LTS\lib\</path>
         <kind>archive</kind>
         <file>rtsv7M4_T_le_v4SPD16_eabi.lib</file>
         <name>getdevice.obj</name>
      </input_file>
      <input_file id="fl-174">
         <path>C:\ti\ccsv7\tools\compiler\ti-cgt-arm_16.9.4.LTS\lib\</path>
         <kind>archive</kind>
         <file>rtsv7M4_T_le_v4SPD16_eabi.lib</file>
         <name>remove.obj</name>
      </input_file>
      <input_file id="fl-175">
         <path>C:\ti\ccsv7\tools\compiler\ti-cgt-arm_16.9.4.LTS\lib\</path>
         <kind>archive</kind>
         <file>rtsv7M4_T_le_v4SPD16_eabi.lib</file>
         <name>strcmp.obj</name>
      </input_file>
      <input_file id="fl-176">
         <path>C:\ti\ccsv7\tools\compiler\ti-cgt-arm_16.9.4.LTS\lib\</path>
         <kind>archive</kind>
         <file>rtsv7M4_T_le_v4SPD16_eabi.lib</file>
         <name>strncpy.obj</name>
      </input_file>
      <input_file id="fl-177">
         <path>C:\ti\ccsv7\tools\compiler\ti-cgt-arm_16.9.4.LTS\lib\</path>
         <kind>archive</kind>
         <file>rtsv7M4_T_le_v4SPD16_eabi.lib</file>
         <name>unlink.obj</name>
      </input_file>
      <input_file id="fl-178">
         <path>C:\ti\ccsv7\tools\compiler\ti-cgt-arm_16.9.4.LTS\lib\</path>
         <kind>archive</kind>
         <file>rtsv7M4_T_le_v4SPD16_eabi.lib</file>
         <name>close.obj</name>
      </input_file>
   </input_file_list>
   <object_component_list>
      <object_component id="oc-10">
         <name>.intvecs</name>
         <load_address>0x0</load_address>
         <run_address>0x0</run_address>
         <size>0x208</size>
         <input_file_ref idref="fl-2"/>
      </object_component>
      <object_component id="oc-25b">
         <name>.text</name>
         <load_address>0x208</load_address>
         <run_address>0x208</run_address>
         <size>0x2a00</size>
         <input_file_ref idref="fl-70"/>
      </object_component>
      <object_component id="oc-94">
         <name>.text</name>
         <load_address>0x2c08</load_address>
         <run_address>0x2c08</run_address>
         <size>0x177c</size>
         <input_file_ref idref="fl-2b"/>
      </object_component>
      <object_component id="oc-38b">
         <name>.text</name>
         <load_address>0x4384</load_address>
         <run_address>0x4384</run_address>
         <size>0x1638</size>
         <input_file_ref idref="fl-42"/>
      </object_component>
      <object_component id="oc-40f">
         <name>.text</name>
         <load_address>0x59bc</load_address>
         <run_address>0x59bc</run_address>
         <size>0x15d0</size>
         <input_file_ref idref="fl-4d"/>
      </object_component>
      <object_component id="oc-11e">
         <name>.text</name>
         <load_address>0x6f8c</load_address>
         <run_address>0x6f8c</run_address>
         <size>0x1278</size>
         <input_file_ref idref="fl-4c"/>
      </object_component>
      <object_component id="oc-375">
         <name>.text</name>
         <load_address>0x8204</load_address>
         <run_address>0x8204</run_address>
         <size>0x113e</size>
         <input_file_ref idref="fl-150"/>
      </object_component>
      <object_component id="oc-67">
         <name>.text</name>
         <load_address>0x9342</load_address>
         <run_address>0x9342</run_address>
         <size>0x2</size>
         <input_file_ref idref="fl-144"/>
      </object_component>
      <object_component id="oc-3b8">
         <name>.text</name>
         <load_address>0x9344</load_address>
         <run_address>0x9344</run_address>
         <size>0xfc4</size>
         <input_file_ref idref="fl-4e"/>
      </object_component>
      <object_component id="oc-d1">
         <name>.text</name>
         <load_address>0xa308</load_address>
         <run_address>0xa308</run_address>
         <size>0xef0</size>
         <input_file_ref idref="fl-1b"/>
      </object_component>
      <object_component id="oc-112">
         <name>.text</name>
         <load_address>0xb1f8</load_address>
         <run_address>0xb1f8</run_address>
         <size>0xd20</size>
         <input_file_ref idref="fl-b"/>
      </object_component>
      <object_component id="oc-124">
         <name>.text</name>
         <load_address>0xbf18</load_address>
         <run_address>0xbf18</run_address>
         <size>0xbd8</size>
         <input_file_ref idref="fl-5f"/>
      </object_component>
      <object_component id="oc-202">
         <name>.text</name>
         <load_address>0xcaf0</load_address>
         <run_address>0xcaf0</run_address>
         <size>0xb4c</size>
         <input_file_ref idref="fl-f"/>
      </object_component>
      <object_component id="oc-243">
         <name>.text</name>
         <load_address>0xd63c</load_address>
         <run_address>0xd63c</run_address>
         <size>0xad4</size>
         <input_file_ref idref="fl-48"/>
      </object_component>
      <object_component id="oc-118">
         <name>.text</name>
         <load_address>0xe110</load_address>
         <run_address>0xe110</run_address>
         <size>0x8d4</size>
         <input_file_ref idref="fl-38"/>
      </object_component>
      <object_component id="oc-403">
         <name>.text</name>
         <load_address>0xe9e4</load_address>
         <run_address>0xe9e4</run_address>
         <size>0x848</size>
         <input_file_ref idref="fl-58"/>
      </object_component>
      <object_component id="oc-4f4">
         <name>.text</name>
         <load_address>0xf22c</load_address>
         <run_address>0xf22c</run_address>
         <size>0x7be</size>
         <input_file_ref idref="fl-3"/>
      </object_component>
      <object_component id="oc-15f">
         <name>.text</name>
         <load_address>0xf9ea</load_address>
         <run_address>0xf9ea</run_address>
         <size>0x2</size>
         <input_file_ref idref="fl-169"/>
      </object_component>
      <object_component id="oc-ac">
         <name>.text</name>
         <load_address>0xf9ec</load_address>
         <run_address>0xf9ec</run_address>
         <size>0x6a0</size>
         <input_file_ref idref="fl-71"/>
      </object_component>
      <object_component id="oc-cb">
         <name>.text</name>
         <load_address>0x1008c</load_address>
         <run_address>0x1008c</run_address>
         <size>0x656</size>
         <input_file_ref idref="fl-1e"/>
      </object_component>
      <object_component id="oc-3be">
         <name>.text</name>
         <load_address>0x106e2</load_address>
         <run_address>0x106e2</run_address>
         <size>0x2</size>
         <input_file_ref idref="fl-4f"/>
      </object_component>
      <object_component id="oc-249">
         <name>.text</name>
         <load_address>0x106e4</load_address>
         <run_address>0x106e4</run_address>
         <size>0x60c</size>
         <input_file_ref idref="fl-50"/>
      </object_component>
      <object_component id="oc-39a">
         <name>.text</name>
         <load_address>0x10cf0</load_address>
         <run_address>0x10cf0</run_address>
         <size>0x5d8</size>
         <input_file_ref idref="fl-1a"/>
      </object_component>
      <object_component id="oc-198">
         <name>.text</name>
         <load_address>0x112c8</load_address>
         <run_address>0x112c8</run_address>
         <size>0x4e0</size>
         <input_file_ref idref="fl-20"/>
      </object_component>
      <object_component id="oc-192">
         <name>.text</name>
         <load_address>0x117a8</load_address>
         <run_address>0x117a8</run_address>
         <size>0x470</size>
         <input_file_ref idref="fl-a"/>
      </object_component>
      <object_component id="oc-261">
         <name>.text</name>
         <load_address>0x11c18</load_address>
         <run_address>0x11c18</run_address>
         <size>0x414</size>
         <input_file_ref idref="fl-45"/>
      </object_component>
      <object_component id="oc-a0">
         <name>.text</name>
         <load_address>0x1202c</load_address>
         <run_address>0x1202c</run_address>
         <size>0x3f8</size>
         <input_file_ref idref="fl-2e"/>
      </object_component>
      <object_component id="oc-8e">
         <name>.text</name>
         <load_address>0x12424</load_address>
         <run_address>0x12424</run_address>
         <size>0x3dc</size>
         <input_file_ref idref="fl-32"/>
      </object_component>
      <object_component id="oc-707">
         <name>.text</name>
         <load_address>0x12800</load_address>
         <run_address>0x12800</run_address>
         <size>0x3d0</size>
         <input_file_ref idref="fl-16f"/>
      </object_component>
      <object_component id="oc-12d">
         <name>.text</name>
         <load_address>0x12bd0</load_address>
         <run_address>0x12bd0</run_address>
         <size>0x3c8</size>
         <input_file_ref idref="fl-56"/>
      </object_component>
      <object_component id="oc-5ee">
         <name>.text</name>
         <load_address>0x12f98</load_address>
         <run_address>0x12f98</run_address>
         <size>0x3c4</size>
         <input_file_ref idref="fl-55"/>
      </object_component>
      <object_component id="oc-3df">
         <name>.text</name>
         <load_address>0x1335c</load_address>
         <run_address>0x1335c</run_address>
         <size>0x3c4</size>
         <input_file_ref idref="fl-57"/>
      </object_component>
      <object_component id="oc-d7">
         <name>.text</name>
         <load_address>0x13720</load_address>
         <run_address>0x13720</run_address>
         <size>0x3c0</size>
         <input_file_ref idref="fl-12"/>
      </object_component>
      <object_component id="oc-220">
         <name>.text</name>
         <load_address>0x13ae0</load_address>
         <run_address>0x13ae0</run_address>
         <size>0x3b8</size>
         <input_file_ref idref="fl-d"/>
      </object_component>
      <object_component id="oc-10c">
         <name>.text</name>
         <load_address>0x13e98</load_address>
         <run_address>0x13e98</run_address>
         <size>0x390</size>
         <input_file_ref idref="fl-47"/>
      </object_component>
      <object_component id="oc-b2">
         <name>.text</name>
         <load_address>0x14228</load_address>
         <run_address>0x14228</run_address>
         <size>0x33e</size>
         <input_file_ref idref="fl-2f"/>
      </object_component>
      <object_component id="oc-9a">
         <name>.text</name>
         <load_address>0x14568</load_address>
         <run_address>0x14568</run_address>
         <size>0x318</size>
         <input_file_ref idref="fl-34"/>
      </object_component>
      <object_component id="oc-409">
         <name>.text</name>
         <load_address>0x14880</load_address>
         <run_address>0x14880</run_address>
         <size>0x26c</size>
         <input_file_ref idref="fl-49"/>
      </object_component>
      <object_component id="oc-239">
         <name>.text</name>
         <load_address>0x14aec</load_address>
         <run_address>0x14aec</run_address>
         <size>0x264</size>
         <input_file_ref idref="fl-30"/>
      </object_component>
      <object_component id="oc-415">
         <name>.text</name>
         <load_address>0x14d50</load_address>
         <run_address>0x14d50</run_address>
         <size>0x240</size>
         <input_file_ref idref="fl-52"/>
      </object_component>
      <object_component id="oc-c5">
         <name>.text</name>
         <load_address>0x14f90</load_address>
         <run_address>0x14f90</run_address>
         <size>0x240</size>
         <input_file_ref idref="fl-28"/>
      </object_component>
      <object_component id="oc-35">
         <name>.text</name>
         <load_address>0x151d0</load_address>
         <run_address>0x151d0</run_address>
         <size>0x224</size>
         <input_file_ref idref="fl-2a"/>
      </object_component>
      <object_component id="oc-546">
         <name>.text</name>
         <load_address>0x153f4</load_address>
         <run_address>0x153f4</run_address>
         <size>0x1f4</size>
         <input_file_ref idref="fl-16c"/>
      </object_component>
      <object_component id="oc-70d">
         <name>.text</name>
         <load_address>0x155e8</load_address>
         <run_address>0x155e8</run_address>
         <size>0x1c4</size>
         <input_file_ref idref="fl-16e"/>
      </object_component>
      <object_component id="oc-3b">
         <name>.text</name>
         <load_address>0x157ac</load_address>
         <run_address>0x157ac</run_address>
         <size>0x1b8</size>
         <input_file_ref idref="fl-2d"/>
      </object_component>
      <object_component id="oc-1a9">
         <name>.text</name>
         <load_address>0x15964</load_address>
         <run_address>0x15964</run_address>
         <size>0x1b6</size>
         <input_file_ref idref="fl-137"/>
      </object_component>
      <object_component id="oc-a6">
         <name>.text</name>
         <load_address>0x15b1c</load_address>
         <run_address>0x15b1c</run_address>
         <size>0x1a8</size>
         <input_file_ref idref="fl-2c"/>
      </object_component>
      <object_component id="oc-4b1">
         <name>.text</name>
         <load_address>0x15cc4</load_address>
         <run_address>0x15cc4</run_address>
         <size>0x188</size>
         <input_file_ref idref="fl-22"/>
      </object_component>
      <object_component id="oc-21a">
         <name>.text</name>
         <load_address>0x15e4c</load_address>
         <run_address>0x15e4c</run_address>
         <size>0x17c</size>
         <input_file_ref idref="fl-25"/>
      </object_component>
      <object_component id="oc-1ca">
         <name>.text</name>
         <load_address>0x15fc8</load_address>
         <run_address>0x15fc8</run_address>
         <size>0x158</size>
         <input_file_ref idref="fl-78"/>
      </object_component>
      <object_component id="oc-368">
         <name>.text</name>
         <load_address>0x16120</load_address>
         <run_address>0x16120</run_address>
         <size>0x140</size>
         <input_file_ref idref="fl-46"/>
      </object_component>
      <object_component id="oc-1bd">
         <name>.text</name>
         <load_address>0x16260</load_address>
         <run_address>0x16260</run_address>
         <size>0x136</size>
         <input_file_ref idref="fl-139"/>
      </object_component>
      <object_component id="oc-28d">
         <name>.text</name>
         <load_address>0x16398</load_address>
         <run_address>0x16398</run_address>
         <size>0x134</size>
         <input_file_ref idref="fl-76"/>
      </object_component>
      <object_component id="oc-214">
         <name>.text</name>
         <load_address>0x164cc</load_address>
         <run_address>0x164cc</run_address>
         <size>0x134</size>
         <input_file_ref idref="fl-13d"/>
      </object_component>
      <object_component id="oc-1b3">
         <name>.text</name>
         <load_address>0x16600</load_address>
         <run_address>0x16600</run_address>
         <size>0xfc</size>
         <input_file_ref idref="fl-13a"/>
      </object_component>
      <object_component id="oc-55c">
         <name>.text</name>
         <load_address>0x166fc</load_address>
         <run_address>0x166fc</run_address>
         <size>0xfc</size>
         <input_file_ref idref="fl-167"/>
      </object_component>
      <object_component id="oc-64b">
         <name>.text</name>
         <load_address>0x167f8</load_address>
         <run_address>0x167f8</run_address>
         <size>0xdc</size>
         <input_file_ref idref="fl-168"/>
      </object_component>
      <object_component id="oc-24f">
         <name>.text</name>
         <load_address>0x168d4</load_address>
         <run_address>0x168d4</run_address>
         <size>0xd4</size>
         <input_file_ref idref="fl-72"/>
      </object_component>
      <object_component id="oc-b8">
         <name>.text</name>
         <load_address>0x169a8</load_address>
         <run_address>0x169a8</run_address>
         <size>0xcc</size>
         <input_file_ref idref="fl-73"/>
      </object_component>
      <object_component id="oc-493">
         <name>.text</name>
         <load_address>0x16a74</load_address>
         <run_address>0x16a74</run_address>
         <size>0xc8</size>
         <input_file_ref idref="fl-158"/>
      </object_component>
      <object_component id="oc-186">
         <name>.text</name>
         <load_address>0x16b3c</load_address>
         <run_address>0x16b3c</run_address>
         <size>0xc0</size>
         <input_file_ref idref="fl-e"/>
      </object_component>
      <object_component id="oc-167">
         <name>.text</name>
         <load_address>0x16bfc</load_address>
         <run_address>0x16bfc</run_address>
         <size>0xc0</size>
         <input_file_ref idref="fl-29"/>
      </object_component>
      <object_component id="oc-764">
         <name>.text</name>
         <load_address>0x16cbc</load_address>
         <run_address>0x16cbc</run_address>
         <size>0xbc</size>
         <input_file_ref idref="fl-170"/>
      </object_component>
      <object_component id="oc-487">
         <name>.text</name>
         <load_address>0x16d78</load_address>
         <run_address>0x16d78</run_address>
         <size>0xac</size>
         <input_file_ref idref="fl-14e"/>
      </object_component>
      <object_component id="oc-4f">
         <name>.text</name>
         <load_address>0x16e24</load_address>
         <run_address>0x16e24</run_address>
         <size>0x9c</size>
         <input_file_ref idref="fl-142"/>
      </object_component>
      <object_component id="oc-76a">
         <name>.text</name>
         <load_address>0x16ec0</load_address>
         <run_address>0x16ec0</run_address>
         <size>0x98</size>
         <input_file_ref idref="fl-172"/>
      </object_component>
      <object_component id="oc-36f">
         <name>.text</name>
         <load_address>0x16f58</load_address>
         <run_address>0x16f58</run_address>
         <size>0x98</size>
         <input_file_ref idref="fl-159"/>
      </object_component>
      <object_component id="oc-18c">
         <name>.text</name>
         <load_address>0x16ff0</load_address>
         <run_address>0x16ff0</run_address>
         <size>0x88</size>
         <input_file_ref idref="fl-1d"/>
      </object_component>
      <object_component id="oc-1ea">
         <name>.text:__aeabi_cdcmple</name>
         <load_address>0x17078</load_address>
         <run_address>0x17078</run_address>
         <size>0x86</size>
         <input_file_ref idref="fl-138"/>
      </object_component>
      <object_component id="oc-1e4">
         <name>.text:__aeabi_cdrcmple</name>
         <load_address>0x170fe</load_address>
         <run_address>0x170fe</run_address>
         <size>0x86</size>
         <input_file_ref idref="fl-138"/>
      </object_component>
      <object_component id="oc-5b">
         <name>.text</name>
         <load_address>0x17184</load_address>
         <run_address>0x17184</run_address>
         <size>0x7a</size>
         <input_file_ref idref="fl-143"/>
      </object_component>
      <object_component id="oc-226">
         <name>.text</name>
         <load_address>0x171fe</load_address>
         <run_address>0x171fe</run_address>
         <size>0x72</size>
         <input_file_ref idref="fl-75"/>
      </object_component>
      <object_component id="oc-73">
         <name>.text</name>
         <load_address>0x17270</load_address>
         <run_address>0x17270</run_address>
         <size>0x70</size>
         <input_file_ref idref="fl-153"/>
      </object_component>
      <object_component id="oc-7a8">
         <name>.text</name>
         <load_address>0x172e0</load_address>
         <run_address>0x172e0</run_address>
         <size>0x70</size>
         <input_file_ref idref="fl-173"/>
      </object_component>
      <object_component id="oc-106">
         <name>.text</name>
         <load_address>0x17350</load_address>
         <run_address>0x17350</run_address>
         <size>0x70</size>
         <input_file_ref idref="fl-146"/>
      </object_component>
      <object_component id="oc-1fd">
         <name>.text</name>
         <load_address>0x173c0</load_address>
         <run_address>0x173c0</run_address>
         <size>0x6e</size>
         <input_file_ref idref="fl-13b"/>
      </object_component>
      <object_component id="oc-3e5">
         <name>.text</name>
         <load_address>0x1742e</load_address>
         <run_address>0x1742e</run_address>
         <size>0x6c</size>
         <input_file_ref idref="fl-41"/>
      </object_component>
      <object_component id="oc-799">
         <name>.text</name>
         <load_address>0x1749c</load_address>
         <run_address>0x1749c</run_address>
         <size>0x6c</size>
         <input_file_ref idref="fl-15f"/>
      </object_component>
      <object_component id="oc-13">
         <name>.text:decompress:lzss</name>
         <load_address>0x17508</load_address>
         <run_address>0x17508</run_address>
         <size>0x68</size>
         <input_file_ref idref="fl-133"/>
      </object_component>
      <object_component id="oc-78d">
         <name>.text</name>
         <load_address>0x17570</load_address>
         <run_address>0x17570</run_address>
         <size>0x68</size>
         <input_file_ref idref="fl-15c"/>
      </object_component>
      <object_component id="oc-7c2">
         <name>.text</name>
         <load_address>0x175d8</load_address>
         <run_address>0x175d8</run_address>
         <size>0x68</size>
         <input_file_ref idref="fl-16b"/>
      </object_component>
      <object_component id="oc-4d3">
         <name>.text</name>
         <load_address>0x17640</load_address>
         <run_address>0x17640</run_address>
         <size>0x64</size>
         <input_file_ref idref="fl-6f"/>
      </object_component>
      <object_component id="oc-645">
         <name>.text</name>
         <load_address>0x176a4</load_address>
         <run_address>0x176a4</run_address>
         <size>0x64</size>
         <input_file_ref idref="fl-15a"/>
      </object_component>
      <object_component id="oc-556">
         <name>.text</name>
         <load_address>0x17708</load_address>
         <run_address>0x17708</run_address>
         <size>0x64</size>
         <input_file_ref idref="fl-166"/>
      </object_component>
      <object_component id="oc-775">
         <name>.text</name>
         <load_address>0x1776c</load_address>
         <run_address>0x1776c</run_address>
         <size>0x60</size>
         <input_file_ref idref="fl-15d"/>
      </object_component>
      <object_component id="oc-7b1">
         <name>.text</name>
         <load_address>0x177cc</load_address>
         <run_address>0x177cc</run_address>
         <size>0x5c</size>
         <input_file_ref idref="fl-178"/>
      </object_component>
      <object_component id="oc-781">
         <name>.text</name>
         <load_address>0x17828</load_address>
         <run_address>0x17828</run_address>
         <size>0x58</size>
         <input_file_ref idref="fl-15e"/>
      </object_component>
      <object_component id="oc-787">
         <name>.text</name>
         <load_address>0x17880</load_address>
         <run_address>0x17880</run_address>
         <size>0x58</size>
         <input_file_ref idref="fl-161"/>
      </object_component>
      <object_component id="oc-25">
         <name>.text</name>
         <load_address>0x178d8</load_address>
         <run_address>0x178d8</run_address>
         <size>0x54</size>
         <input_file_ref idref="fl-132"/>
      </object_component>
      <object_component id="oc-7f">
         <name>.text</name>
         <load_address>0x1792c</load_address>
         <run_address>0x1792c</run_address>
         <size>0x54</size>
         <input_file_ref idref="fl-136"/>
      </object_component>
      <object_component id="oc-550">
         <name>.text</name>
         <load_address>0x17980</load_address>
         <run_address>0x17980</run_address>
         <size>0x54</size>
         <input_file_ref idref="fl-164"/>
      </object_component>
      <object_component id="oc-568">
         <name>.text</name>
         <load_address>0x179d4</load_address>
         <run_address>0x179d4</run_address>
         <size>0x4c</size>
         <input_file_ref idref="fl-152"/>
      </object_component>
      <object_component id="oc-159">
         <name>.text</name>
         <load_address>0x17a20</load_address>
         <run_address>0x17a20</run_address>
         <size>0x4c</size>
         <input_file_ref idref="fl-154"/>
      </object_component>
      <object_component id="oc-4fa">
         <name>.text</name>
         <load_address>0x17a6c</load_address>
         <run_address>0x17a6c</run_address>
         <size>0x4c</size>
         <input_file_ref idref="fl-147"/>
      </object_component>
      <object_component id="oc-54b">
         <name>.text</name>
         <load_address>0x17ab8</load_address>
         <run_address>0x17ab8</run_address>
         <size>0x48</size>
         <input_file_ref idref="fl-157"/>
      </object_component>
      <object_component id="oc-1df">
         <name>.text</name>
         <load_address>0x17b00</load_address>
         <run_address>0x17b00</run_address>
         <size>0x44</size>
         <input_file_ref idref="fl-13c"/>
      </object_component>
      <object_component id="oc-77b">
         <name>.text</name>
         <load_address>0x17b44</load_address>
         <run_address>0x17b44</run_address>
         <size>0x44</size>
         <input_file_ref idref="fl-15b"/>
      </object_component>
      <object_component id="oc-793">
         <name>.text</name>
         <load_address>0x17b88</load_address>
         <run_address>0x17b88</run_address>
         <size>0x44</size>
         <input_file_ref idref="fl-160"/>
      </object_component>
      <object_component id="oc-2b4">
         <name>.text</name>
         <load_address>0x17bcc</load_address>
         <run_address>0x17bcc</run_address>
         <size>0x3e</size>
         <input_file_ref idref="fl-7"/>
      </object_component>
      <object_component id="oc-20e">
         <name>.text</name>
         <load_address>0x17c0a</load_address>
         <run_address>0x17c0a</run_address>
         <size>0x38</size>
         <input_file_ref idref="fl-13e"/>
      </object_component>
      <object_component id="oc-7e0">
         <name>.text</name>
         <load_address>0x17c42</load_address>
         <run_address>0x17c42</run_address>
         <size>0x36</size>
         <input_file_ref idref="fl-176"/>
      </object_component>
      <object_component id="oc-1ae">
         <name>.text</name>
         <load_address>0x17c78</load_address>
         <run_address>0x17c78</run_address>
         <size>0x2e</size>
         <input_file_ref idref="fl-13f"/>
      </object_component>
      <object_component id="oc-7b7">
         <name>.text</name>
         <load_address>0x17ca8</load_address>
         <run_address>0x17ca8</run_address>
         <size>0x2c</size>
         <input_file_ref idref="fl-177"/>
      </object_component>
      <object_component id="oc-6ff">
         <name>.text</name>
         <load_address>0x17cd4</load_address>
         <run_address>0x17cd4</run_address>
         <size>0x28</size>
         <input_file_ref idref="fl-163"/>
      </object_component>
      <object_component id="oc-499">
         <name>.text</name>
         <load_address>0x17cfc</load_address>
         <run_address>0x17cfc</run_address>
         <size>0x28</size>
         <input_file_ref idref="fl-14d"/>
      </object_component>
      <object_component id="oc-3f1">
         <name>.text</name>
         <load_address>0x17d24</load_address>
         <run_address>0x17d24</run_address>
         <size>0x24</size>
         <input_file_ref idref="fl-141"/>
      </object_component>
      <object_component id="oc-48d">
         <name>.text</name>
         <load_address>0x17d48</load_address>
         <run_address>0x17d48</run_address>
         <size>0x20</size>
         <input_file_ref idref="fl-140"/>
      </object_component>
      <object_component id="oc-1b8">
         <name>.text</name>
         <load_address>0x17d68</load_address>
         <run_address>0x17d68</run_address>
         <size>0x20</size>
         <input_file_ref idref="fl-14c"/>
      </object_component>
      <object_component id="oc-3a9">
         <name>.text</name>
         <load_address>0x17d88</load_address>
         <run_address>0x17d88</run_address>
         <size>0x20</size>
         <input_file_ref idref="fl-37"/>
      </object_component>
      <object_component id="oc-be">
         <name>.text:GPIO_TagConfigProperties</name>
         <load_address>0x17da8</load_address>
         <run_address>0x17da8</run_address>
         <size>0x1e</size>
         <input_file_ref idref="fl-2f"/>
      </object_component>
      <object_component id="oc-56e">
         <name>.text</name>
         <load_address>0x17dc6</load_address>
         <run_address>0x17dc6</run_address>
         <size>0x1c</size>
         <input_file_ref idref="fl-165"/>
      </object_component>
      <object_component id="oc-100">
         <name>.text</name>
         <load_address>0x17de2</load_address>
         <run_address>0x17de2</run_address>
         <size>0x18</size>
         <input_file_ref idref="fl-44"/>
      </object_component>
      <object_component id="oc-79">
         <name>.text</name>
         <load_address>0x17dfc</load_address>
         <run_address>0x17dfc</run_address>
         <size>0x18</size>
         <input_file_ref idref="fl-151"/>
      </object_component>
      <object_component id="oc-7da">
         <name>.text</name>
         <load_address>0x17e14</load_address>
         <run_address>0x17e14</run_address>
         <size>0x18</size>
         <input_file_ref idref="fl-175"/>
      </object_component>
      <object_component id="oc-562">
         <name>.text</name>
         <load_address>0x17e2c</load_address>
         <run_address>0x17e2c</run_address>
         <size>0x16</size>
         <input_file_ref idref="fl-16a"/>
      </object_component>
      <object_component id="oc-440">
         <name>.text</name>
         <load_address>0x17e44</load_address>
         <run_address>0x17e44</run_address>
         <size>0x14</size>
         <input_file_ref idref="fl-14f"/>
      </object_component>
      <object_component id="oc-6b4">
         <name>.text</name>
         <load_address>0x17e58</load_address>
         <run_address>0x17e58</run_address>
         <size>0x14</size>
         <input_file_ref idref="fl-171"/>
      </object_component>
      <object_component id="oc-4c9">
         <name>.text</name>
         <load_address>0x17e6c</load_address>
         <run_address>0x17e6c</run_address>
         <size>0x14</size>
         <input_file_ref idref="fl-149"/>
      </object_component>
      <object_component id="oc-255">
         <name>.text</name>
         <load_address>0x17e80</load_address>
         <run_address>0x17e80</run_address>
         <size>0x14</size>
         <input_file_ref idref="fl-14a"/>
      </object_component>
      <object_component id="oc-19">
         <name>.text:decompress:none</name>
         <load_address>0x17e94</load_address>
         <run_address>0x17e94</run_address>
         <size>0xe</size>
         <input_file_ref idref="fl-134"/>
      </object_component>
      <object_component id="oc-1f">
         <name>.text:decompress:ZI</name>
         <load_address>0x17ea2</load_address>
         <run_address>0x17ea2</run_address>
         <size>0xc</size>
         <input_file_ref idref="fl-135"/>
      </object_component>
      <object_component id="oc-2f">
         <name>.text</name>
         <load_address>0x17eae</load_address>
         <run_address>0x17eae</run_address>
         <size>0xc</size>
         <input_file_ref idref="fl-2"/>
      </object_component>
      <object_component id="oc-19e">
         <name>.text:SysCtlDelay</name>
         <load_address>0x17eba</load_address>
         <run_address>0x17eba</run_address>
         <size>0x6</size>
         <input_file_ref idref="fl-1b"/>
      </object_component>
      <object_component id="oc-6d">
         <name>.text</name>
         <load_address>0x17ec0</load_address>
         <run_address>0x17ec0</run_address>
         <size>0x4</size>
         <input_file_ref idref="fl-145"/>
      </object_component>
      <object_component id="oc-5a8">
         <name>.const:g_pui32Crc32</name>
         <load_address>0x17ec8</load_address>
         <run_address>0x17ec8</run_address>
         <size>0x400</size>
         <input_file_ref idref="fl-1a"/>
      </object_component>
      <object_component id="oc-5a5">
         <name>.const:g_pui16Crc16</name>
         <load_address>0x182c8</load_address>
         <run_address>0x182c8</run_address>
         <size>0x200</size>
         <input_file_ref idref="fl-1a"/>
      </object_component>
      <object_component id="oc-2bd">
         <name>.const:g_pppui32XTALtoVCO</name>
         <load_address>0x184c8</load_address>
         <run_address>0x184c8</run_address>
         <size>0x120</size>
         <input_file_ref idref="fl-1b"/>
      </object_component>
      <object_component id="oc-6c1">
         <name>.const:.string:_ctypes_</name>
         <load_address>0x185e8</load_address>
         <run_address>0x185e8</run_address>
         <size>0x101</size>
         <input_file_ref idref="fl-155"/>
      </object_component>
      <object_component id="oc-5a2">
         <name>.const:.string:g_pui8Crc8CCITT</name>
         <load_address>0x186e9</load_address>
         <run_address>0x186e9</run_address>
         <size>0x100</size>
         <input_file_ref idref="fl-1a"/>
      </object_component>
      <object_component id="oc-478">
         <name>.const:g_ppui32GPIOIntMapBlizzard</name>
         <load_address>0x187ec</load_address>
         <run_address>0x187ec</run_address>
         <size>0xc0</size>
         <input_file_ref idref="fl-f"/>
      </object_component>
      <object_component id="oc-47e">
         <name>.const:g_ppui32GPIOIntMapSnowflake</name>
         <load_address>0x188ac</load_address>
         <run_address>0x188ac</run_address>
         <size>0xc0</size>
         <input_file_ref idref="fl-f"/>
      </object_component>
      <object_component id="oc-2cb">
         <name>.const:g_pui32Regs</name>
         <load_address>0x1896c</load_address>
         <run_address>0x1896c</run_address>
         <size>0x9c</size>
         <input_file_ref idref="fl-12"/>
      </object_component>
      <object_component id="oc-481">
         <name>.const:g_pui32GPIOBaseAddrs</name>
         <load_address>0x18a08</load_address>
         <run_address>0x18a08</run_address>
         <size>0x90</size>
         <input_file_ref idref="fl-f"/>
      </object_component>
      <object_component id="oc-4ee">
         <name>.const:.string</name>
         <load_address>0x18a98</load_address>
         <run_address>0x18a98</run_address>
         <size>0x86</size>
         <input_file_ref idref="fl-71"/>
      </object_component>
      <object_component id="oc-4d9">
         <name>.const:.string:excvt$1</name>
         <load_address>0x18b1e</load_address>
         <run_address>0x18b1e</run_address>
         <size>0x80</size>
         <input_file_ref idref="fl-70"/>
      </object_component>
      <object_component id="oc-5d4">
         <name>.const:.string</name>
         <load_address>0x18ba0</load_address>
         <run_address>0x18ba0</run_address>
         <size>0x76</size>
         <input_file_ref idref="fl-4c"/>
      </object_component>
      <object_component id="oc-2ba">
         <name>.const:g_pui32Xtals</name>
         <load_address>0x18c18</load_address>
         <run_address>0x18c18</run_address>
         <size>0x6c</size>
         <input_file_ref idref="fl-1b"/>
      </object_component>
      <object_component id="oc-2a6">
         <name>.const:g_ppui32TimerIntMap</name>
         <load_address>0x18c84</load_address>
         <run_address>0x18c84</run_address>
         <size>0x60</size>
         <input_file_ref idref="fl-1e"/>
      </object_component>
      <object_component id="oc-2ac">
         <name>.const:g_ppui32TimerIntMapSnowflake</name>
         <load_address>0x18ce4</load_address>
         <run_address>0x18ce4</run_address>
         <size>0x40</size>
         <input_file_ref idref="fl-1e"/>
      </object_component>
      <object_component id="oc-4a7">
         <name>.const:g_pui32FMPPERegs</name>
         <load_address>0x18d24</load_address>
         <run_address>0x18d24</run_address>
         <size>0x40</size>
         <input_file_ref idref="fl-d"/>
      </object_component>
      <object_component id="oc-4a4">
         <name>.const:g_pui32FMPRERegs</name>
         <load_address>0x18d64</load_address>
         <run_address>0x18d64</run_address>
         <size>0x40</size>
         <input_file_ref idref="fl-d"/>
      </object_component>
      <object_component id="oc-2b1">
         <name>.const:g_sXTALtoMEMTIM</name>
         <load_address>0x18da4</load_address>
         <run_address>0x18da4</run_address>
         <size>0x30</size>
         <input_file_ref idref="fl-1b"/>
      </object_component>
      <object_component id="oc-3d8">
         <name>.const:tcp_state_str</name>
         <load_address>0x18dd4</load_address>
         <run_address>0x18dd4</run_address>
         <size>0x2c</size>
         <input_file_ref idref="fl-4c"/>
      </object_component>
      <object_component id="oc-1ef">
         <name>.const:$P$T1$5</name>
         <load_address>0x18e00</load_address>
         <run_address>0x18e00</run_address>
         <size>0x28</size>
         <input_file_ref idref="fl-2b"/>
      </object_component>
      <object_component id="oc-2c8">
         <name>.const:g_pui32Priority</name>
         <load_address>0x18e28</load_address>
         <run_address>0x18e28</run_address>
         <size>0x20</size>
         <input_file_ref idref="fl-12"/>
      </object_component>
      <object_component id="oc-397">
         <name>.const:g_pi16MIIClockDiv</name>
         <load_address>0x18e48</load_address>
         <run_address>0x18e48</run_address>
         <size>0x18</size>
         <input_file_ref idref="fl-b"/>
      </object_component>
      <object_component id="oc-2d1">
         <name>.const:g_pui32Dii16Regs</name>
         <load_address>0x18e60</load_address>
         <run_address>0x18e60</run_address>
         <size>0x14</size>
         <input_file_ref idref="fl-12"/>
      </object_component>
      <object_component id="oc-2ce">
         <name>.const:g_pui32EnRegs</name>
         <load_address>0x18e74</load_address>
         <run_address>0x18e74</run_address>
         <size>0x14</size>
         <input_file_ref idref="fl-12"/>
      </object_component>
      <object_component id="oc-2d4">
         <name>.const:g_pui32PendRegs</name>
         <load_address>0x18e88</load_address>
         <run_address>0x18e88</run_address>
         <size>0x14</size>
         <input_file_ref idref="fl-12"/>
      </object_component>
      <object_component id="oc-2d7">
         <name>.const:g_pui32UnpendRegs</name>
         <load_address>0x18e9c</load_address>
         <run_address>0x18e9c</run_address>
         <size>0x14</size>
         <input_file_ref idref="fl-12"/>
      </object_component>
      <object_component id="oc-53a">
         <name>.const:memp_num</name>
         <load_address>0x18eb0</load_address>
         <run_address>0x18eb0</run_address>
         <size>0x12</size>
         <input_file_ref idref="fl-46"/>
      </object_component>
      <object_component id="oc-537">
         <name>.const:memp_sizes</name>
         <load_address>0x18ec2</load_address>
         <run_address>0x18ec2</run_address>
         <size>0x12</size>
         <input_file_ref idref="fl-46"/>
      </object_component>
      <object_component id="oc-3cb">
         <name>.const:tcp_pcb_lists</name>
         <load_address>0x18ed4</load_address>
         <run_address>0x18ed4</run_address>
         <size>0x10</size>
         <input_file_ref idref="fl-4c"/>
      </object_component>
      <object_component id="oc-3d5">
         <name>.const:.string:tcp_backoff</name>
         <load_address>0x18ee4</load_address>
         <run_address>0x18ee4</run_address>
         <size>0xd</size>
         <input_file_ref idref="fl-4c"/>
      </object_component>
      <object_component id="oc-2c0">
         <name>.const:g_pui32VCOFrequencies</name>
         <load_address>0x18ef4</load_address>
         <run_address>0x18ef4</run_address>
         <size>0x8</size>
         <input_file_ref idref="fl-1b"/>
      </object_component>
      <object_component id="oc-47b">
         <name>.const</name>
         <load_address>0x18efc</load_address>
         <run_address>0x18efc</run_address>
         <size>0x8</size>
         <input_file_ref idref="fl-f"/>
      </object_component>
      <object_component id="oc-2a9">
         <name>.const</name>
         <load_address>0x18f04</load_address>
[...]
         <value>0x1609b</value>
         <object_component_ref idref="oc-1ca"/>
      </symbol>
      <symbol id="sm-1b9b">
         <name>dio_detect_s_edge</name>
         <value>0x15fd7</value>
         <object_component_ref idref="oc-1ca"/>
      </symbol>
      <symbol id="sm-1b9c">
         <name>data_stream_init</name>
         <value>0x16039</value>
         <object_component_ref idref="oc-1ca"/>
      </symbol>
      <symbol id="sm-1bad">
         <name>_c_int00</name>
         <value>0x178d9</value>
         <object_component_ref idref="oc-25"/>
      </symbol>
      <symbol id="sm-1bae">
         <name>__stack</name>
         <value>0x20038000</value>
         <object_component_ref idref="oc-2b"/>
      </symbol>
      <symbol id="sm-1bcc">
         <name>__TI_decompress_lzss</name>
         <value>0x17509</value>
         <object_component_ref idref="oc-13"/>
      </symbol>
      <symbol id="sm-1be3">
         <name>__TI_decompress_none</name>
         <value>0x17e95</value>
         <object_component_ref idref="oc-19"/>
      </symbol>
      <symbol id="sm-1bf5">
         <name>__TI_zero_init</name>
         <value>0x17ea3</value>
         <object_component_ref idref="oc-1f"/>
      </symbol>
      <symbol id="sm-1c16">
         <name>C$$EXIT</name>
         <value>0x1792d</value>
         <object_component_ref idref="oc-7f"/>
      </symbol>
      <symbol id="sm-1c17">
         <name>abort</name>
         <value>0x17931</value>
         <object_component_ref idref="oc-7f"/>
      </symbol>
      <symbol id="sm-1c18">
         <name>exit</name>
         <value>0x17939</value>
         <object_component_ref idref="oc-7f"/>
      </symbol>
      <symbol id="sm-1c19">
         <name>__TI_dtors_ptr</name>
         <value>0x200245e0</value>
         <object_component_ref idref="oc-16f"/>
      </symbol>
      <symbol id="sm-1c1a">
         <name>__TI_cleanup_ptr</name>
         <value>0x200245dc</value>
         <object_component_ref idref="oc-16f"/>
      </symbol>
      <symbol id="sm-1c1b">
         <name>__TI_enable_exit_profile_output</name>
         <value>0x200245e4</value>
         <object_component_ref idref="oc-16f"/>
      </symbol>
      <symbol id="sm-1c32">
         <name>__aeabi_dsub</name>
         <value>0x15965</value>
         <object_component_ref idref="oc-1a9"/>
      </symbol>
      <symbol id="sm-1c33">
         <name>__aeabi_dadd</name>
         <value>0x1596f</value>
         <object_component_ref idref="oc-1a9"/>
      </symbol>
      <symbol id="sm-1c55">
         <name>__aeabi_cdcmpeq</name>
         <value>0x17079</value>
         <object_component_ref idref="oc-1ea"/>
      </symbol>
      <symbol id="sm-1c56">
         <name>__aeabi_cdcmple</name>
         <value>0x17079</value>
         <object_component_ref idref="oc-1ea"/>
      </symbol>
      <symbol id="sm-1c57">
         <name>__aeabi_cdrcmple</name>
         <value>0x170ff</value>
         <object_component_ref idref="oc-1e4"/>
      </symbol>
      <symbol id="sm-1c6b">
         <name>__aeabi_ddiv</name>
         <value>0x16261</value>
         <object_component_ref idref="oc-1bd"/>
      </symbol>
      <symbol id="sm-1c76">
         <name>__aeabi_dmul</name>
         <value>0x16601</value>
         <object_component_ref idref="oc-1b3"/>
      </symbol>
      <symbol id="sm-1c82">
         <name>__aeabi_d2f</name>
         <value>0x173c1</value>
         <object_component_ref idref="oc-1fd"/>
      </symbol>
      <symbol id="sm-1c8c">
         <name>__aeabi_d2uiz</name>
         <value>0x17b01</value>
         <object_component_ref idref="oc-1df"/>
      </symbol>
      <symbol id="sm-1cb3">
         <name>puts</name>
         <value>0x165d9</value>
         <object_component_ref idref="oc-214"/>
      </symbol>
      <symbol id="sm-1cb4">
         <name>fputs</name>
         <value>0x164cd</value>
         <object_component_ref idref="oc-214"/>
      </symbol>
      <symbol id="sm-1cbf">
         <name>__aeabi_f2d</name>
         <value>0x17c0b</value>
         <object_component_ref idref="oc-20e"/>
      </symbol>
      <symbol id="sm-1cc9">
         <name>__aeabi_i2d</name>
         <value>0x17c79</value>
         <object_component_ref idref="oc-1ae"/>
      </symbol>
      <symbol id="sm-1cd9">
         <name>memchr</name>
         <value>0x17d49</value>
         <object_component_ref idref="oc-48d"/>
      </symbol>
      <symbol id="sm-1ce9">
         <name>memcmp</name>
         <value>0x17d25</value>
         <object_component_ref idref="oc-3f1"/>
      </symbol>
      <symbol id="sm-1d04">
         <name>memcpy</name>
         <value>0x16e25</value>
         <object_component_ref idref="oc-4f"/>
      </symbol>
      <symbol id="sm-1d05">
         <name>__aeabi_memcpy</name>
         <value>0x16e25</value>
         <object_component_ref idref="oc-4f"/>
      </symbol>
      <symbol id="sm-1d06">
         <name>__aeabi_memcpy8</name>
         <value>0x16e25</value>
         <object_component_ref idref="oc-4f"/>
      </symbol>
      <symbol id="sm-1d07">
         <name>__aeabi_memcpy4</name>
         <value>0x16e25</value>
         <object_component_ref idref="oc-4f"/>
      </symbol>
      <symbol id="sm-1d16">
         <name>__aeabi_memset</name>
         <value>0x17187</value>
         <object_component_ref idref="oc-5b"/>
      </symbol>
      <symbol id="sm-1d17">
         <name>memset</name>
         <value>0x1718d</value>
         <object_component_ref idref="oc-5b"/>
      </symbol>
      <symbol id="sm-1d18">
         <name>__aeabi_memset8</name>
         <value>0x17187</value>
         <object_component_ref idref="oc-5b"/>
      </symbol>
      <symbol id="sm-1d19">
         <name>__aeabi_memset4</name>
         <value>0x17187</value>
         <object_component_ref idref="oc-5b"/>
      </symbol>
      <symbol id="sm-1d1a">
         <name>__aeabi_memclr8</name>
         <value>0x17185</value>
         <object_component_ref idref="oc-5b"/>
      </symbol>
      <symbol id="sm-1d1b">
         <name>__aeabi_memclr4</name>
         <value>0x17185</value>
         <object_component_ref idref="oc-5b"/>
      </symbol>
      <symbol id="sm-1d1c">
         <name>__aeabi_memclr</name>
         <value>0x17185</value>
         <object_component_ref idref="oc-5b"/>
      </symbol>
      <symbol id="sm-1d26">
         <name>__mpu_init</name>
         <value>0x9343</value>
         <object_component_ref idref="oc-67"/>
      </symbol>
      <symbol id="sm-1d30">
         <name>_system_pre_init</name>
         <value>0x17ec1</value>
         <object_component_ref idref="oc-6d"/>
      </symbol>
      <symbol id="sm-1d49">
         <name>printf</name>
         <value>0x17359</value>
         <object_component_ref idref="oc-106"/>
      </symbol>
      <symbol id="sm-1d63">
         <name>rand</name>
         <value>0x17a83</value>
         <object_component_ref idref="oc-4fa"/>
      </symbol>
      <symbol id="sm-1d64">
         <name>srand</name>
         <value>0x17a6d</value>
         <object_component_ref idref="oc-4fa"/>
      </symbol>
      <symbol id="sm-1d6c">
         <name>main_func_sp</name>
         <value>0x20024638</value>
         <object_component_ref idref="oc-85"/>
      </symbol>
      <symbol id="sm-1d7a">
         <name>strcpy</name>
         <value>0x17e6d</value>
         <object_component_ref idref="oc-4c9"/>
      </symbol>
      <symbol id="sm-1d88">
         <name>strlen</name>
         <value>0x17e81</value>
         <object_component_ref idref="oc-255"/>
      </symbol>
      <symbol id="sm-1d93">
         <name>__aeabi_ui2d</name>
         <value>0x17d69</value>
         <object_component_ref idref="oc-1b8"/>
      </symbol>
      <symbol id="sm-1db9">
         <name>_stream</name>
         <value>0x200244f8</value>
         <object_component_ref idref="oc-65a"/>
      </symbol>
      <symbol id="sm-1dba">
         <name>_device</name>
         <value>0x20024480</value>
         <object_component_ref idref="oc-722"/>
      </symbol>
      <symbol id="sm-1dbb">
         <name>write</name>
         <value>0x17cfd</value>
         <object_component_ref idref="oc-499"/>
      </symbol>
      <symbol id="sm-1dd9">
         <name>__TI_wrt_ok</name>
         <value>0x16d79</value>
         <object_component_ref idref="oc-487"/>
      </symbol>
      <symbol id="sm-1dda">
         <name>__TI_rd_ok</name>
         <value>0x16ddb</value>
         <object_component_ref idref="oc-487"/>
      </symbol>
      <symbol id="sm-1df3">
         <name>_nop</name>
         <value>0x17e53</value>
         <object_component_ref idref="oc-440"/>
      </symbol>
      <symbol id="sm-1df4">
         <name>_lock</name>
         <value>0x20024600</value>
         <object_component_ref idref="oc-172"/>
      </symbol>
      <symbol id="sm-1df5">
         <name>_unlock</name>
         <value>0x20024604</value>
         <object_component_ref idref="oc-172"/>
      </symbol>
      <symbol id="sm-1df6">
         <name>_register_lock</name>
         <value>0x17e4b</value>
         <object_component_ref idref="oc-440"/>
      </symbol>
      <symbol id="sm-1df7">
         <name>_register_unlock</name>
         <value>0x17e45</value>
         <object_component_ref idref="oc-440"/>
      </symbol>
      <symbol id="sm-1efd">
         <name>__TI_printfi</name>
         <value>0x8a49</value>
         <object_component_ref idref="oc-375"/>
      </symbol>
      <symbol id="sm-1f11">
         <name>_args_main</name>
         <value>0x17dfd</value>
         <object_component_ref idref="oc-79"/>
      </symbol>
      <symbol id="sm-1f27">
         <name>atoi</name>
         <value>0x179d5</value>
         <object_component_ref idref="oc-568"/>
      </symbol>
      <symbol id="sm-1f51">
         <name>__TI_auto_init</name>
         <value>0x17271</value>
         <object_component_ref idref="oc-73"/>
      </symbol>
      <symbol id="sm-1f6b">
         <name>copy_in</name>
         <value>0x17a21</value>
         <object_component_ref idref="oc-159"/>
      </symbol>
      <symbol id="sm-1f76">
         <name>_ctypes_</name>
         <value>0x185e8</value>
         <object_component_ref idref="oc-6c1"/>
      </symbol>
      <symbol id="sm-1f8b">
         <name>__TI_tmpnams</name>
         <value>0x2001f060</value>
      </symbol>
      <symbol id="sm-1f8c">
         <name>__aeabi_stdout</name>
         <value>0x200245d4</value>
         <object_component_ref idref="oc-655"/>
      </symbol>
      <symbol id="sm-1f8d">
         <name>__aeabi_stderr</name>
         <value>0x200245d8</value>
         <object_component_ref idref="oc-655"/>
      </symbol>
      <symbol id="sm-1f8e">
         <name>__aeabi_stdin</name>
         <value>0x200245d0</value>
         <object_component_ref idref="oc-655"/>
      </symbol>
      <symbol id="sm-1f8f">
         <name>_ftable</name>
         <value>0x200242c8</value>
         <object_component_ref idref="oc-37b"/>
      </symbol>
      <symbol id="sm-1f90">
         <name>__TI_ft_end</name>
         <value>0x200245cc</value>
         <object_component_ref idref="oc-655"/>
      </symbol>
      <symbol id="sm-1f9a">
         <name>__aeabi_d2iz</name>
         <value>0x17ab9</value>
         <object_component_ref idref="oc-54b"/>
      </symbol>
      <symbol id="sm-1fb4">
         <name>__TI_doflush</name>
         <value>0x16a75</value>
         <object_component_ref idref="oc-493"/>
      </symbol>
      <symbol id="sm-1fb5">
         <name>fflush</name>
         <value>0x16ac1</value>
         <object_component_ref idref="oc-493"/>
      </symbol>
      <symbol id="sm-1fcc">
         <name>putc</name>
         <value>0x16f59</value>
         <object_component_ref idref="oc-36f"/>
      </symbol>
      <symbol id="sm-1fcd">
         <name>fputc</name>
         <value>0x16f59</value>
         <object_component_ref idref="oc-36f"/>
      </symbol>
      <symbol id="sm-1fce">
         <name>putchar</name>
         <value>0x16fdd</value>
         <object_component_ref idref="oc-36f"/>
      </symbol>
      <symbol id="sm-1fe0">
         <name>fseek</name>
         <value>0x176a5</value>
         <object_component_ref idref="oc-645"/>
      </symbol>
      <symbol id="sm-1ff1">
         <name>HOSTclose</name>
         <value>0x17b45</value>
         <object_component_ref idref="oc-77b"/>
      </symbol>
      <symbol id="sm-2002">
         <name>HOSTlseek</name>
         <value>0x17571</value>
         <object_component_ref idref="oc-78d"/>
      </symbol>
      <symbol id="sm-2014">
         <name>parmbuf</name>
         <value>0x2001e3f8</value>
      </symbol>
      <symbol id="sm-2015">
         <name>HOSTopen</name>
         <value>0x1776d</value>
         <object_component_ref idref="oc-775"/>
      </symbol>
      <symbol id="sm-2026">
         <name>HOSTread</name>
         <value>0x17829</value>
         <object_component_ref idref="oc-781"/>
      </symbol>
      <symbol id="sm-2037">
         <name>HOSTrename</name>
         <value>0x1749d</value>
         <object_component_ref idref="oc-799"/>
      </symbol>
      <symbol id="sm-2048">
         <name>HOSTunlink</name>
         <value>0x17b89</value>
         <object_component_ref idref="oc-793"/>
      </symbol>
      <symbol id="sm-2059">
         <name>HOSTwrite</name>
         <value>0x17881</value>
         <object_component_ref idref="oc-787"/>
      </symbol>
      <symbol id="sm-206a">
         <name>lseek</name>
         <value>0x17cd5</value>
         <object_component_ref idref="oc-6ff"/>
      </symbol>
      <symbol id="sm-2079">
         <name>ltoa</name>
         <value>0x17981</value>
         <object_component_ref idref="oc-550"/>
      </symbol>
      <symbol id="sm-2089">
         <name>memccpy</name>
         <value>0x17dc7</value>
         <object_component_ref idref="oc-56e"/>
      </symbol>
      <symbol id="sm-20a4">
         <name>frexpl</name>
         <value>0x17709</value>
         <object_component_ref idref="oc-556"/>
      </symbol>
      <symbol id="sm-20a5">
         <name>frexp</name>
         <value>0x17709</value>
         <object_component_ref idref="oc-556"/>
      </symbol>
      <symbol id="sm-20c2">
         <name>scalbn</name>
         <value>0x166fd</value>
         <object_component_ref idref="oc-55c"/>
      </symbol>
      <symbol id="sm-20c3">
         <name>scalbnl</name>
         <value>0x166fd</value>
         <object_component_ref idref="oc-55c"/>
      </symbol>
      <symbol id="sm-20c4">
         <name>ldexpl</name>
         <value>0x166fd</value>
         <object_component_ref idref="oc-55c"/>
      </symbol>
      <symbol id="sm-20c5">
         <name>ldexp</name>
         <value>0x166fd</value>
         <object_component_ref idref="oc-55c"/>
      </symbol>
      <symbol id="sm-20e1">
         <name>setvbuf</name>
         <value>0x167f9</value>
         <object_component_ref idref="oc-64b"/>
      </symbol>
      <symbol id="sm-20eb">
         <name>_system_post_cinit</name>
         <value>0xf9eb</value>
         <object_component_ref idref="oc-15f"/>
      </symbol>
      <symbol id="sm-20fb">
         <name>strchr</name>
         <value>0x17e2d</value>
         <object_component_ref idref="oc-562"/>
      </symbol>
      <symbol id="sm-2116">
         <name>__TI_readmsg</name>
         <value>0x1760b</value>
         <object_component_ref idref="oc-7c2"/>
      </symbol>
      <symbol id="sm-2117">
         <name>C$$IO$$</name>
         <value>0x17607</value>
         <object_component_ref idref="oc-7c2"/>
      </symbol>
      <symbol id="sm-2118">
         <name>__CIOBUF_</name>
         <value>0x2001e2d8</value>
         <object_component_ref idref="oc-7f0"/>
      </symbol>
      <symbol id="sm-2119">
         <name>__TI_writemsg</name>
         <value>0x175d9</value>
         <object_component_ref idref="oc-7c2"/>
      </symbol>
      <symbol id="sm-2135">
         <name>__aeabi_uldivmod</name>
         <value>0x153f5</value>
         <object_component_ref idref="oc-546"/>
      </symbol>
      <symbol id="sm-213d">
         <name>errno</name>
         <value>0x20024628</value>
         <object_component_ref idref="oc-6ba"/>
      </symbol>
      <symbol id="sm-2174">
         <name>__TI_cleanup</name>
         <value>0x156b1</value>
         <object_component_ref idref="oc-70d"/>
      </symbol>
      <symbol id="sm-2175">
         <name>freopen</name>
         <value>0x156dd</value>
         <object_component_ref idref="oc-70d"/>
      </symbol>
      <symbol id="sm-2176">
         <name>fopen</name>
         <value>0x15707</value>
         <object_component_ref idref="oc-70d"/>
      </symbol>
      <symbol id="sm-21e5">
         <name>_sys_memory</name>
         <value>0x2001f4a8</value>
         <object_component_ref idref="oc-2c"/>
      </symbol>
      <symbol id="sm-21e6">
         <name>free</name>
         <value>0x128eb</value>
         <object_component_ref idref="oc-707"/>
      </symbol>
      <symbol id="sm-21e7">
         <name>realloc</name>
         <value>0x129ad</value>
         <object_component_ref idref="oc-707"/>
      </symbol>
      <symbol id="sm-21e8">
         <name>memalign</name>
         <value>0x12ab5</value>
         <object_component_ref idref="oc-707"/>
      </symbol>
      <symbol id="sm-21e9">
         <name>calloc</name>
         <value>0x12ba1</value>
         <object_component_ref idref="oc-707"/>
      </symbol>
      <symbol id="sm-21ea">
         <name>malloc</name>
         <value>0x12881</value>
         <object_component_ref idref="oc-707"/>
      </symbol>
      <symbol id="sm-21eb">
         <name>minit</name>
         <value>0x12801</value>
         <object_component_ref idref="oc-707"/>
      </symbol>
      <symbol id="sm-2208">
         <name>open</name>
         <value>0x16cbd</value>
         <object_component_ref idref="oc-764"/>
      </symbol>
      <symbol id="sm-2212">
         <name>copysign</name>
         <value>0x17e59</value>
         <object_component_ref idref="oc-6b4"/>
      </symbol>
      <symbol id="sm-2213">
         <name>copysignl</name>
         <value>0x17e59</value>
         <object_component_ref idref="oc-6b4"/>
      </symbol>
      <symbol id="sm-2229">
         <name>__TI_closefile</name>
         <value>0x16ec1</value>
         <object_component_ref idref="oc-76a"/>
      </symbol>
      <symbol id="sm-222a">
         <name>fclose</name>
         <value>0x16f27</value>
         <object_component_ref idref="oc-76a"/>
      </symbol>
      <symbol id="sm-2244">
         <name>finddevice</name>
         <value>0x172e1</value>
         <object_component_ref idref="oc-7a8"/>
      </symbol>
      <symbol id="sm-2245">
         <name>getdevice</name>
         <value>0x1730b</value>
         <object_component_ref idref="oc-7a8"/>
      </symbol>
      <symbol id="sm-2255">
         <name>strcmp</name>
         <value>0x17e15</value>
         <object_component_ref idref="oc-7da"/>
      </symbol>
      <symbol id="sm-2265">
         <name>strncpy</name>
         <value>0x17c43</value>
         <object_component_ref idref="oc-7e0"/>
      </symbol>
      <symbol id="sm-2275">
         <name>unlink</name>
         <value>0x17ca9</value>
         <object_component_ref idref="oc-7b7"/>
      </symbol>
      <symbol id="sm-2289">
         <name>close</name>
         <value>0x177cd</value>
         <object_component_ref idref="oc-7b1"/>
      </symbol>
      <symbol id="sm-228a">
         <name>__TI_static_base__</name>
         <value>0x0</value>
      </symbol>
      <symbol id="sm-228d">
         <name>SHT$$INIT_ARRAY$$Limit</name>
         <value>0x0</value>
      </symbol>
      <symbol id="sm-228e">
         <name>SHT$$INIT_ARRAY$$Base</name>
         <value>0x0</value>
      </symbol>
      <symbol id="sm-228f">
         <name>remove</name>
         <value>0x17ca9</value>
      </symbol>
   </symbol_table>
   <title>Link successful</title>
</link_info>
