******************************************************************************
                  TI ARM Linker PC v16.9.4                     
******************************************************************************
>> Linked Fri May 25 17:21:23 2018

OUTPUT FILE NAME:   <sf_bl_v2.3.out>
ENTRY POINT SYMBOL: "_c_int00"  address: 000178d9


MEMORY CONFIGURATION

         name            origin    length      used     unused   attr    fill
----------------------  --------  ---------  --------  --------  ----  --------
  FLASH                 00000000   000f0000  000190a0  000d6f60  R  X
  SRAM                  20000000   00038000  000244b0  00013b50  RW X
  SRAM_STACK            20038000   00008000  00008000  00000000  RW X


SEGMENT ALLOCATION MAP

run origin  load origin   length   init length attrs members
----------  ----------- ---------- ----------- ----- -------
00000000    00000000    000190a8   000190a8    r-x
  00000000    00000000    00000208   00000208    r-- .intvecs
  00000208    00000208    00017cbc   00017cbc    r-x .text
  00017ec8    00017ec8    0000106c   0000106c    r-- .const
  00018f38    00018f38    00000170   00000170    r-- .cinit
20000000    20000000    0000026c   00000000    rw-
  20000000    20000000    0000026c   00000000    rw- .vtable
20000400    20000400    00024246   00000000    rw-
  20000400    20000400    0001f0a6   00000000    rw- .bss
  2001f4a8    2001f4a8    00004000   00000000    rw- .sysmem
  200234a8    200234a8    0000119e   00000000    rw- .data
20038000    20038000    00008000   00000000    rw-
  20038000    20038000    00008000   00000000    rw- .stack


SECTION ALLOCATION MAP

 output                                  attributes/
section   page    origin      length       input sections
--------  ----  ----------  ----------   ----------------
.intvecs   0    00000000    00000208     
                  00000000    00000208     tm4c1294ncpdt_startup_ccs.obj (.intvecs)

.text      0    00000208    00017cbc     
                  00000208    00002a00     ff.obj (.text)
                  00002c08    0000177c     ws_func.obj (.text)
                  00004384    00001638     dhcp.obj (.text)
                  000059bc    000015d0     tcp_in.obj (.text)
                  00006f8c    00001278     tcp.obj (.text)
                  00008204    0000113e     rtsv7M4_T_le_v4SPD16_eabi.lib : _printfi.obj (.text)
                  00009342    00000002                                   : mpu_init.obj (.text)
                  00009344    00000fc4     tcp_out.obj (.text)
                  0000a308    00000ef0     sysctl.obj (.text)
                  0000b1f8    00000d20     emac.obj (.text)
                  0000bf18    00000bd8     etharp.obj (.text)
                  0000caf0    00000b4c     gpio.obj (.text)
                  0000d63c    00000ad4     pbuf.obj (.text)
                  0000e110    000008d4     ethernetif.obj (.text)
                  0000e9e4    00000848     ip_frag.obj (.text)
                  0000f22c    000007be     adc.obj (.text)
                  0000f9ea    00000002     rtsv7M4_T_le_v4SPD16_eabi.lib : startup.obj (.text)
                  0000f9ec    000006a0     tftpserver.obj (.text)
                  0001008c    00000656     timer.obj (.text)
                  000106e2    00000002     timers.obj (.text)
                  000106e4    0000060c     udp.obj (.text)
                  00010cf0    000005d8     sw_crc.obj (.text)
                  000112c8    000004e0     udma.obj (.text)
                  000117a8    00000470     eeprom.obj (.text)
                  00011c18    00000414     mem.obj (.text)
                  0001202c    000003f8     upgrader.obj (.text)
                  00012424    000003dc     bsp_config.obj (.text)
                  00012800    000003d0     rtsv7M4_T_le_v4SPD16_eabi.lib : memory.obj (.text)
                  00012bd0    000003c8     ip.obj (.text)
                  00012f98    000003c4     inet_chksum.obj (.text)
                  0001335c    000003c4     ip_addr.obj (.text)
                  00013720    000003c0     interrupt.obj (.text)
                  00013ae0    000003b8     flash.obj (.text)
                  00013e98    00000390     netif.obj (.text)
                  00014228    0000033e     bsp_GPIO.obj (.text)
                  00014566    00000002     --HOLE-- [fill = 0]
                  00014568    00000318     dig_led.obj (.text)
                  00014880    0000026c     raw.obj (.text)
                  00014aec    00000264     bsp_TIMER.obj (.text)
                  00014d50    00000240     icmp.obj (.text)
                  00014f90    00000240     led.obj (.text)
                  000151d0    00000224     system.obj (.text)
                  000153f4    000001f4     rtsv7M4_T_le_v4SPD16_eabi.lib : ull_div_t2.obj (.text)
                  000155e8    000001c4                                   : fopen.obj (.text)
                  000157ac    000001b8     netconf.obj (.text)
                  00015964    000001b6     rtsv7M4_T_le_v4SPD16_eabi.lib : fd_add_t2.obj (.text)
                  00015b1a    00000002     --HOLE-- [fill = 0]
                  00015b1c    000001a8     ethernet.obj (.text)
                  00015cc4    00000188     watchdog.obj (.text)
                  00015e4c    0000017c     aio_config.obj (.text)
                  00015fc8    00000158     utilities.obj (.text)
                  00016120    00000140     memp.obj (.text)
                  00016260    00000136     rtsv7M4_T_le_v4SPD16_eabi.lib : fd_div_t2.obj (.text)
                  00016396    00000002     --HOLE-- [fill = 0]
                  00016398    00000134     rng.obj (.text)
                  000164cc    00000134     rtsv7M4_T_le_v4SPD16_eabi.lib : fputs.obj (.text)
                  00016600    000000fc                                   : fd_mul_t2.obj (.text)
                  000166fc    000000fc                                   : s_scalbn.obj (.text)
                  000167f8    000000dc                                   : setvbuf.obj (.text)
                  000168d4    000000d4     tftputils.obj (.text)
                  000169a8    000000cc     RandomMAC.obj (.text)
                  00016a74    000000c8     rtsv7M4_T_le_v4SPD16_eabi.lib : fflush.obj (.text)
                  00016b3c    000000c0     fpu.obj (.text)
                  00016bfc    000000c0     main.obj (.text)
                  00016cbc    000000bc     rtsv7M4_T_le_v4SPD16_eabi.lib : open.obj (.text)
                  00016d78    000000ac                                   : _io_perm.obj (.text)
                  00016e24    0000009c                                   : memcpy_t2.obj (.text)
                  00016ec0    00000098                                   : fclose.obj (.text)
                  00016f58    00000098                                   : fputc.obj (.text)
                  00016ff0    00000088     systick.obj (.text)
                  00017078    00000086     rtsv7M4_T_le_v4SPD16_eabi.lib : fd_cmp_t2.obj (.text:__aeabi_cdcmple)
                  000170fe    00000086                                   : fd_cmp_t2.obj (.text:__aeabi_cdrcmple)
                  00017184    0000007a                                   : memset_t2.obj (.text)
                  000171fe    00000072     reset.obj (.text)
                  00017270    00000070     rtsv7M4_T_le_v4SPD16_eabi.lib : autoinit.obj (.text)
                  000172e0    00000070                                   : getdevice.obj (.text)
                  00017350    00000070                                   : printf.obj (.text)
                  000173c0    0000006e                                   : fd_tos_t2.obj (.text)
                  0001742e    0000006c     def.obj (.text)
                  0001749a    00000002     --HOLE-- [fill = 0]
                  0001749c    0000006c     rtsv7M4_T_le_v4SPD16_eabi.lib : hostrename.obj (.text)
                  00017508    00000068                                   : copy_decompress_lzss.obj (.text:decompress:lzss)
                  00017570    00000068                                   : hostlseek.obj (.text)
                  000175d8    00000068                                   : trgmsg.obj (.text)
                  00017640    00000064     diskio.obj (.text)
                  000176a4    00000064     rtsv7M4_T_le_v4SPD16_eabi.lib : fseek.obj (.text)
                  00017708    00000064                                   : s_frexp.obj (.text)
                  0001776c    00000060                                   : hostopen.obj (.text)
                  000177cc    0000005c                                   : close.obj (.text)
                  00017828    00000058                                   : hostread.obj (.text)
                  00017880    00000058                                   : hostwrite.obj (.text)
                  000178d8    00000054                                   : boot.obj (.text)
                  0001792c    00000054                                   : exit.obj (.text)
                  00017980    00000054                                   : ltoa.obj (.text)
                  000179d4    0000004c                                   : atoi.obj (.text)
                  00017a20    0000004c                                   : cpy_tbl.obj (.text)
                  00017a6c    0000004c                                   : rand.obj (.text)
                  00017ab8    00000048                                   : fd_toi_t2.obj (.text)
                  00017b00    00000044                                   : fd_tou_t2.obj (.text)
                  00017b44    00000044                                   : hostclose.obj (.text)
                  00017b88    00000044                                   : hostunlink.obj (.text)
                  00017bcc    0000003e     cpu.obj (.text)
                  00017c0a    00000038     rtsv7M4_T_le_v4SPD16_eabi.lib : fs_tod_t2.obj (.text)
                  00017c42    00000036                                   : strncpy.obj (.text)
                  00017c78    0000002e                                   : i_tofd_t2.obj (.text)
                  00017ca6    00000002     --HOLE-- [fill = 0]
                  00017ca8    0000002c                                   : unlink.obj (.text)
                  00017cd4    00000028                                   : lseek.obj (.text)
                  00017cfc    00000028                                   : write.obj (.text)
                  00017d24    00000024                                   : memcmp.obj (.text)
                  00017d48    00000020                                   : memchr.obj (.text)
                  00017d68    00000020                                   : u_tofd_t2.obj (.text)
                  00017d88    00000020     sys_arch.obj (.text)
                  00017da8    0000001e     bsp_GPIO.obj (.text:GPIO_TagConfigProperties)
                  00017dc6    0000001c     rtsv7M4_T_le_v4SPD16_eabi.lib : memccpy.obj (.text)
                  00017de2    00000018     init.obj (.text)
                  00017dfa    00000002     --HOLE-- [fill = 0]
                  00017dfc    00000018     rtsv7M4_T_le_v4SPD16_eabi.lib : args_main.obj (.text)
                  00017e14    00000018                                   : strcmp.obj (.text)
                  00017e2c    00000016                                   : strchr.obj (.text)
                  00017e42    00000002     --HOLE-- [fill = 0]
                  00017e44    00000014                                   : _lock.obj (.text)
                  00017e58    00000014                                   : s_copysign.obj (.text)
                  00017e6c    00000014                                   : strcpy.obj (.text)
                  00017e80    00000014                                   : strlen.obj (.text)
                  00017e94    0000000e                                   : copy_decompress_none.obj (.text:decompress:none)
                  00017ea2    0000000c                                   : copy_zero_init.obj (.text:decompress:ZI)
                  00017eae    0000000c     tm4c1294ncpdt_startup_ccs.obj (.text)
                  00017eba    00000006     sysctl.obj (.text:SysCtlDelay)
                  00017ec0    00000004     rtsv7M4_T_le_v4SPD16_eabi.lib : pre_init.obj (.text)

.const     0    00017ec8    0000106c     
                  00017ec8    00000400     sw_crc.obj (.const:g_pui32Crc32)
                  000182c8    00000200     sw_crc.obj (.const:g_pui16Crc16)
                  000184c8    00000120     sysctl.obj (.const:g_pppui32XTALtoVCO)
                  000185e8    00000101     rtsv7M4_T_le_v4SPD16_eabi.lib : ctype.obj (.const:.string:_ctypes_)
                  000186e9    00000100     sw_crc.obj (.const:.string:g_pui8Crc8CCITT)
                  000187e9    00000003     --HOLE-- [fill = 0]
                  000187ec    000000c0     gpio.obj (.const:g_ppui32GPIOIntMapBlizzard)
                  000188ac    000000c0     gpio.obj (.const:g_ppui32GPIOIntMapSnowflake)
                  0001896c    0000009c     interrupt.obj (.const:g_pui32Regs)
                  00018a08    00000090     gpio.obj (.const:g_pui32GPIOBaseAddrs)
                  00018a98    00000086     tftpserver.obj (.const:.string)
                  00018b1e    00000080     ff.obj (.const:.string:excvt$1)
                  00018b9e    00000002     --HOLE-- [fill = 0]
                  00018ba0    00000076     tcp.obj (.const:.string)
                  00018c16    00000002     --HOLE-- [fill = 0]
                  00018c18    0000006c     sysctl.obj (.const:g_pui32Xtals)
                  00018c84    00000060     timer.obj (.const:g_ppui32TimerIntMap)
                  00018ce4    00000040     timer.obj (.const:g_ppui32TimerIntMapSnowflake)
                  00018d24    00000040     flash.obj (.const:g_pui32FMPPERegs)
                  00018d64    00000040     flash.obj (.const:g_pui32FMPRERegs)
                  00018da4    00000030     sysctl.obj (.const:g_sXTALtoMEMTIM)
                  00018dd4    0000002c     tcp.obj (.const:tcp_state_str)
                  00018e00    00000028     ws_func.obj (.const:$P$T1$5)
                  00018e28    00000020     interrupt.obj (.const:g_pui32Priority)
                  00018e48    00000018     emac.obj (.const:g_pi16MIIClockDiv)
                  00018e60    00000014     interrupt.obj (.const:g_pui32Dii16Regs)
                  00018e74    00000014     interrupt.obj (.const:g_pui32EnRegs)
                  00018e88    00000014     interrupt.obj (.const:g_pui32PendRegs)
                  00018e9c    00000014     interrupt.obj (.const:g_pui32UnpendRegs)
                  00018eb0    00000012     memp.obj (.const:memp_num)
                  00018ec2    00000012     memp.obj (.const:memp_sizes)
                  00018ed4    00000010     tcp.obj (.const:tcp_pcb_lists)
                  00018ee4    0000000d     tcp.obj (.const:.string:tcp_backoff)
                  00018ef1    00000003     --HOLE-- [fill = 0]
                  00018ef4    00000008     sysctl.obj (.const:g_pui32VCOFrequencies)
                  00018efc    00000008     gpio.obj (.const)
                  00018f04    00000008     timer.obj (.const)
                  00018f0c    00000007     tcp.obj (.const:.string:tcp_persist_backoff)
                  00018f13    00000006     ethernet.obj (.const:.string:$P$T0$1)
                  00018f19    00000006     etharp.obj (.const:ethbroadcast)
                  00018f1f    00000006     etharp.obj (.const:ethzero)
                  00018f25    00000004     ws_func.obj (.const:.string:$P$T0$1)
                  00018f29    00000003     --HOLE-- [fill = 0]
                  00018f2c    00000004     ip_addr.obj (.const:ip_addr_any)
                  00018f30    00000004     ip_addr.obj (.const:ip_addr_broadcast)

.cinit     0    00018f38    00000170     
                  00018f38    00000136     (.cinit..data.load) [load image, compression = lzss]
                  0001906e    00000002     --HOLE-- [fill = 0]
                  00019070    0000000c     (__TI_handler_table)
                  0001907c    00000004     --HOLE-- [fill = 0]
                  00019080    00000008     (.cinit..bss.load) [load image, compression = zero_init]
                  00019088    00000008     (.cinit..vtable.load) [load image, compression = zero_init]
                  00019090    00000018     (__TI_cinit_table)

.init_array 
*          0    00000000    00000000     UNINITIALIZED

.vtable    0    20000000    0000026c     UNINITIALIZED
                  20000000    0000026c     interrupt.obj (.vtable)

.bss       0    20000400    0001f0a6     UNINITIALIZED
                  20000400    0001001c     (.common:ram_heap)
                  2001041c    0000d49c     memp.obj (.bss:memp_memory)
                  2001d8b8    00000510     (.common:lqr_fr1)
                  2001ddc8    00000510     (.common:lqr_fr2)
                  2001e2d8    00000120     rtsv7M4_T_le_v4SPD16_eabi.lib : trgmsg.obj (.bss:_CIOBUF_)
                  2001e3f8    00000008     (.common:parmbuf)
                  2001e400    00000400     (.common:pui8ControlTable)
                  2001e800    00000230     (.common:filesystem)
                  2001ea30    00000224     (.common:file_CR)
                  2001ec54    00000224     (.common:file_SD)
                  2001ee78    00000120     (.common:g_pTxDescriptors)
                  2001ef98    000000c8     etharp.obj (.bss:arp_table)
                  2001f060    000000a0     (.common:__TI_tmpnams)
                  2001f100    00000090     (.common:g_pRxDescriptors)
                  2001f190    00000078     (.common:fls_1)
                  2001f208    00000078     (.common:fls_2)
                  2001f280    0000003c     (.common:lwip_netif)
                  2001f2bc    00000028     (.common:dhcp_rx_options_val)
                  2001f2e4    00000024     memp.obj (.bss:memp_tab)
                  2001f308    0000001c     tcp_in.obj (.bss)
                  2001f324    0000001c     (.common:dir_1)
                  2001f340    00000018     ws_func.obj (.bss:ctrl_signal_bus)
                  2001f358    00000018     ws_func.obj (.bss:ctrl_signal_web)
                  2001f370    00000018     (.common:g_upgrader)
                  2001f388    00000018     (.common:sys_led_ms)
                  2001f3a0    00000018     (.common:sys_led_ns)
                  2001f3b8    00000010     tcp_in.obj (.bss:inseg)
                  2001f3c8    00000010     ip_addr.obj (.bss:str$1)
                  2001f3d8    00000010     (.common:alive_monitor_1)
                  2001f3e8    00000010     (.common:alive_monitor_2)
                  2001f3f8    0000000c     mem.obj (.bss)
                  2001f404    0000000c     (.common:dhcp_rx_options_given)
                  2001f410    0000000a     (.common:iodata_in)
                  2001f41a    0000000a     (.common:iodata_out)
                  2001f424    00000006     ip_frag.obj (.bss)
                  2001f42a    00000002     ff.obj (.bss)
                  2001f42c    00000004     ff.obj (.bss:FatFs)
                  2001f430    00000004     adc.obj (.bss:g_pui8OversampleFactor)
                  2001f434    00000004     raw.obj (.bss)
                  2001f438    00000004     (.common:SystemCoreClock)
                  2001f43c    00000004     (.common:TIMER_divide_for_ms)
                  2001f440    00000004     (.common:TIMER_divide_for_us)
                  2001f444    00000004     (.common:TIMER_divide_for_us_10)
                  2001f448    00000004     (.common:UDPpcb)
                  2001f44c    00000004     (.common:current_header)
                  2001f450    00000004     (.common:current_iphdr_dest)
                  2001f454    00000004     (.common:current_iphdr_src)
                  2001f458    00000004     (.common:current_netif)
                  2001f45c    00000004     (.common:g_ui32AbnormalInts)
                  2001f460    00000004     (.common:g_ui32NormalInts)
                  2001f464    00000004     (.common:jump_config)
                  2001f468    00000004     (.common:netif_default)
                  2001f46c    00000004     (.common:netif_list)
                  2001f470    00000004     (.common:tcp_active_pcbs)
                  2001f474    00000004     (.common:tcp_bound_pcbs)
                  2001f478    00000004     (.common:tcp_input_pcb)
                  2001f47c    00000004     (.common:tcp_listen_pcbs)
                  2001f480    00000004     (.common:tcp_ticks)
                  2001f484    00000004     (.common:tcp_tmp_pcb)
                  2001f488    00000004     (.common:tcp_tw_pcbs)
                  2001f48c    00000004     (.common:temp_restore)
                  2001f490    00000004     (.common:udp_pcbs)
                  2001f494    00000002     ip.obj (.bss)
                  2001f496    00000002     tcp.obj (.bss)
                  2001f498    00000001     etharp.obj (.bss)
                  2001f499    00000001     netif.obj (.bss)
                  2001f49a    00000001     (.common:MAC0)
                  2001f49b    00000001     (.common:MAC1)
                  2001f49c    00000001     (.common:MAC2)
                  2001f49d    00000001     (.common:MAC3)
                  2001f49e    00000001     (.common:MAC4)
                  2001f49f    00000001     (.common:MAC5)
                  2001f4a0    00000001     (.common:aio_bin_exist_flag)
                  2001f4a1    00000001     (.common:aio_bl_config)
                  2001f4a2    00000001     (.common:aio_logo_sel)
                  2001f4a3    00000001     (.common:aio_network_sel)
                  2001f4a4    00000001     (.common:g_error)
                  2001f4a5    00000001     (.common:tcp_active_pcbs_changed)

.sysmem    0    2001f4a8    00004000     UNINITIALIZED
                  2001f4a8    00000008     rtsv7M4_T_le_v4SPD16_eabi.lib : memory.obj (.sysmem)
                  2001f4b0    00003ff8     --HOLE--

.data      0    200234a8    0000119e     UNINITIALIZED
                  200234a8    00000640     ws_func.obj (.data:qv_flowrate_buf_1)
                  20023ae8    00000640     ws_func.obj (.data:qv_flowrate_buf_2)
                  20024128    000001a0     ws_func.obj (.data)
                  200242c8    000000f0     rtsv7M4_T_le_v4SPD16_eabi.lib : defs.obj (.data:_ftable)
                  200243b8    000000c8     ws_func.obj (.data:leak_index_buf)
                  20024480    00000078     rtsv7M4_T_le_v4SPD16_eabi.lib : write.obj (.data:_device)
                  200244f8    00000050                                   : write.obj (.data:_stream)
                  20024548    00000024     upgrader.obj (.data)
                  2002456c    00000020     tftpserver.obj (.data:tftp_errorcode_string)
                  2002458c    00000010     bsp_config.obj (.data)
                  2002459c    00000010     ethernetif.obj (.data:g_RxDescList)
                  200245ac    00000010     ethernetif.obj (.data:g_TxDescList)
                  200245bc    00000010     netconf.obj (.data)
                  200245cc    00000010     rtsv7M4_T_le_v4SPD16_eabi.lib : defs.obj (.data)
                  200245dc    0000000c                                   : exit.obj (.data:$O1$$)
                  200245e8    0000000c                                   : memory.obj (.data:$O1$$)
                  200245f4    0000000c     ethernetif.obj (.data:g_StellarisIFData)
                  20024600    00000008     rtsv7M4_T_le_v4SPD16_eabi.lib : _lock.obj (.data:$O1$$)
                  20024608    00000008     ethernetif.obj (.data)
                  20024610    00000008     tcp.obj (.data)
                  20024618    00000008     tcp_in.obj (.data)
                  20024620    00000004     dhcp.obj (.data)
                  20024624    00000004     led.obj (.data)
                  20024628    00000004     rtsv7M4_T_le_v4SPD16_eabi.lib : errno.obj (.data)
                  2002462c    00000004                                   : fopen.obj (.data)
                  20024630    00000004                                   : open.obj (.data)
                  20024634    00000004                                   : rand.obj (.data)
                  20024638    00000004                                   : stkdepth_vars.obj (.data)
                  2002463c    00000004     bsp_config.obj (.data:time_counter)
                  20024640    00000002     ethernet.obj (.data)
                  20024642    00000002     udp.obj (.data)
                  20024644    00000001     RandomMAC.obj (.data)
                  20024645    00000001     rng.obj (.data)

.stack     0    20038000    00008000     UNINITIALIZED
                  20038000    00008000     --HOLE--

MODULE SUMMARY

       Module                          code    ro data   rw data
       ------                          ----    -------   -------
    .\
       tm4c1294ncpdt_startup_ccs.obj   12      520       0      
    +--+-------------------------------+-------+---------+---------+
       Total:                          12      520       0      
                                                                
    .\TivaWare\driverlib\
       sysctl.obj                      3830    452       0      
       gpio.obj                        2892    536       0      
       emac.obj                        3360    24        0      
       sw_crc.obj                      1496    1792      0      
       adc.obj                         1982    0         4      
       interrupt.obj                   960     268       620    
       timer.obj                       1622    168       0      
       udma.obj                        1248    0         0      
       eeprom.obj                      1136    0         0      
       flash.obj                       952     128       0      
       watchdog.obj                    392     0         0      
       fpu.obj                         192     0         0      
       systick.obj                     136     0         0      
       cpu.obj                         62      0         0      
    +--+-------------------------------+-------+---------+---------+
       Total:                          20260   3368      624    
                                                                
    .\application\
       ws_func.obj                     6012    44        6456   
       system.obj                      548     0         48     
       led.obj                         576     0         4      
       aio_config.obj                  380     0         8      
       flowsensor.obj                  0       0         244    
       main.obj                        192     0         0      
       io_data_struct.obj              0       0         20     
    +--+-------------------------------+-------+---------+---------+
       Total:                          7708    44        6780   
                                                                
    .\bl_config\
       upgrader.obj                    1016    0         65     
       netconf.obj                     440     0         76     
       ethernet.obj                    424     6         2      
    +--+-------------------------------+-------+---------+---------+
       Total:                          1880    6         143    
                                                                
    .\bsp_userconfig\
       bsp_config.obj                  988     0         1076   
       bsp_GPIO.obj                    860     0         0      
       dig_led.obj                     792     0         0      
       bsp_TIMER.obj                   612     0         12     
    +--+-------------------------------+-------+---------+---------+
       Total:                          3252    0         1088   
                                                                
    .\lwip-1.4.1\port\tiva-tm4c129\
       ethernetif.obj                  2260    0         492    
    +--+-------------------------------+-------+---------+---------+
       Total:                          2260    0         492    
                                                                
    .\lwip-1.4.1\port\tiva-tm4c129\arch\
       sys_arch.obj                    32      0         0      
    +--+-------------------------------+-------+---------+---------+
       Total:                          32      0         0      
                                                                
    .\lwip-1.4.1\src\core\
       mem.obj                         1044    0         65576  
       memp.obj                        320     36        54464  
       dhcp.obj                        5688    0         56     
       tcp_in.obj                      5584    0         56     
       tcp.obj                         4728    198       35     
       tcp_out.obj                     4036    0         0      
       pbuf.obj                        2772    0         0      
       udp.obj                         1548    0         6      
       netif.obj                       912     0         9      
       raw.obj                         620     0         4      
       def.obj                         108     0         0      
       init.obj                        24      0         0      
       timers.obj                      2       0         0      
    +--+-------------------------------+-------+---------+---------+
       Total:                          27386   234       120206 
                                                                
    .\lwip-1.4.1\src\core\ipv4\
       ip_frag.obj                     2120    0         6      
       ip_addr.obj                     964     8         16     
       ip.obj                          968     0         18     
       inet_chksum.obj                 964     0         0      
       icmp.obj                        576     0         0      
    +--+-------------------------------+-------+---------+---------+
       Total:                          5592    8         40     
                                                                
    .\lwip-1.4.1\src\netif\
       etharp.obj                      3032    12        201    
    +--+-------------------------------+-------+---------+---------+
       Total:                          3032    12        201    
                                                                
    .\tftp\
       ff.obj                          10752   128       6      
       tftpserver.obj                  1696    134       1720   
       tftputils.obj                   212     0         0      
       diskio.obj                      100     0         0      
    +--+-------------------------------+-------+---------+---------+
       Total:                          12760   262       1726   
                                                                
    .\utilities\
       utilities.obj                   344     0         0      
       rng.obj                         308     0         1      
       RandomMAC.obj                   204     0         7      
       reset.obj                       114     0         0      
    +--+-------------------------------+-------+---------+---------+
       Total:                          970     0         8      
                                                                
    C:\ti\ccsv7\tools\compiler\ti-cgt-arm_16.9.4.LTS\lib\rtsv7M4_T_le_v4SPD16_eabi.lib
       _printfi.obj                    4414    0         0      
       memory.obj                      976     0         12     
       ull_div_t2.obj                  500     0         0      
       fopen.obj                       452     0         4      
       fd_add_t2.obj                   438     0         0      
       defs.obj                        0       0         416    
       trgmsg.obj                      104     0         288    
       fd_div_t2.obj                   310     0         0      
       fputs.obj                       308     0         0      
       fd_cmp_t2.obj                   268     0         0      
       ctype.obj                       0       257       0      
       fd_mul_t2.obj                   252     0         0      
       s_scalbn.obj                    252     0         0      
       write.obj                       40      0         200    
       setvbuf.obj                     220     0         0      
       fflush.obj                      200     0         0      
       open.obj                        188     0         4      
       _io_perm.obj                    172     0         0      
       memcpy_t2.obj                   156     0         0      
       fclose.obj                      152     0         0      
       fputc.obj                       152     0         0      
       memset_t2.obj                   122     0         0      
       autoinit.obj                    112     0         0      
       getdevice.obj                   112     0         0      
       printf.obj                      112     0         0      
       fd_tos_t2.obj                   110     0         0      
       hostrename.obj                  108     0         0      
       copy_decompress_lzss.obj        104     0         0      
       hostlseek.obj                   104     0         0      
       hostopen.obj                    96      0         8      
       fseek.obj                       100     0         0      
       s_frexp.obj                     100     0         0      
       exit.obj                        84      0         12     
       close.obj                       92      0         0      
       hostread.obj                    88      0         0      
       hostwrite.obj                   88      0         0      
       boot.obj                        84      0         0      
       ltoa.obj                        84      0         0      
       rand.obj                        76      0         4      
       atoi.obj                        76      0         0      
       cpy_tbl.obj                     76      0         0      
       fd_toi_t2.obj                   72      0         0      
       fd_tou_t2.obj                   68      0         0      
       hostclose.obj                   68      0         0      
       hostunlink.obj                  68      0         0      
       fs_tod_t2.obj                   56      0         0      
       strncpy.obj                     54      0         0      
       i_tofd_t2.obj                   46      0         0      
       unlink.obj                      44      0         0      
       lseek.obj                       40      0         0      
       memcmp.obj                      36      0         0      
       memchr.obj                      32      0         0      
       u_tofd_t2.obj                   32      0         0      
       _lock.obj                       20      0         8      
       memccpy.obj                     28      0         0      
       args_main.obj                   24      0         0      
       strcmp.obj                      24      0         0      
       strchr.obj                      22      0         0      
       s_copysign.obj                  20      0         0      
       strcpy.obj                      20      0         0      
       strlen.obj                      20      0         0      
       copy_decompress_none.obj        14      0         0      
       copy_zero_init.obj              12      0         0      
       errno.obj                       0       0         4      
       pre_init.obj                    4       0         0      
       stkdepth_vars.obj               0       0         4      
       mpu_init.obj                    2       0         0      
       startup.obj                     2       0         0      
    +--+-------------------------------+-------+---------+---------+
       Total:                          12310   257       964    
                                                                
       Heap:                           0       0         16384  
       Stack:                          0       0         32768  
       Linker Generated:               0       362       0      
    +--+-------------------------------+-------+---------+---------+
       Grand Total:                    97454   5073      181424 


LINKER GENERATED COPY TABLES

__TI_cinit_table @ 00019090 records: 3, size/record: 8, table size: 24
	.data: load addr=00018f38, load size=00000136 bytes, run addr=200234a8, run size=0000119e bytes, compression=lzss
	.bss: load addr=00019080, load size=00000008 bytes, run addr=20000400, run size=0001f0a6 bytes, compression=zero_init
	.vtable: load addr=00019088, load size=00000008 bytes, run addr=20000000, run size=0000026c bytes, compression=zero_init


LINKER GENERATED HANDLER TABLE

__TI_handler_table @ 00019070 records: 3, size/record: 4, table size: 12
	index: 0, handler: __TI_zero_init
	index: 1, handler: __TI_decompress_lzss
	index: 2, handler: __TI_decompress_none


GLOBAL SYMBOLS: SORTED ALPHABETICALLY BY Name 

address   name                                        
-------   ----                                        
0000f963  ADCBusy                                     
0000f9ab  ADCClockConfigGet                           
0000f981  ADCClockConfigSet                           
0000f783  ADCComparatorConfigure                      
0000f853  ADCComparatorIntClear                       
0000f809  ADCComparatorIntDisable                     
0000f827  ADCComparatorIntEnable                      
0000f845  ADCComparatorIntStatus                      
0000f79f  ADCComparatorRegionSet                      
0000f7c3  ADCComparatorReset                          
0000f751  ADCHardwareOversampleConfigure              
0000f367  ADCIntClear                                 
0000f8cb  ADCIntClearEx                               
0000f2cd  ADCIntDisable                               
0000f865  ADCIntDisableEx                             
0000f2e9  ADCIntEnable                                
0000f87d  ADCIntEnableEx                              
0000f287  ADCIntRegister                              
0000f30f  ADCIntStatus                                
0000f899  ADCIntStatusEx                              
0000f2af  ADCIntUnregister                            
0000f91d  ADCPhaseDelayGet                            
0000f90b  ADCPhaseDelaySet                            
0000f5c7  ADCProcessorTrigger                         
0000f8f9  ADCReferenceGet                             
0000f8dd  ADCReferenceSet                             
0000f3b1  ADCSequenceConfigure                        
0000f947  ADCSequenceDMADisable                       
0000f92b  ADCSequenceDMAEnable                        
0000f585  ADCSequenceDataGet                          
0000f397  ADCSequenceDisable                          
0000f37d  ADCSequenceEnable                           
0000f529  ADCSequenceOverflow                         
0000f541  ADCSequenceOverflowClear                    
0000f435  ADCSequenceStepConfigure                    
0000f557  ADCSequenceUnderflow                        
0000f56f  ADCSequenceUnderflowClear                   
0000f5eb  ADCSoftwareOversampleConfigure              
0000f6e3  ADCSoftwareOversampleDataGet                
0000f623  ADCSoftwareOversampleStepConfigure          
00012425  BSP_Init                                    
00012573  BSP_Loop                                    
00012575  BSP_uDMAControlMemorySet                    
0001792d  C$$EXIT                                     
00017607  C$$IO$$                                     
00017c01  CPUbasepriGet                               
00017bf3  CPUbasepriSet                               
00017bcd  CPUcpsid                                    
00017be3  CPUcpsie                                    
00017bd9  CPUprimask                                  
00017bef  CPUwfi                                      
00010e31  Crc16                                       
00010fd9  Crc16Array                                  
00010fed  Crc16Array3                                 
00011139  Crc32                                       
00010cf1  Crc8CCITT                                   
0001257f  DMAError_IntHandler                         
0001186d  EEPROMBlockCountGet                         
00011b29  EEPROMBlockHide                             
00011ab5  EEPROMBlockLock                             
00011a6d  EEPROMBlockPasswordSet                      
00011a2d  EEPROMBlockProtectGet                       
00011a41  EEPROMBlockProtectSet                       
00011add  EEPROMBlockUnlock                           
0001181d  EEPROMInit                                  
00011bb7  EEPROMIntClear                              
00011b69  EEPROMIntDisable                            
00011b45  EEPROMIntEnable                             
00011b87  EEPROMIntStatus                             
000119ef  EEPROMMassErase                             
000118d1  EEPROMProgram                               
000119ad  EEPROMProgramNonBlocking                    
0001187b  EEPROMRead                                  
00011861  EEPROMSizeGet                               
00011bdf  EEPROMStatusGet                             
0000b4fb  EMACAddrFilterGet                           
0000b4b9  EMACAddrFilterSet                           
0000b445  EMACAddrGet                                 
0000b3ef  EMACAddrSet                                 
0000b395  EMACConfigGet                               
0000b34b  EMACConfigSet                               
0000b6c9  EMACDMAStateGet                             
0000b535  EMACFrameFilterGet                          
0000b515  EMACFrameFilterSet                          
0000b58d  EMACHashFilterBitCalculate                  
0000b56b  EMACHashFilterGet                           
0000b551  EMACHashFilterSet                           
0000b1f9  EMACInit                                    
0000b8dd  EMACIntClear                                
0000b821  EMACIntDisable                              
0000b7bd  EMACIntEnable                               
0000b78f  EMACIntRegister                             
0000b881  EMACIntStatus                               
0000b7a5  EMACIntUnregister                           
0000b4a7  EMACNumAddrGet                              
0000b2eb  EMACPHYConfigSet                            
0000b9d5  EMACPHYExtendedRead                         
0000ba1d  EMACPHYExtendedWrite                        
0000ba6d  EMACPHYPowerOff                             
0000ba99  EMACPHYPowerOn                              
0000b989  EMACPHYRead                                 
0000b935  EMACPHYWrite                                
0000beef  EMACPowerManagementControlGet               
0000bec7  EMACPowerManagementControlSet               
0000bf03  EMACPowerManagementStatusGet                
0000be89  EMACRemoteWakeUpFrameFilterGet              
0000be4b  EMACRemoteWakeUpFrameFilterSet              
0000b2c9  EMACReset                                   
0000b675  EMACRxDMACurrentBufferGet                   
0000b661  EMACRxDMACurrentDescriptorGet               
0000b651  EMACRxDMADescriptorListGet                  
0000b63d  EMACRxDMADescriptorListSet                  
0000b62b  EMACRxDMAPollDemand                         
0000b76d  EMACRxDisable                               
0000b74b  EMACRxEnable                                
0000b5e9  EMACRxWatchdogTimerSet                      
0000b605  EMACStatusGet                               
0000bc0d  EMACTimestampAddendSet                      
0000baf5  EMACTimestampConfigGet                      
0000bac5  EMACTimestampConfigSet                      
0000bb45  EMACTimestampDisable                        
0000bb15  EMACTimestampEnable                         
0000bc91  EMACTimestampIntStatus                      
0000bd09  EMACTimestampPPSCommand                     
0000bce5  EMACTimestampPPSCommandModeSet              
0000bd31  EMACTimestampPPSPeriodSet                   
0000bca1  EMACTimestampPPSSimpleModeSet               
0000bb93  EMACTimestampSysTimeGet                     
0000bb5d  EMACTimestampSysTimeSet                     
0000bbc3  EMACTimestampSysTimeUpdate                  
0000bc79  EMACTimestampTargetIntDisable               
0000bc61  EMACTimestampTargetIntEnable                
0000bc39  EMACTimestampTargetSet                      
0000b6b9  EMACTxDMACurrentBufferGet                   
0000b6a9  EMACTxDMACurrentDescriptorGet               
0000b699  EMACTxDMADescriptorListGet                  
0000b685  EMACTxDMADescriptorListSet                  
0000b619  EMACTxDMAPollDemand                         
0000b729  EMACTxDisable                               
0000b707  EMACTxEnable                                
0000b6dd  EMACTxFlush                                 
0000bdcf  EMACVLANHashFilterBitCalculate              
0000be3b  EMACVLANHashFilterGet                       
0000be27  EMACVLANHashFilterSet                       
0000bd6b  EMACVLANRxConfigGet                         
0000bd4f  EMACVLANRxConfigSet                         
0000bdab  EMACVLANTxConfigGet                         
0000bd8d  EMACVLANTxConfigSet                         
20024608  ETH_rec_counter                             
00015c29  EthernetLoop_EIP_Process                    
00015c1d  EthernetLoop_TCP_Process                    
00015c15  EthernetLoop_UpdateLink                     
00015b1d  Ethernet_Init                               
00015b87  Ethernet_InitMACPHYDMA                      
0001584d  Ethernet_IntHandler                         
00015c83  Ethernet_RequestFromBrowser                 
00015c2b  Ethernet_UpdateLink                         
00016b4f  FPUDisable                                  
00016b3d  FPUEnable                                   
00016bbb  FPUFlushToZeroModeSet                       
00016b87  FPUHalfPrecisionModeSet                     
00016b6f  FPULazyStackingEnable                       
00016ba1  FPUNaNModeSet                               
00016bd5  FPURoundingModeSet                          
00016b7b  FPUStackingDisable                          
00016b5d  FPUStackingEnable                           
00013d3d  FlashAllUserRegisterGet                     
00013d6f  FlashAllUserRegisterSet                     
00013ae1  FlashErase                                  
00013e55  FlashIntClear                               
00013e19  FlashIntDisable                             
00013e01  FlashIntEnable                              
00013ddd  FlashIntRegister                            
00013e39  FlashIntStatus                              
00013df1  FlashIntUnregister                          
00013b1b  FlashProgram                                
00013b9d  FlashProtectGet                             
00013cd1  FlashProtectSave                            
00013c11  FlashProtectSet                             
00013d05  FlashUserGet                                
00013da9  FlashUserSave                               
00013d23  FlashUserSet                                
0000d617  GPIOADCTriggerDisable                       
0000d5f9  GPIOADCTriggerEnable                        
0000d5db  GPIODMATriggerDisable                       
0000d5bd  GPIODMATriggerEnable                        
0000cbaf  GPIODirModeGet                              
0000cb53  GPIODirModeSet                              
0001531d  GPIOE_ISR                                   
0000d11f  GPIOIntClear                                
0000d0e3  GPIOIntDisable                              
0000d0c9  GPIOIntEnable                               
0000d133  GPIOIntRegister                             
0000d0fd  GPIOIntStatus                               
0000cc9f  GPIOIntTypeGet                              
0000cbfb  GPIOIntTypeSet                              
0000d151  GPIOIntUnregister                           
0001531b  GPIOJ_ISR                                   
0000cf77  GPIOPadConfigGet                            
0000cd3d  GPIOPadConfigSet                            
0000d55f  GPIOPinConfigure                            
0000d16b  GPIOPinRead                                 
0000d1a3  GPIOPinTypeADC                              
0000d1c7  GPIOPinTypeCAN                              
0000d1eb  GPIOPinTypeComparator                       
0000d20f  GPIOPinTypeComparatorOutput                 
0000d233  GPIOPinTypeDIVSCLK                          
0000d257  GPIOPinTypeEPI                              
0000d27b  GPIOPinTypeEthernetLED                      
0000d29f  GPIOPinTypeEthernetMII                      
0000d2c3  GPIOPinTypeGPIOInput                        
0000d2e7  GPIOPinTypeGPIOOutput                       
0000d30b  GPIOPinTypeGPIOOutputOD                     
0000d32f  GPIOPinTypeHibernateRTCCLK                  
0000d353  GPIOPinTypeI2C                              
0000d377  GPIOPinTypeI2CSCL                           
0000d39b  GPIOPinTypeLCD                              
0000d3bf  GPIOPinTypeOneWire                          
0000d3e3  GPIOPinTypePWM                              
0000d407  GPIOPinTypeQEI                              
0000d42b  GPIOPinTypeSSI                              
0000d44f  GPIOPinTypeTimer                            
0000d473  GPIOPinTypeTrace                            
0000d497  GPIOPinTypeUART                             
0000d4bb  GPIOPinTypeUSBAnalog                        
0000d4df  GPIOPinTypeUSBDigital                       
0000d503  GPIOPinTypeWakeHigh                         
0000d529  GPIOPinTypeWakeLow                          
0000d54f  GPIOPinWakeStatus                           
0000d183  GPIOPinWrite                                
000144a9  GPIO_ConfigInterrupt                        
0001452f  GPIO_GetAndClearInt                         
0001424d  GPIO_Tag2PinData                            
00014229  GPIO_Tag2PinInfo                            
00017da9  GPIO_TagConfigProperties                    
0001427f  GPIO_TagConfigPropertiesAF                  
00014379  GPIO_TagRead                                
00014399  GPIO_TagStateRead                           
00014433  GPIO_TagStateWriteOnce                      
0001446f  GPIO_TagToggle                              
000143b3  GPIO_TagWrite                               
00014409  GPIO_TagWriteOnce                           
000143e3  GPIO_TagWritePort                           
00017b45  HOSTclose                                   
00017571  HOSTlseek                                   
0001776d  HOSTopen                                    
00017829  HOSTread                                    
0001749d  HOSTrename                                  
00017b89  HOSTunlink                                  
00017881  HOSTwrite                                   
2002461a  HTTP_CONFILICT_ENABLE                       
200245c8  IPaddress                                   
0000e111  InitDMADescriptors                          
000138e1  IntDisable                                  
0001386f  IntEnable                                   
00013953  IntIsEnabled                                
00013733  IntMasterDisable                            
00013723  IntMasterEnable                             
00013a49  IntPendClear                                
000139d9  IntPendSet                                  
0001384b  IntPriorityGet                              
000137c3  IntPriorityGroupingGet                      
000137a9  IntPriorityGroupingSet                      
00013aa3  IntPriorityMaskGet                          
00013a97  IntPriorityMaskSet                          
000137fb  IntPrioritySet                              
00013743  IntRegister                                 
00003fb5  IntTimer4Handler                            
0001531f  IntTimer5Handler                            
00013aab  IntTrigger                                  
00013795  IntUnregister                               
00015889  LWIP_LinkCallback                           
000157ad  LwIP_Init                                   
000158f9  LwIP_Periodic_Handle                        
0001586b  LwIP_Set_Link_State                         
2001f49a  MAC0                                        
2001f49b  MAC1                                        
2001f49c  MAC2                                        
2001f49d  MAC3                                        
2001f49e  MAC4                                        
2001f49f  MAC5                                        
00017eaf  ResetISR                                    
UNDEFED   SHT$$INIT_ARRAY$$Base                       
UNDEFED   SHT$$INIT_ARRAY$$Limit                      
0000b19b  SysCtlAltClkConfig                          
0000a975  SysCtlClockFreqSet                          
0000ae59  SysCtlClockGet                              
0000b17f  SysCtlClockOutConfig                        
0000ac8d  SysCtlClockSet                              
0000a875  SysCtlDeepSleep                             
0000b021  SysCtlDeepSleepClockConfigSet               
0000b005  SysCtlDeepSleepClockSet                     
0000a855  SysCtlDeepSleepPowerSet                     
00017ebb  SysCtlDelay                                 
0000a401  SysCtlFlashSectorSizeGet                    
0000a3d5  SysCtlFlashSizeGet                          
0000b0f7  SysCtlGPIOAHBDisable                        
0000b0db  SysCtlGPIOAHBEnable                         
0000a7e9  SysCtlIntClear                              
0000a7d1  SysCtlIntDisable                            
0000a7bd  SysCtlIntEnable                             
0000a795  SysCtlIntRegister                           
0000a7f9  SysCtlIntStatus                             
0000a7ad  SysCtlIntUnregister                         
0000a83b  SysCtlLDODeepSleepGet                       
0000a82b  SysCtlLDODeepSleepSet                       
0000a825  SysCtlLDOSleepGet                           
0000a815  SysCtlLDOSleepSet                           
0000a8ab  SysCtlMOSCConfigSet                         
0000b16b  SysCtlNMIClear                              
0000b165  SysCtlNMIStatus                             
0000a8c1  SysCtlPIOSCCalibrate                        
0000b0c5  SysCtlPWMClockGet                           
0000b0ab  SysCtlPWMClockSet                           
0000a741  SysCtlPeripheralClockGating                 
0000a6f9  SysCtlPeripheralDeepSleepDisable            
0000a6a9  SysCtlPeripheralDeepSleepEnable             
0000a5e5  SysCtlPeripheralDisable                     
0000a5a9  SysCtlPeripheralEnable                      
0000a4e5  SysCtlPeripheralPowerOff                    
0000a4a9  SysCtlPeripheralPowerOn                     
0000a429  SysCtlPeripheralPresent                     
0000a469  SysCtlPeripheralReady                       
0000a521  SysCtlPeripheralReset                       
0000a66d  SysCtlPeripheralSleepDisable                
0000a629  SysCtlPeripheralSleepEnable                 
0000a865  SysCtlReset                                 
0000a921  SysCtlResetBehaviorGet                      
0000a911  SysCtlResetBehaviorSet                      
0000a897  SysCtlResetCauseClear                       
0000a891  SysCtlResetCauseGet                         
0000a3cb  SysCtlSRAMSizeGet                           
0000a86d  SysCtlSleep                                 
0000a841  SysCtlSleepPowerSet                         
0000b11f  SysCtlUSBPLLDisable                         
0000b113  SysCtlUSBPLLEnable                          
0000b14b  SysCtlVoltageEventClear                     
0000b131  SysCtlVoltageEventConfig                    
0000b145  SysCtlVoltageEventStatus                    
00016ffd  SysTickDisable                              
00016ff1  SysTickEnable                               
00017041  SysTickIntDisable                           
00017035  SysTickIntEnable                            
00017009  SysTickIntRegister                          
00017021  SysTickIntUnregister                        
0001705f  SysTickPeriodGet                            
0001704d  SysTickPeriodSet                            
00017067  SysTickValueGet                             
000125c3  SysTick_IntHandler                          
2001f438  SystemCoreClock                             
00014b81  TIMER_ConfigTimedADCTrigger                 
00014aed  TIMER_ConfigTimedInterrupt                  
00014bdd  TIMER_ConfigTimer                           
00014c71  TIMER_GetAndClearInt                        
00014c9f  TIMER_GetAndClearValue                      
00014cf5  TIMER_GetAndClearValueMs                    
00014d09  TIMER_GetAndClearValueUs                    
00014d1d  TIMER_GetAndClearValueUs_10                 
2001f43c  TIMER_divide_for_ms                         
2001f440  TIMER_divide_for_us                         
2001f444  TIMER_divide_for_us_10                      
00012619  TickLoop_IsActivated                        
00012627  TickLoop_PeriodicalCall                     
00012681  TickLoop_PeriodicalCallAtIdle               
0001272b  Time_Blink125ms                             
00012755  Time_Blink1s                                
00012735  Time_Blink250ms                             
0001273f  Time_Blink500ms                             
000126db  Time_Delay                                  
00012613  Time_GetMs                                  
00012711  Time_WaitMs                                 
000126f9  Time_WaitUs                                 
00015b79  Timer0A_IntHandler                          
00010661  TimerADCEventGet                            
0001064f  TimerADCEventSet                            
0001037d  TimerClockSourceGet                         
00010361  TimerClockSourceSet                         
0001013f  TimerConfigure                              
0001025f  TimerControlEvent                           
000101bb  TimerControlLevel                           
00010289  TimerControlStall                           
000101f1  TimerControlTrigger                         
000102bf  TimerControlWaitOnTrigger                   
00010681  TimerDMAEventGet                            
0001066f  TimerDMAEventSet                            
00010121  TimerDisable                                
00010103  TimerEnable                                 
0001062b  TimerIntClear                               
000105f5  TimerIntDisable                             
000105dd  TimerIntEnable                              
00010597  TimerIntRegister                            
0001060d  TimerIntStatus                              
000105bf  TimerIntUnregister                          
00010447  TimerLoadGet                                
00010481  TimerLoadGet64                              
0001041d  TimerLoadSet                                
00010463  TimerLoadSet64                              
0001052b  TimerMatchGet                               
00010565  TimerMatchGet64                             
00010501  TimerMatchSet                               
00010547  TimerMatchSet64                             
000103b7  TimerPrescaleGet                            
00010401  TimerPrescaleMatchGet                       
000103d3  TimerPrescaleMatchSet                       
0001038d  TimerPrescaleSet                            
00010335  TimerRTCDisable                             
0001031f  TimerRTCEnable                              
0001063d  TimerSynchronize                            
0001068f  TimerUpdateMode                             
000104b3  TimerValueGet                               
000104cf  TimerValueGet64                             
2001f448  UDPpcb                                      
20024560  WaitingTime                                 
00015cdb  WatchdogEnable                              
00015ded  WatchdogIntClear                            
00015db9  WatchdogIntEnable                           
00015d91  WatchdogIntRegister                         
00015dcf  WatchdogIntStatus                           
00015dfd  WatchdogIntTypeSet                          
00015da7  WatchdogIntUnregister                       
00015d1d  WatchdogLock                                
00015d41  WatchdogLockState                           
00015d75  WatchdogReloadGet                           
00015d63  WatchdogReloadSet                           
00015d07  WatchdogResetDisable                        
00015cf1  WatchdogResetEnable                         
00015cc5  WatchdogRunning                             
00015e31  WatchdogStallDisable                        
00015e19  WatchdogStallEnable                         
00015d2f  WatchdogUnlock                              
00015d83  WatchdogValueGet                            
2001e2d8  __CIOBUF_                                   
20040000  __STACK_END                                 
00008000  __STACK_SIZE                                
20040000  __STACK_TOP                                 
00004000  __SYSMEM_SIZE                               
00019090  __TI_CINIT_Base                             
000190a8  __TI_CINIT_Limit                            
00019070  __TI_Handler_Table_Base                     
0001907c  __TI_Handler_Table_Limit                    
00017271  __TI_auto_init                              
000156b1  __TI_cleanup                                
200245dc  __TI_cleanup_ptr                            
00016ec1  __TI_closefile                              
00017509  __TI_decompress_lzss                        
00017e95  __TI_decompress_none                        
00016a75  __TI_doflush                                
200245e0  __TI_dtors_ptr                              
200245e4  __TI_enable_exit_profile_output             
200245cc  __TI_ft_end                                 
ffffffff  __TI_pprof_out_hndl                         
00008a49  __TI_printfi                                
ffffffff  __TI_prof_data_size                         
ffffffff  __TI_prof_data_start                        
00016ddb  __TI_rd_ok                                  
0001760b  __TI_readmsg                                
00000000  __TI_static_base__                          
2001f060  __TI_tmpnams                                
000175d9  __TI_writemsg                               
00016d79  __TI_wrt_ok                                 
00017ea3  __TI_zero_init                              
00017079  __aeabi_cdcmpeq                             
00017079  __aeabi_cdcmple                             
000170ff  __aeabi_cdrcmple                            
000173c1  __aeabi_d2f                                 
00017ab9  __aeabi_d2iz                                
00017b01  __aeabi_d2uiz                               
0001596f  __aeabi_dadd                                
00016261  __aeabi_ddiv                                
00016601  __aeabi_dmul                                
00015965  __aeabi_dsub                                
00017c0b  __aeabi_f2d                                 
00017c79  __aeabi_i2d                                 
00017185  __aeabi_memclr                              
00017185  __aeabi_memclr4                             
00017185  __aeabi_memclr8                             
00016e25  __aeabi_memcpy                              
00016e25  __aeabi_memcpy4                             
00016e25  __aeabi_memcpy8                             
00017187  __aeabi_memset                              
00017187  __aeabi_memset4                             
00017187  __aeabi_memset8                             
200245d8  __aeabi_stderr                              
200245d0  __aeabi_stdin                               
200245d4  __aeabi_stdout                              
00017d69  __aeabi_ui2d                                
000153f5  __aeabi_uldivmod                            
ffffffff  __binit__                                   
ffffffff  __c_args__                                  
00009343  __mpu_init                                  
20038000  __stack                                     
00017dfd  _args_main                                  
000178d9  _c_int00                                    
000185e8  _ctypes_                                    
20024480  _device                                     
200242c8  _ftable                                     
20024600  _lock                                       
00017e53  _nop                                        
00017e4b  _register_lock                              
00017e45  _register_unlock                            
200244f8  _stream                                     
2001f4a8  _sys_memory                                 
0000f9eb  _system_post_cinit                          
00017ec1  _system_pre_init                            
20024604  _unlock                                     
200242b1  _ws_dout_old                                
200242b3  _ws_dout_old_flow_warning                   
200242b4  _ws_dout_old_leak_detected                  
200242b2  _ws_dout_old_oktoweld                       
00017931  abort                                       
2001f4a0  aio_bin_exist_flag                          
2001f4a1  aio_bl_config                               
00015f4d  aio_initAioConfig                           
2001f4a2  aio_logo_sel                                
2001f4a3  aio_network_sel                             
00015e4d  aio_readConfig                              
00015f6d  aio_rollback                                
00015ed1  aio_writeConfig                             
2001f3d8  alive_monitor_1                             
2001f3e8  alive_monitor_2                             
00012581  alive_monitor_process                       
000179d5  atoi                                        
00014f91  bicolor_led_control                         
ffffffff  binit                                       
00012ba1  calloc                                      
000177cd  close                                       
00000497  clust2sect                                  
00017a21  copy_in                                     
00017e59  copysign                                    
00017e59  copysignl                                   
2001f44c  current_header                              
2001f450  current_iphdr_dest                          
2001f454  current_iphdr_src                           
2001f458  current_netif                               
00016039  data_stream_init                            
0001609b  data_stream_process                         
2002412c  debug_count_ack                             
20024128  debug_count_status                          
20024130  debug_count_status_changed                  
2002413c  debug_flow_fault_error_count                
20024134  debug_last_status                           
20024138  debug_sensor_error_count                    
20024598  def_ipaddr_0                                
20024599  def_ipaddr_1                                
2002459a  def_ipaddr_2                                
2002459b  def_ipaddr_3                                
000049f9  dhcp_arp_reply                              
000047bd  dhcp_cleanup                                
0000454d  dhcp_coarse_tmr                             
00004597  dhcp_fine_tmr                               
000048c9  dhcp_inform                                 
0000499d  dhcp_network_changed                        
00004f3f  dhcp_release                                
00004d01  dhcp_renew                                  
2001f404  dhcp_rx_options_given                       
2001f2bc  dhcp_rx_options_val                         
000047a1  dhcp_set_struct                             
000047d7  dhcp_start                                  
00005021  dhcp_stop                                   
20024250  dif_flowrate_ramp                           
00014569  dig_led_init                                
00014753  dig_led_update                              
0001459f  dig_led_write_blank                         
00014627  dig_led_write_decimal                       
000145e3  dig_led_write_ip_end                        
00015fe7  dio_block_process                           
00015fc9  dio_detect_edge                             
00015fd7  dio_detect_s_edge                           
2001f324  dir_1                                       
00017641  disk_initialize                             
00017691  disk_ioctl                                  
00017665  disk_read                                   
00017657  disk_status                                 
0001767b  disk_write                                  
20024628  errno                                       
0000c361  etharp_cleanup_netif                        
0000c3bb  etharp_find_addr                            
0000c605  etharp_output                               
0000c771  etharp_query                                
0000c9ed  etharp_request                              
0000bf59  etharp_tmr                                  
00018f19  ethbroadcast                                
0000ca1d  ethernet_input                              
0000e88d  ethernetif_init                             
0000e96d  ethernetif_interrupt                        
0000e8d1  ethernetif_process_phy_interrupt            
00018f1f  ethzero                                     
00017939  exit                                        
00002967  f_chmod                                     
00001f99  f_close                                     
0000239b  f_getfree                                   
00001fb9  f_lseek                                     
00002721  f_mkdir                                     
000016e3  f_mount                                     
00001739  f_open                                      
0000220d  f_opendir                                   
00001985  f_read                                      
000022bd  f_readdir                                   
00002a7b  f_rename                                    
0000234b  f_stat                                      
00001e89  f_sync                                      
0000250f  f_truncate                                  
00002609  f_unlink                                    
000029f7  f_utime                                     
00001bdf  f_write                                     
00016f27  fclose                                      
00016ac1  fflush                                      
2001ea30  file_CR                                     
2001ec54  file_SD                                     
2001e800  filesystem                                  
000172e1  finddevice                                  
20024640  flag_fieldbus_down                          
20024298  flag_updated_benchmark_1                    
2002429a  flag_updated_benchmark_2                    
20024228  flow_aver_1                                 
20024238  flow_aver_1_quar                            
20024230  flow_aver_2                                 
20024240  flow_aver_2_quar                            
20024210  flow_dev_aver                               
20024218  flow_dev_aver_quar                          
20024220  flow_dev_int                                
00002c09  flowrate_acc_constrcut                      
20024268  flowrate_benchmark_1                        
20024280  flowrate_benchmark_2                        
00002c35  flowrate_lqr_fit                            
2001f190  fls_1                                       
2001f208  fls_2                                       
00015707  fopen                                       
00016f59  fputc                                       
000164cd  fputs                                       
20024270  fr_bm_candidate_1                           
20024288  fr_bm_candidate_2                           
000128eb  free                                        
000156dd  freopen                                     
00017709  frexp                                       
00017709  frexpl                                      
000176a5  fseek                                       
2002459c  g_RxDescList                                
200245ac  g_TxDescList                                
2001f4a4  g_error                                     
2001f100  g_pRxDescriptors                            
2001ee78  g_pTxDescriptors                            
20000000  g_pfnRAMVectors                             
00000000  g_pfnVectors                                
2001f45c  g_ui32AbnormalInts                          
2002454c  g_ui32DownloadBuffAddr                      
20024558  g_ui32DownloadedSize                        
2001f460  g_ui32NormalInts                            
20024548  g_ui32TransferAddress                       
20024550  g_ui32WritingPosition                       
20024554  g_ui8DownloadError                          
2002455c  g_ui8FlashError                             
20024555  g_ui8IsDownloadDone                         
20024556  g_ui8IsWrqReceived                          
2001f370  g_upgrader                                  
000169a9  gen_mac_addr                                
000004c7  get_fat                                     
00002c05  get_fattime                                 
0001730b  getdevice                                   
2002461b  global_HTTP_service_lock                    
2002461c  global_service_timer_10us                   
00014ecb  icmp_dest_unreach                           
00014d51  icmp_input                                  
00014ee1  icmp_time_exceeded                          
000132a5  inet_chksum                                 
000132bd  inet_chksum_pbuf                            
0001304b  inet_chksum_pseudo                          
00013167  inet_chksum_pseudo_partial                  
00003fd9  init_timer4                                 
0001532b  init_timer5                                 
2001f410  iodata_in                                   
2001f41a  iodata_out                                  
0001335d  ip4_addr_isbroadcast                        
000133c9  ip4_addr_netmask_valid                      
00018f2c  ip_addr_any                                 
00018f30  ip_addr_broadcast                           
0000eff1  ip_frag                                     
00012c41  ip_input                                    
00012f4b  ip_output                                   
00012e5d  ip_output_if                                
0000edc9  ip_reass                                    
0000e9e5  ip_reass_tmr                                
00012bd1  ip_route                                    
00013413  ipaddr_addr                                 
0001342b  ipaddr_aton                                 
00013631  ipaddr_ntoa                                 
00013641  ipaddr_ntoa_r                               
2002417c  isNewInternalSetting                        
2002417d  isThereNewCtrParas                          
2001f464  jump_config                                 
000166fd  ldexp                                       
000166fd  ldexpl                                      
20024248  leak_detection_quantized_index              
200241c8  leak_index_average                          
200243b8  leak_index_buf                              
20024260  leak_index_with_est                         
00015113  led_bicolor_construct                       
000150f1  led_bicolor_setperiod                       
000150b3  led_bicolor_setstate                        
000150cf  led_bicolor_setstate_temp                   
2001d8b8  lqr_fr1                                     
2001ddc8  lqr_fr2                                     
00017cd5  lseek                                       
00017981  ltoa                                        
0000e9bd  lwip_direct_packet_send                     
00017463  lwip_htonl                                  
0001742f  lwip_htons                                  
00017de3  lwip_init                                   
2001f280  lwip_netif                                  
0001748f  lwip_ntohl                                  
00017453  lwip_ntohs                                  
20024644  mac_ready                                   
00016bfd  main                                        
20024590  main_app_systick_counter                    
20024638  main_func_sp                                
00012881  malloc                                      
000039d5  max_min_choice                              
00011ff7  mem_calloc                                  
00011d17  mem_free                                    
00011cb9  mem_init                                    
00011edd  mem_malloc                                  
00011d69  mem_trim                                    
00012ab5  memalign                                    
00017dc7  memccpy                                     
00017d49  memchr                                      
00017d25  memcmp                                      
00016e25  memcpy                                      
00016213  memp_free                                   
00016121  memp_init                                   
000161cb  memp_malloc                                 
0001718d  memset                                      
00012801  minit                                       
00003941  move_average_filter                         
00013e9b  netif_add                                   
2001f468  netif_default                               
00013fb5  netif_find                                  
00013e99  netif_init                                  
2001f46c  netif_list                                  
00013f3f  netif_remove                                
00013f15  netif_set_addr                              
000140f7  netif_set_default                           
00014151  netif_set_down                              
000140bf  netif_set_gw                                
00014017  netif_set_ipaddr                            
00014205  netif_set_link_callback                     
000141d7  netif_set_link_down                         
0001417f  netif_set_link_up                           
000140db  netif_set_netmask                           
00014111  netif_set_up                                
00016cbd  open                                        
20024596  overRunFlag                                 
20024150  param_should_update                         
2001e3f8  parmbuf                                     
0000d63d  pbuf_alloc                                  
0000d843  pbuf_alloced_custom                         
0000db99  pbuf_cat                                    
0000dbdf  pbuf_chain                                  
0000db49  pbuf_clen                                   
0000def3  pbuf_coalesce                               
0000dc3f  pbuf_copy                                   
0000dd5b  pbuf_copy_partial                           
0000dbf5  pbuf_dechain                                
0000da87  pbuf_free                                   
0000df33  pbuf_get_at                                 
0000d9ab  pbuf_header                                 
0000df91  pbuf_memcmp                                 
0000e049  pbuf_memfind                                
0000d8f5  pbuf_realloc                                
0000db77  pbuf_ref                                    
0000e0c7  pbuf_strstr                                 
0000de43  pbuf_take                                   
20024278  pre_fr_bm_1                                 
20024290  pre_fr_bm_2                                 
00017359  printf                                      
0000fed5  process_tftp_request                        
[...]
000166fd  scalbn                                      
000166fd  scalbnl                                     
000167f9  setvbuf                                     
000168d5  tftp_decode_op                              
000168e3  tftp_extract_block                          
000168f5  tftp_extract_filename                       
00016907  tftp_set_opcode                             
00016923  tftp_set_errorcode                          
0001693f  tftp_set_errormsg                           
00016951  tftp_set_block                              
0001696b  tftp_set_data_message                       
00016981  tftp_is_correct_ack                         
000169a9  gen_mac_addr                                
00016a75  __TI_doflush                                
00016ac1  fflush                                      
00016b3d  FPUEnable                                   
00016b4f  FPUDisable                                  
00016b5d  FPUStackingEnable                           
00016b6f  FPULazyStackingEnable                       
00016b7b  FPUStackingDisable                          
00016b87  FPUHalfPrecisionModeSet                     
00016ba1  FPUNaNModeSet                               
00016bbb  FPUFlushToZeroModeSet                       
00016bd5  FPURoundingModeSet                          
00016bfd  main                                        
00016cbd  open                                        
00016d79  __TI_wrt_ok                                 
00016ddb  __TI_rd_ok                                  
00016e25  __aeabi_memcpy                              
00016e25  __aeabi_memcpy4                             
00016e25  __aeabi_memcpy8                             
00016e25  memcpy                                      
00016ec1  __TI_closefile                              
00016f27  fclose                                      
00016f59  fputc                                       
00016f59  putc                                        
00016fdd  putchar                                     
00016ff1  SysTickEnable                               
00016ffd  SysTickDisable                              
00017009  SysTickIntRegister                          
00017021  SysTickIntUnregister                        
00017035  SysTickIntEnable                            
00017041  SysTickIntDisable                           
0001704d  SysTickPeriodSet                            
0001705f  SysTickPeriodGet                            
00017067  SysTickValueGet                             
00017079  __aeabi_cdcmpeq                             
00017079  __aeabi_cdcmple                             
000170ff  __aeabi_cdrcmple                            
00017185  __aeabi_memclr                              
00017185  __aeabi_memclr4                             
00017185  __aeabi_memclr8                             
00017187  __aeabi_memset                              
00017187  __aeabi_memset4                             
00017187  __aeabi_memset8                             
0001718d  memset                                      
000171ff  resetInit                                   
0001723d  resetLaunch                                 
00017249  resetIsByWatchdog                           
00017271  __TI_auto_init                              
000172e1  finddevice                                  
0001730b  getdevice                                   
00017359  printf                                      
000173c1  __aeabi_d2f                                 
0001742f  lwip_htons                                  
00017453  lwip_ntohs                                  
00017463  lwip_htonl                                  
0001748f  lwip_ntohl                                  
0001749d  HOSTrename                                  
00017509  __TI_decompress_lzss                        
00017571  HOSTlseek                                   
000175d9  __TI_writemsg                               
00017607  C$$IO$$                                     
0001760b  __TI_readmsg                                
00017641  disk_initialize                             
00017657  disk_status                                 
00017665  disk_read                                   
0001767b  disk_write                                  
00017691  disk_ioctl                                  
000176a5  fseek                                       
00017709  frexp                                       
00017709  frexpl                                      
0001776d  HOSTopen                                    
000177cd  close                                       
00017829  HOSTread                                    
00017881  HOSTwrite                                   
000178d9  _c_int00                                    
0001792d  C$$EXIT                                     
00017931  abort                                       
00017939  exit                                        
00017981  ltoa                                        
000179d5  atoi                                        
00017a21  copy_in                                     
00017a6d  srand                                       
00017a83  rand                                        
00017ab9  __aeabi_d2iz                                
00017b01  __aeabi_d2uiz                               
00017b45  HOSTclose                                   
00017b89  HOSTunlink                                  
00017bcd  CPUcpsid                                    
00017bd9  CPUprimask                                  
00017be3  CPUcpsie                                    
00017bef  CPUwfi                                      
00017bf3  CPUbasepriSet                               
00017c01  CPUbasepriGet                               
00017c0b  __aeabi_f2d                                 
00017c43  strncpy                                     
00017c79  __aeabi_i2d                                 
00017ca9  remove                                      
00017ca9  unlink                                      
00017cd5  lseek                                       
00017cfd  write                                       
00017d25  memcmp                                      
00017d49  memchr                                      
00017d69  __aeabi_ui2d                                
00017d89  sys_now                                     
00017d8d  sys_arch_protect                            
00017d95  sys_arch_unprotect                          
00017da9  GPIO_TagConfigProperties                    
00017dc7  memccpy                                     
00017de3  lwip_init                                   
00017dfd  _args_main                                  
00017e15  strcmp                                      
00017e2d  strchr                                      
00017e45  _register_unlock                            
00017e4b  _register_lock                              
00017e53  _nop                                        
00017e59  copysign                                    
00017e59  copysignl                                   
00017e6d  strcpy                                      
00017e81  strlen                                      
00017e95  __TI_decompress_none                        
00017ea3  __TI_zero_init                              
00017eaf  ResetISR                                    
00017ebb  SysCtlDelay                                 
00017ec1  _system_pre_init                            
000185e8  _ctypes_                                    
00018dd4  tcp_state_str                               
00018ed4  tcp_pcb_lists                               
00018ee4  tcp_backoff                                 
00018f0c  tcp_persist_backoff                         
00018f19  ethbroadcast                                
00018f1f  ethzero                                     
00018f2c  ip_addr_any                                 
00018f30  ip_addr_broadcast                           
00019070  __TI_Handler_Table_Base                     
0001907c  __TI_Handler_Table_Limit                    
00019090  __TI_CINIT_Base                             
000190a8  __TI_CINIT_Limit                            
20000000  g_pfnRAMVectors                             
20000400  ram_heap                                    
2001d8b8  lqr_fr1                                     
2001ddc8  lqr_fr2                                     
2001e2d8  __CIOBUF_                                   
2001e3f8  parmbuf                                     
2001e400  pui8ControlTable                            
2001e800  filesystem                                  
2001ea30  file_CR                                     
2001ec54  file_SD                                     
2001ee78  g_pTxDescriptors                            
2001f060  __TI_tmpnams                                
2001f100  g_pRxDescriptors                            
2001f190  fls_1                                       
2001f208  fls_2                                       
2001f280  lwip_netif                                  
2001f2bc  dhcp_rx_options_val                         
2001f324  dir_1                                       
2001f370  g_upgrader                                  
2001f388  sys_led_ms                                  
2001f3a0  sys_led_ns                                  
2001f3d8  alive_monitor_1                             
2001f3e8  alive_monitor_2                             
2001f404  dhcp_rx_options_given                       
2001f410  iodata_in                                   
2001f41a  iodata_out                                  
2001f438  SystemCoreClock                             
2001f43c  TIMER_divide_for_ms                         
2001f440  TIMER_divide_for_us                         
2001f444  TIMER_divide_for_us_10                      
2001f448  UDPpcb                                      
2001f44c  current_header                              
2001f450  current_iphdr_dest                          
2001f454  current_iphdr_src                           
2001f458  current_netif                               
2001f45c  g_ui32AbnormalInts                          
2001f460  g_ui32NormalInts                            
2001f464  jump_config                                 
2001f468  netif_default                               
2001f46c  netif_list                                  
2001f470  tcp_active_pcbs                             
2001f474  tcp_bound_pcbs                              
2001f478  tcp_input_pcb                               
2001f47c  tcp_listen_pcbs                             
2001f480  tcp_ticks                                   
2001f484  tcp_tmp_pcb                                 
2001f488  tcp_tw_pcbs                                 
2001f48c  temp_restore                                
2001f490  udp_pcbs                                    
2001f49a  MAC0                                        
2001f49b  MAC1                                        
2001f49c  MAC2                                        
2001f49d  MAC3                                        
2001f49e  MAC4                                        
2001f49f  MAC5                                        
2001f4a0  aio_bin_exist_flag                          
2001f4a1  aio_bl_config                               
2001f4a2  aio_logo_sel                                
2001f4a3  aio_network_sel                             
2001f4a4  g_error                                     
2001f4a5  tcp_active_pcbs_changed                     
2001f4a8  _sys_memory                                 
200234a8  qv_flowrate_buf_1                           
20023ae8  qv_flowrate_buf_2                           
20024128  debug_count_status                          
2002412c  debug_count_ack                             
20024130  debug_count_status_changed                  
20024134  debug_last_status                           
20024138  debug_sensor_error_count                    
2002413c  debug_flow_fault_error_count                
20024140  ws_is_new_ipaddr_configured                 
20024141  ws_i_cmd_reset                              
20024142  ws_i_cmd_valve_on                           
20024143  ws_i_cmd_bypass                             
20024144  ws_i_cmd_brwr_write_access                  
20024145  ws_io_cmd_reset                             
20024146  ws_io_cmd_valve_on                          
20024147  ws_io_cmd_bypass                            
20024148  ws_i_web_reset                              
20024149  ws_i_web_valveon                            
2002414a  ws_i_web_bypass                             
2002414b  ws_i_bus_reset                              
2002414c  ws_i_bus_valveon                            
2002414d  ws_i_bus_bypass                             
2002414e  ws_should_ack                               
2002414f  ws_valve_is_auto_off                        
20024150  param_should_update                         
20024158  ws_i_warning_flow                           
20024160  ws_i_fault_flow                             
20024168  ws_i_stablization_delay                     
20024170  ws_i_startup_leak                           
20024178  ws_i_cmd_leak_response                      
2002417c  isNewInternalSetting                        
2002417d  isThereNewCtrParas                          
20024180  ws_def_warning_flow                         
20024188  ws_def_fault_flow                           
20024190  ws_def_stablization_delay                   
20024198  ws_def_startup_leak                         
200241a0  ws_def_cmd_leak_response                    
200241a1  ws_isNewIPAddr                              
200241a2  ws_is_ip_change_success                     
200241a3  ws_attr_err_flag                            
200241a4  ws_valveon_timestamp                        
200241a8  ws_flag_after_startup_delay                 
200241b0  ws_i_startup_leak_in_flowvolme_for_detection
200241b8  qv_flowrate_1                               
200241c0  qv_flowrate_2                               
200241c8  leak_index_average                          
200241d8  threshold_deviation_aver                    
200241e0  threshold_deviation_int                     
200241e8  ws_para_sense_quantized_index               
200241f0  threshold_leak_detection_quantized_index    
200241f8  ws_o_current_flow                           
20024200  ws_o_is_valve_on                            
20024201  ws_o_is_Bypassed                            
20024202  ws_o_is_leak_detected                       
20024203  ws_o_is_flow_warning                        
20024204  ws_o_is_flow_fault                          
20024205  ws_o_is_flow_ok                             
20024206  ws_o_inflow_status_index                    
20024207  ws_o_is_oktoweld                            
20024208  ws_o_is_minflow                             
20024209  ws_o_is_caploss                             
2002420a  ws_o_status_index                           
2002420b  ws_web_datalog_alive                        
2002420c  ws_web_datalog_alive_cnt                    
20024210  flow_dev_aver                               
20024218  flow_dev_aver_quar                          
20024220  flow_dev_int                                
20024228  flow_aver_1                                 
20024230  flow_aver_2                                 
20024238  flow_aver_1_quar                            
20024240  flow_aver_2_quar                            
20024248  leak_detection_quantized_index              
20024250  dif_flowrate_ramp                           
20024258  ws_def_dif_flowrate_ramp                    
20024260  leak_index_with_est                         
20024268  flowrate_benchmark_1                        
20024270  fr_bm_candidate_1                           
20024278  pre_fr_bm_1                                 
20024280  flowrate_benchmark_2                        
20024288  fr_bm_candidate_2                           
20024290  pre_fr_bm_2                                 
20024298  flag_updated_benchmark_1                    
20024299  trigger_bm_update_1                         
2002429a  flag_updated_benchmark_2                    
2002429b  trigger_bm_update_2                         
200242a0  weighted_leak_index                         
200242a8  weighted_rampgap_threshold                  
200242b0  ws_sensor_absense_count                     
200242b1  _ws_dout_old                                
200242b2  _ws_dout_old_oktoweld                       
200242b3  _ws_dout_old_flow_warning                   
200242b4  _ws_dout_old_leak_detected                  
200242c8  _ftable                                     
200243b8  leak_index_buf                              
20024480  _device                                     
200244f8  _stream                                     
20024548  g_ui32TransferAddress                       
2002454c  g_ui32DownloadBuffAddr                      
20024550  g_ui32WritingPosition                       
20024554  g_ui8DownloadError                          
20024555  g_ui8IsDownloadDone                         
20024556  g_ui8IsWrqReceived                          
20024558  g_ui32DownloadedSize                        
2002455c  g_ui8FlashError                             
20024560  WaitingTime                                 
2002456c  tftp_errorcode_string                       
2002458c  sysloop_overrun                             
20024590  main_app_systick_counter                    
20024594  time_slot_busy                              
20024596  overRunFlag                                 
20024598  def_ipaddr_0                                
20024599  def_ipaddr_1                                
2002459a  def_ipaddr_2                                
2002459b  def_ipaddr_3                                
2002459c  g_RxDescList                                
200245ac  g_TxDescList                                
200245bc  uip_add_0                                   
200245bd  uip_add_1                                   
200245be  uip_add_2                                   
200245bf  uip_add_3                                   
200245c8  IPaddress                                   
200245cc  __TI_ft_end                                 
200245d0  __aeabi_stdin                               
200245d4  __aeabi_stdout                              
200245d8  __aeabi_stderr                              
200245dc  __TI_cleanup_ptr                            
200245e0  __TI_dtors_ptr                              
200245e4  __TI_enable_exit_profile_output             
20024600  _lock                                       
20024604  _unlock                                     
20024608  ETH_rec_counter                             
20024618  temp_port1                                  
2002461a  HTTP_CONFILICT_ENABLE                       
2002461b  global_HTTP_service_lock                    
2002461c  global_service_timer_10us                   
20024628  errno                                       
20024638  main_func_sp                                
2002463c  time_counter                                
20024640  flag_fieldbus_down                          
20024644  mac_ready                                   
20024645  rng_initialized                             
20038000  __stack                                     
20040000  __STACK_END                                 
20040000  __STACK_TOP                                 
ffffffff  __TI_pprof_out_hndl                         
ffffffff  __TI_prof_data_size                         
ffffffff  __TI_prof_data_start                        
ffffffff  __binit__                                   
ffffffff  __c_args__                                  
ffffffff  binit                                       
UNDEFED   SHT$$INIT_ARRAY$$Base                       
UNDEFED   SHT$$INIT_ARRAY$$Limit                      

[1036 symbols]
