<?xml version="1.0"?>
<link_info>
   <banner>TI ARM Linker PC v16.9.4.LTS</banner>
   <copyright>Copyright (c) 1996-2017 Texas Instruments Incorporated</copyright>
   <link_time>0x5b065af3</link_time>
   <link_errors>0x0</link_errors>
   <output_file>sf_clean.out</output_file>
   <entry_point>
      <name>_c_int00</name>
      <address>0x1b19</address>
   </entry_point>
   <input_file_list>
      <input_file id="fl-2">
         <path>.\</path>
         <kind>object</kind>
         <file>main.obj</file>
         <name>main.obj</name>
      </input_file>
      <input_file id="fl-3">
         <path>.\</path>
         <kind>object</kind>
         <file>tm4c1294ncpdt_startup_ccs.obj</file>
         <name>tm4c1294ncpdt_startup_ccs.obj</name>
      </input_file>
      <input_file id="fl-4">
         <path>.\TivaWare\driverlib\</path>
         <kind>object</kind>
         <file>adc.obj</file>
         <name>adc.obj</name>
      </input_file>
      <input_file id="fl-5">
         <path>.\TivaWare\driverlib\</path>
         <kind>object</kind>
         <file>aes.obj</file>
         <name>aes.obj</name>
      </input_file>
      <input_file id="fl-6">
         <path>.\TivaWare\driverlib\</path>
         <kind>object</kind>
         <file>can.obj</file>
         <name>can.obj</name>
      </input_file>
      <input_file id="fl-7">
         <path>.\TivaWare\driverlib\</path>
         <kind>object</kind>
         <file>comp.obj</file>
         <name>comp.obj</name>
      </input_file>
      <input_file id="fl-8">
         <path>.\TivaWare\driverlib\</path>
         <kind>object</kind>
         <file>cpu.obj</file>
         <name>cpu.obj</name>
      </input_file>
      <input_file id="fl-9">
         <path>.\TivaWare\driverlib\</path>
         <kind>object</kind>
         <file>crc.obj</file>
         <name>crc.obj</name>
      </input_file>
      <input_file id="fl-a">
         <path>.\TivaWare\driverlib\</path>
         <kind>object</kind>
         <file>des.obj</file>
         <name>des.obj</name>
      </input_file>
      <input_file id="fl-b">
         <path>.\TivaWare\driverlib\</path>
         <kind>object</kind>
         <file>eeprom.obj</file>
         <name>eeprom.obj</name>
      </input_file>
      <input_file id="fl-c">
         <path>.\TivaWare\driverlib\</path>
         <kind>object</kind>
         <file>emac.obj</file>
         <name>emac.obj</name>
      </input_file>
      <input_file id="fl-d">
         <path>.\TivaWare\driverlib\</path>
         <kind>object</kind>
         <file>epi.obj</file>
         <name>epi.obj</name>
      </input_file>
      <input_file id="fl-e">
         <path>.\TivaWare\driverlib\</path>
         <kind>object</kind>
         <file>flash.obj</file>
         <name>flash.obj</name>
      </input_file>
      <input_file id="fl-f">
         <path>.\TivaWare\driverlib\</path>
         <kind>object</kind>
         <file>fpu.obj</file>
         <name>fpu.obj</name>
      </input_file>
      <input_file id="fl-10">
         <path>.\TivaWare\driverlib\</path>
         <kind>object</kind>
         <file>gpio.obj</file>
         <name>gpio.obj</name>
      </input_file>
      <input_file id="fl-11">
         <path>.\TivaWare\driverlib\</path>
         <kind>object</kind>
         <file>hibernate.obj</file>
         <name>hibernate.obj</name>
      </input_file>
      <input_file id="fl-12">
         <path>.\TivaWare\driverlib\</path>
         <kind>object</kind>
         <file>i2c.obj</file>
         <name>i2c.obj</name>
      </input_file>
      <input_file id="fl-13">
         <path>.\TivaWare\driverlib\</path>
         <kind>object</kind>
         <file>interrupt.obj</file>
         <name>interrupt.obj</name>
      </input_file>
      <input_file id="fl-14">
         <path>.\TivaWare\driverlib\</path>
         <kind>object</kind>
         <file>lcd.obj</file>
         <name>lcd.obj</name>
      </input_file>
      <input_file id="fl-15">
         <path>.\TivaWare\driverlib\</path>
         <kind>object</kind>
         <file>mpu.obj</file>
         <name>mpu.obj</name>
      </input_file>
      <input_file id="fl-16">
         <path>.\TivaWare\driverlib\</path>
         <kind>object</kind>
         <file>onewire.obj</file>
         <name>onewire.obj</name>
      </input_file>
      <input_file id="fl-17">
         <path>.\TivaWare\driverlib\</path>
         <kind>object</kind>
         <file>pwm.obj</file>
         <name>pwm.obj</name>
      </input_file>
      <input_file id="fl-18">
         <path>.\TivaWare\driverlib\</path>
         <kind>object</kind>
         <file>qei.obj</file>
         <name>qei.obj</name>
      </input_file>
      <input_file id="fl-19">
         <path>.\TivaWare\driverlib\</path>
         <kind>object</kind>
         <file>shamd5.obj</file>
         <name>shamd5.obj</name>
      </input_file>
      <input_file id="fl-1a">
         <path>.\TivaWare\driverlib\</path>
         <kind>object</kind>
         <file>ssi.obj</file>
         <name>ssi.obj</name>
      </input_file>
      <input_file id="fl-1b">
         <path>.\TivaWare\driverlib\</path>
         <kind>object</kind>
         <file>sw_crc.obj</file>
         <name>sw_crc.obj</name>
      </input_file>
      <input_file id="fl-1c">
         <path>.\TivaWare\driverlib\</path>
         <kind>object</kind>
         <file>sysctl.obj</file>
         <name>sysctl.obj</name>
      </input_file>
      <input_file id="fl-1d">
         <path>.\TivaWare\driverlib\</path>
         <kind>object</kind>
         <file>sysexc.obj</file>
         <name>sysexc.obj</name>
      </input_file>
      <input_file id="fl-1e">
         <path>.\TivaWare\driverlib\</path>
         <kind>object</kind>
         <file>systick.obj</file>
         <name>systick.obj</name>
      </input_file>
      <input_file id="fl-1f">
         <path>.\TivaWare\driverlib\</path>
         <kind>object</kind>
         <file>timer.obj</file>
         <name>timer.obj</name>
      </input_file>
      <input_file id="fl-20">
         <path>.\TivaWare\driverlib\</path>
         <kind>object</kind>
         <file>uart.obj</file>
         <name>uart.obj</name>
      </input_file>
      <input_file id="fl-21">
         <path>.\TivaWare\driverlib\</path>
         <kind>object</kind>
         <file>udma.obj</file>
         <name>udma.obj</name>
      </input_file>
      <input_file id="fl-22">
         <path>.\TivaWare\driverlib\</path>
         <kind>object</kind>
         <file>usb.obj</file>
         <name>usb.obj</name>
      </input_file>
      <input_file id="fl-23">
         <path>.\TivaWare\driverlib\</path>
         <kind>object</kind>
         <file>watchdog.obj</file>
         <name>watchdog.obj</name>
      </input_file>
      <input_file id="fl-24">
         <path>.\TivaWare\utils\</path>
         <kind>object</kind>
         <file>uartstdio.obj</file>
         <name>uartstdio.obj</name>
      </input_file>
      <input_file id="fl-25">
         <path>.\TivaWare\utils\</path>
         <kind>object</kind>
         <file>ustdlib.obj</file>
         <name>ustdlib.obj</name>
      </input_file>
      <input_file id="fl-29">
         <kind>object</kind>
         <file>&lt;internal&gt;</file>
         <name>&lt;internal&gt;</name>
      </input_file>
      <input_file id="fl-df">
         <path>C:\ti\ccsv7\tools\compiler\ti-cgt-arm_16.9.4.LTS\lib\</path>
         <kind>archive</kind>
         <file>rtsv7M4_T_le_v4SPD16_eabi.lib</file>
         <name>boot.obj</name>
      </input_file>
      <input_file id="fl-e0">
         <path>C:\ti\ccsv7\tools\compiler\ti-cgt-arm_16.9.4.LTS\lib\</path>
         <kind>archive</kind>
         <file>rtsv7M4_T_le_v4SPD16_eabi.lib</file>
         <name>copy_decompress_lzss.obj</name>
      </input_file>
      <input_file id="fl-e1">
         <path>C:\ti\ccsv7\tools\compiler\ti-cgt-arm_16.9.4.LTS\lib\</path>
         <kind>archive</kind>
         <file>rtsv7M4_T_le_v4SPD16_eabi.lib</file>
         <name>copy_decompress_none.obj</name>
      </input_file>
      <input_file id="fl-e2">
         <path>C:\ti\ccsv7\tools\compiler\ti-cgt-arm_16.9.4.LTS\lib\</path>
         <kind>archive</kind>
         <file>rtsv7M4_T_le_v4SPD16_eabi.lib</file>
         <name>copy_zero_init.obj</name>
      </input_file>
      <input_file id="fl-e3">
         <path>C:\ti\ccsv7\tools\compiler\ti-cgt-arm_16.9.4.LTS\lib\</path>
         <kind>archive</kind>
         <file>rtsv7M4_T_le_v4SPD16_eabi.lib</file>
         <name>exit.obj</name>
      </input_file>
      <input_file id="fl-e4">
         <path>C:\ti\ccsv7\tools\compiler\ti-cgt-arm_16.9.4.LTS\lib\</path>
         <kind>archive</kind>
         <file>rtsv7M4_T_le_v4SPD16_eabi.lib</file>
         <name>memcpy_t2.obj</name>
      </input_file>
      <input_file id="fl-e5">
         <path>C:\ti\ccsv7\tools\compiler\ti-cgt-arm_16.9.4.LTS\lib\</path>
         <kind>archive</kind>
         <file>rtsv7M4_T_le_v4SPD16_eabi.lib</file>
         <name>memset_t2.obj</name>
      </input_file>
      <input_file id="fl-e6">
         <path>C:\ti\ccsv7\tools\compiler\ti-cgt-arm_16.9.4.LTS\lib\</path>
         <kind>archive</kind>
         <file>rtsv7M4_T_le_v4SPD16_eabi.lib</file>
         <name>mpu_init.obj</name>
      </input_file>
      <input_file id="fl-e7">
         <path>C:\ti\ccsv7\tools\compiler\ti-cgt-arm_16.9.4.LTS\lib\</path>
         <kind>archive</kind>
         <file>rtsv7M4_T_le_v4SPD16_eabi.lib</file>
         <name>pre_init.obj</name>
      </input_file>
      <input_file id="fl-e8">
         <path>C:\ti\ccsv7\tools\compiler\ti-cgt-arm_16.9.4.LTS\lib\</path>
         <kind>archive</kind>
         <file>rtsv7M4_T_le_v4SPD16_eabi.lib</file>
         <name>stkdepth_vars.obj</name>
      </input_file>
      <input_file id="fl-e9">
         <path>C:\ti\ccsv7\tools\compiler\ti-cgt-arm_16.9.4.LTS\lib\</path>
         <kind>archive</kind>
         <file>rtsv7M4_T_le_v4SPD16_eabi.lib</file>
         <name>u_divt2.obj</name>
      </input_file>
      <input_file id="fl-ea">
         <path>C:\ti\ccsv7\tools\compiler\ti-cgt-arm_16.9.4.LTS\lib\</path>
         <kind>archive</kind>
         <file>rtsv7M4_T_le_v4SPD16_eabi.lib</file>
         <name>_lock.obj</name>
      </input_file>
      <input_file id="fl-eb">
         <path>C:\ti\ccsv7\tools\compiler\ti-cgt-arm_16.9.4.LTS\lib\</path>
         <kind>archive</kind>
         <file>rtsv7M4_T_le_v4SPD16_eabi.lib</file>
         <name>args_main.obj</name>
      </input_file>
      <input_file id="fl-ec">
         <path>C:\ti\ccsv7\tools\compiler\ti-cgt-arm_16.9.4.LTS\lib\</path>
         <kind>archive</kind>
         <file>rtsv7M4_T_le_v4SPD16_eabi.lib</file>
         <name>autoinit.obj</name>
      </input_file>
      <input_file id="fl-ed">
         <path>C:\ti\ccsv7\tools\compiler\ti-cgt-arm_16.9.4.LTS\lib\</path>
         <kind>archive</kind>
         <file>rtsv7M4_T_le_v4SPD16_eabi.lib</file>
         <name>cpy_tbl.obj</name>
      </input_file>
      <input_file id="fl-ee">
         <path>C:\ti\ccsv7\tools\compiler\ti-cgt-arm_16.9.4.LTS\lib\</path>
         <kind>archive</kind>
         <file>rtsv7M4_T_le_v4SPD16_eabi.lib</file>
         <name>i_div0.obj</name>
      </input_file>
      <input_file id="fl-ef">
         <path>C:\ti\ccsv7\tools\compiler\ti-cgt-arm_16.9.4.LTS\lib\</path>
         <kind>archive</kind>
         <file>rtsv7M4_T_le_v4SPD16_eabi.lib</file>
         <name>startup.obj</name>
      </input_file>
   </input_file_list>
   <object_component_list>
      <object_component id="oc-f">
         <name>.intvecs</name>
         <load_address>0x0</load_address>
         <run_address>0x0</run_address>
         <size>0x208</size>
         <input_file_ref idref="fl-3"/>
      </object_component>
      <object_component id="oc-d0">
         <name>.text</name>
         <load_address>0x208</load_address>
         <run_address>0x208</run_address>
         <size>0xef0</size>
         <input_file_ref idref="fl-1c"/>
      </object_component>
      <object_component id="oc-d6">
         <name>.text</name>
         <load_address>0x10f8</load_address>
         <run_address>0x10f8</run_address>
         <size>0x470</size>
         <input_file_ref idref="fl-b"/>
      </object_component>
      <object_component id="oc-101">
         <name>.text</name>
         <load_address>0x1568</load_address>
         <run_address>0x1568</run_address>
         <size>0x3c0</size>
         <input_file_ref idref="fl-13"/>
      </object_component>
      <object_component id="oc-3f">
         <name>.text</name>
         <load_address>0x1928</load_address>
         <run_address>0x1928</run_address>
         <size>0x9c</size>
         <input_file_ref idref="fl-e4"/>
      </object_component>
      <object_component id="oc-4b">
         <name>.text</name>
         <load_address>0x19c4</load_address>
         <run_address>0x19c4</run_address>
         <size>0x7a</size>
         <input_file_ref idref="fl-e5"/>
      </object_component>
      <object_component id="oc-57">
         <name>.text</name>
         <load_address>0x1a3e</load_address>
         <run_address>0x1a3e</run_address>
         <size>0x2</size>
         <input_file_ref idref="fl-e6"/>
      </object_component>
      <object_component id="oc-63">
         <name>.text</name>
         <load_address>0x1a40</load_address>
         <run_address>0x1a40</run_address>
         <size>0x70</size>
         <input_file_ref idref="fl-ec"/>
      </object_component>
      <object_component id="oc-12">
         <name>.text:decompress:lzss</name>
         <load_address>0x1ab0</load_address>
         <run_address>0x1ab0</run_address>
         <size>0x68</size>
         <input_file_ref idref="fl-e0"/>
      </object_component>
      <object_component id="oc-24">
         <name>.text</name>
         <load_address>0x1b18</load_address>
         <run_address>0x1b18</run_address>
         <size>0x54</size>
         <input_file_ref idref="fl-df"/>
      </object_component>
      <object_component id="oc-6f">
         <name>.text</name>
         <load_address>0x1b6c</load_address>
         <run_address>0x1b6c</run_address>
         <size>0x54</size>
         <input_file_ref idref="fl-e3"/>
      </object_component>
      <object_component id="oc-99">
         <name>.text</name>
         <load_address>0x1bc0</load_address>
         <run_address>0x1bc0</run_address>
         <size>0x4c</size>
         <input_file_ref idref="fl-ed"/>
      </object_component>
      <object_component id="oc-107">
         <name>.text</name>
         <load_address>0x1c0c</load_address>
         <run_address>0x1c0c</run_address>
         <size>0x3e</size>
         <input_file_ref idref="fl-8"/>
      </object_component>
      <object_component id="oc-9f">
         <name>.text</name>
         <load_address>0x1c4a</load_address>
         <run_address>0x1c4a</run_address>
         <size>0x2</size>
         <input_file_ref idref="fl-ef"/>
      </object_component>
      <object_component id="oc-a7">
         <name>.text</name>
         <load_address>0x1c4c</load_address>
         <run_address>0x1c4c</run_address>
         <size>0x1c</size>
         <input_file_ref idref="fl-2"/>
      </object_component>
      <object_component id="oc-69">
         <name>.text</name>
         <load_address>0x1c68</load_address>
         <run_address>0x1c68</run_address>
         <size>0x18</size>
         <input_file_ref idref="fl-eb"/>
      </object_component>
      <object_component id="oc-e6">
         <name>.text</name>
         <load_address>0x1c80</load_address>
         <run_address>0x1c80</run_address>
         <size>0x14</size>
         <input_file_ref idref="fl-ea"/>
      </object_component>
      <object_component id="oc-18">
         <name>.text:decompress:none</name>
         <load_address>0x1c94</load_address>
         <run_address>0x1c94</run_address>
         <size>0xe</size>
         <input_file_ref idref="fl-e1"/>
      </object_component>
      <object_component id="oc-1e">
         <name>.text:decompress:ZI</name>
         <load_address>0x1ca2</load_address>
         <run_address>0x1ca2</run_address>
         <size>0xc</size>
         <input_file_ref idref="fl-e2"/>
      </object_component>
      <object_component id="oc-2b">
         <name>.text</name>
         <load_address>0x1cae</load_address>
         <run_address>0x1cae</run_address>
         <size>0xc</size>
         <input_file_ref idref="fl-3"/>
      </object_component>
      <object_component id="oc-116">
         <name>.text:SysCtlDelay</name>
         <load_address>0x1cba</load_address>
         <run_address>0x1cba</run_address>
         <size>0x6</size>
         <input_file_ref idref="fl-1c"/>
      </object_component>
      <object_component id="oc-5d">
         <name>.text</name>
         <load_address>0x1cc0</load_address>
         <run_address>0x1cc0</run_address>
         <size>0x4</size>
         <input_file_ref idref="fl-e7"/>
      </object_component>
      <object_component id="oc-110">
         <name>.const:g_pppui32XTALtoVCO</name>
         <load_address>0x1cc4</load_address>
         <run_address>0x1cc4</run_address>
         <size>0x120</size>
         <input_file_ref idref="fl-1c"/>
      </object_component>
      <object_component id="oc-126">
         <name>.const:g_pui32Regs</name>
         <load_address>0x1de4</load_address>
         <run_address>0x1de4</run_address>
         <size>0x9c</size>
         <input_file_ref idref="fl-13"/>
      </object_component>
      <object_component id="oc-10d">
         <name>.const:g_pui32Xtals</name>
         <load_address>0x1e80</load_address>
         <run_address>0x1e80</run_address>
         <size>0x6c</size>
         <input_file_ref idref="fl-1c"/>
      </object_component>
      <object_component id="oc-fe">
         <name>.const:g_sXTALtoMEMTIM</name>
         <load_address>0x1eec</load_address>
         <run_address>0x1eec</run_address>
         <size>0x30</size>
         <input_file_ref idref="fl-1c"/>
      </object_component>
      <object_component id="oc-123">
         <name>.const:g_pui32Priority</name>
         <load_address>0x1f1c</load_address>
         <run_address>0x1f1c</run_address>
         <size>0x20</size>
         <input_file_ref idref="fl-13"/>
      </object_component>
      <object_component id="oc-12c">
         <name>.const:g_pui32Dii16Regs</name>
         <load_address>0x1f3c</load_address>
         <run_address>0x1f3c</run_address>
         <size>0x14</size>
         <input_file_ref idref="fl-13"/>
      </object_component>
      <object_component id="oc-129">
         <name>.const:g_pui32EnRegs</name>
         <load_address>0x1f50</load_address>
         <run_address>0x1f50</run_address>
         <size>0x14</size>
         <input_file_ref idref="fl-13"/>
      </object_component>
      <object_component id="oc-12f">
         <name>.const:g_pui32PendRegs</name>
         <load_address>0x1f64</load_address>
         <run_address>0x1f64</run_address>
         <size>0x14</size>
         <input_file_ref idref="fl-13"/>
      </object_component>
      <object_component id="oc-132">
         <name>.const:g_pui32UnpendRegs</name>
         <load_address>0x1f78</load_address>
         <run_address>0x1f78</run_address>
         <size>0x14</size>
         <input_file_ref idref="fl-13"/>
      </object_component>
      <object_component id="oc-113">
         <name>.const:g_pui32VCOFrequencies</name>
         <load_address>0x1f8c</load_address>
         <run_address>0x1f8c</run_address>
         <size>0x8</size>
         <input_file_ref idref="fl-1c"/>
      </object_component>
      <object_component id="oc-178">
         <name>.cinit..data.load</name>
         <load_address>0x1f98</load_address>
         <run_address>0x1f98</run_address>
         <size>0x11</size>
      </object_component>
      <object_component id="oc-175">
         <name>__TI_handler_table</name>
         <load_address>0x1fac</load_address>
         <run_address>0x1fac</run_address>
         <size>0xc</size>
      </object_component>
      <object_component id="oc-177">
         <name>.cinit..vtable.load</name>
         <load_address>0x1fb8</load_address>
         <run_address>0x1fb8</run_address>
         <size>0x8</size>
      </object_component>
      <object_component id="oc-176">
         <name>__TI_cinit_table</name>
         <load_address>0x1fc0</load_address>
         <run_address>0x1fc0</run_address>
         <size>0x10</size>
      </object_component>
      <object_component id="oc-120">
         <name>.vtable</name>
         <uninitialized>true</uninitialized>
         <run_address>0x20000000</run_address>
         <size>0x26c</size>
         <input_file_ref idref="fl-13"/>
      </object_component>
      <object_component id="oc-af">
         <name>.data:$O1$$</name>
         <load_address>0x2000026c</load_address>
         <run_address>0x2000026c</run_address>
         <size>0xc</size>
         <input_file_ref idref="fl-e3"/>
      </object_component>
      <object_component id="oc-75">
         <name>.data</name>
         <load_address>0x20000280</load_address>
         <run_address>0x20000280</run_address>
         <size>0x4</size>
         <input_file_ref idref="fl-e8"/>
      </object_component>
      <object_component id="oc-b2">
         <name>.data:$O1$$</name>
         <load_address>0x20000278</load_address>
         <run_address>0x20000278</run_address>
         <size>0x8</size>
         <input_file_ref idref="fl-ea"/>
      </object_component>
      <object_component id="oc-2a">
         <name>.stack</name>
         <uninitialized>true</uninitialized>
         <run_address>0x20038000</run_address>
         <size>0x0</size>
         <input_file_ref idref="fl-df"/>
      </object_component>
      <object_component id="oc-179">
         <name>.stack</name>
         <uninitialized>true</uninitialized>
         <run_address>0x20038000</run_address>
         <size>0x0</size>
      </object_component>
      <object_component id="oc-a8">
         <name>.debug_info</name>
         <load_address>0x0</load_address>
         <run_address>0x0</run_address>
         <size>0x142</size>
         <input_file_ref idref="fl-2"/>
      </object_component>
      <object_component id="oc-ba">
         <name>.debug_info</name>
         <load_address>0x142</load_address>
         <run_address>0x142</run_address>
         <size>0x8b</size>
         <input_file_ref idref="fl-2"/>
      </object_component>
      <object_component id="oc-7c">
         <name>.debug_info</name>
         <load_address>0x1cd</load_address>
         <run_address>0x1cd</run_address>
         <size>0x18b</size>
         <input_file_ref idref="fl-2"/>
      </object_component>
      <object_component id="oc-33">
         <name>.debug_info</name>
         <load_address>0x358</load_address>
         <run_address>0x358</run_address>
         <size>0x29f</size>
         <input_file_ref idref="fl-3"/>
      </object_component>
      <object_component id="oc-10">
         <name>.debug_info</name>
         <load_address>0x5f7</load_address>
         <run_address>0x5f7</run_address>
         <size>0xf0</size>
         <input_file_ref idref="fl-3"/>
      </object_component>
      <object_component id="oc-2c">
         <name>.debug_info</name>
         <load_address>0x6e7</load_address>
         <run_address>0x6e7</run_address>
         <size>0x26f</size>
         <input_file_ref idref="fl-3"/>
      </object_component>
      <object_component id="oc-3a">
         <name>.debug_info</name>
         <load_address>0x956</load_address>
         <run_address>0x956</run_address>
         <size>0x84</size>
         <input_file_ref idref="fl-3"/>
      </object_component>
      <object_component id="oc-108">
         <name>.debug_info</name>
         <load_address>0x9da</load_address>
         <run_address>0x9da</run_address>
         <size>0x544</size>
         <input_file_ref idref="fl-8"/>
      </object_component>
      <object_component id="oc-11a">
         <name>.debug_info</name>
         <load_address>0xf1e</load_address>
         <run_address>0xf1e</run_address>
         <size>0x2ec</size>
         <input_file_ref idref="fl-b"/>
      </object_component>
      <object_component id="oc-d7">
         <name>.debug_info</name>
         <load_address>0x120a</load_address>
         <run_address>0x120a</run_address>
         <size>0x18d6</size>
         <input_file_ref idref="fl-b"/>
      </object_component>
      <object_component id="oc-136">
         <name>.debug_info</name>
         <load_address>0x2ae0</load_address>
         <run_address>0x2ae0</run_address>
         <size>0x353</size>
         <input_file_ref idref="fl-13"/>
      </object_component>
      <object_component id="oc-124">
         <name>.debug_info</name>
         <load_address>0x2e33</load_address>
         <run_address>0x2e33</run_address>
         <size>0x117</size>
         <input_file_ref idref="fl-13"/>
      </object_component>
      <object_component id="oc-127">
         <name>.debug_info</name>
         <load_address>0x2f4a</load_address>
         <run_address>0x2f4a</run_address>
         <size>0x10f</size>
         <input_file_ref idref="fl-13"/>
      </object_component>
      <object_component id="oc-12a">
         <name>.debug_info</name>
         <load_address>0x3059</load_address>
         <run_address>0x3059</run_address>
         <size>0x113</size>
         <input_file_ref idref="fl-13"/>
      </object_component>
      <object_component id="oc-12d">
         <name>.debug_info</name>
         <load_address>0x316c</load_address>
         <run_address>0x316c</run_address>
         <size>0x119</size>
         <input_file_ref idref="fl-13"/>
      </object_component>
      <object_component id="oc-130">
         <name>.debug_info</name>
         <load_address>0x3285</load_address>
         <run_address>0x3285</run_address>
         <size>0x117</size>
         <input_file_ref idref="fl-13"/>
      </object_component>
      <object_component id="oc-133">
         <name>.debug_info</name>
         <load_address>0x339c</load_address>
         <run_address>0x339c</run_address>
         <size>0x11b</size>
         <input_file_ref idref="fl-13"/>
      </object_component>
      <object_component id="oc-121">
         <name>.debug_info</name>
         <load_address>0x34b7</load_address>
         <run_address>0x34b7</run_address>
         <size>0x118</size>
         <input_file_ref idref="fl-13"/>
      </object_component>
      <object_component id="oc-102">
         <name>.debug_info</name>
         <load_address>0x35cf</load_address>
         <run_address>0x35cf</run_address>
         <size>0x1268</size>
         <input_file_ref idref="fl-13"/>
      </object_component>
      <object_component id="oc-118">
         <name>.debug_info</name>
         <load_address>0x4837</load_address>
         <run_address>0x4837</run_address>
         <size>0x3c4</size>
         <input_file_ref idref="fl-1c"/>
      </object_component>
      <object_component id="oc-10e">
         <name>.debug_info</name>
         <load_address>0x4bfb</load_address>
         <run_address>0x4bfb</run_address>
         <size>0x10e</size>
         <input_file_ref idref="fl-1c"/>
      </object_component>
      <object_component id="oc-111">
         <name>.debug_info</name>
         <load_address>0x4d09</load_address>
         <run_address>0x4d09</run_address>
         <size>0x11a</size>
         <input_file_ref idref="fl-1c"/>
      </object_component>
      <object_component id="oc-ff">
         <name>.debug_info</name>
         <load_address>0x4e23</load_address>
         <run_address>0x4e23</run_address>
         <size>0x114</size>
         <input_file_ref idref="fl-1c"/>
      </object_component>
      <object_component id="oc-114">
         <name>.debug_info</name>
         <load_address>0x4f37</load_address>
         <run_address>0x4f37</run_address>
         <size>0x121</size>
         <input_file_ref idref="fl-1c"/>
      </object_component>
      <object_component id="oc-d1">
         <name>.debug_info</name>
         <load_address>0x5058</load_address>
         <run_address>0x5058</run_address>
         <size>0x3aae</size>
         <input_file_ref idref="fl-1c"/>
      </object_component>
      <object_component id="oc-140">
         <name>.debug_info</name>
         <load_address>0x8b06</load_address>
         <run_address>0x8b06</run_address>
         <size>0x51</size>
         <input_file_ref idref="fl-1c"/>
      </object_component>
      <object_component id="oc-27">
         <name>.debug_info</name>
         <load_address>0x8b57</load_address>
         <run_address>0x8b57</run_address>
         <size>0x160</size>
         <input_file_ref idref="fl-df"/>
      </object_component>
      <object_component id="oc-86">
         <name>.debug_info</name>
         <load_address>0x8cb7</load_address>
         <run_address>0x8cb7</run_address>
         <size>0x293</size>
         <input_file_ref idref="fl-e0"/>
      </object_component>
      <object_component id="oc-16">
         <name>.debug_info</name>
         <load_address>0x8f4a</load_address>
         <run_address>0x8f4a</run_address>
         <size>0x245</size>
         <input_file_ref idref="fl-e0"/>
      </object_component>
      <object_component id="oc-35">
         <name>.debug_info</name>
         <load_address>0x918f</load_address>
         <run_address>0x918f</run_address>
         <size>0x60</size>
         <input_file_ref idref="fl-e0"/>
      </object_component>
      <object_component id="oc-81">
         <name>.debug_info</name>
         <load_address>0x91ef</load_address>
         <run_address>0x91ef</run_address>
         <size>0x46</size>
         <input_file_ref idref="fl-e0"/>
      </object_component>
      <object_component id="oc-4a">
         <name>.debug_info</name>
         <load_address>0x9235</load_address>
         <run_address>0x9235</run_address>
         <size>0x2da</size>
         <input_file_ref idref="fl-e1"/>
      </object_component>
      <object_component id="oc-19">
         <name>.debug_info</name>
         <load_address>0x950f</load_address>
         <run_address>0x950f</run_address>
         <size>0x1df</size>
         <input_file_ref idref="fl-e1"/>
      </object_component>
      <object_component id="oc-45">
         <name>.debug_info</name>
         <load_address>0x96ee</load_address>
         <run_address>0x96ee</run_address>
         <size>0x46</size>
         <input_file_ref idref="fl-e1"/>
      </object_component>
      <object_component id="oc-88">
         <name>.debug_info</name>
         <load_address>0x9734</load_address>
         <run_address>0x9734</run_address>
         <size>0x2c</size>
         <input_file_ref idref="fl-e1"/>
      </object_component>
      <object_component id="oc-56">
         <name>.debug_info</name>
         <load_address>0x9760</load_address>
         <run_address>0x9760</run_address>
         <size>0x2c9</size>
         <input_file_ref idref="fl-e2"/>
      </object_component>
      <object_component id="oc-1f">
         <name>.debug_info</name>
         <load_address>0x9a29</load_address>
         <run_address>0x9a29</run_address>
         <size>0x1aa</size>
         <input_file_ref idref="fl-e2"/>
      </object_component>
      <object_component id="oc-51">
         <name>.debug_info</name>
         <load_address>0x9bd3</load_address>
         <run_address>0x9bd3</run_address>
         <size>0x46</size>
         <input_file_ref idref="fl-e2"/>
      </object_component>
      <object_component id="oc-90">
         <name>.debug_info</name>
         <load_address>0x9c19</load_address>
         <run_address>0x9c19</run_address>
         <size>0x2c</size>
         <input_file_ref idref="fl-e2"/>
      </object_component>
      <object_component id="oc-b6">
         <name>.debug_info</name>
         <load_address>0x9c45</load_address>
         <run_address>0x9c45</run_address>
         <size>0x3ce</size>
         <input_file_ref idref="fl-e3"/>
      </object_component>
      <object_component id="oc-b0">
         <name>.debug_info</name>
         <load_address>0xa013</load_address>
         <run_address>0xa013</run_address>
         <size>0x185</size>
         <input_file_ref idref="fl-e3"/>
      </object_component>
      <object_component id="oc-70">
         <name>.debug_info</name>
         <load_address>0xa198</load_address>
         <run_address>0xa198</run_address>
         <size>0x214</size>
         <input_file_ref idref="fl-e3"/>
      </object_component>
      <object_component id="oc-41">
         <name>.debug_info</name>
         <load_address>0xa3ac</load_address>
         <run_address>0xa3ac</run_address>
         <size>0x111</size>
         <input_file_ref idref="fl-e4"/>
      </object_component>
      <object_component id="oc-4d">
         <name>.debug_info</name>
         <load_address>0xa4bd</load_address>
         <run_address>0xa4bd</run_address>
         <size>0x13f</size>
         <input_file_ref idref="fl-e5"/>
      </object_component>
      <object_component id="oc-5a">
         <name>.debug_info</name>
         <load_address>0xa5fc</load_address>
         <run_address>0xa5fc</run_address>
         <size>0x138</size>
         <input_file_ref idref="fl-e6"/>
      </object_component>
      <object_component id="oc-61">
         <name>.debug_info</name>
         <load_address>0xa734</load_address>
         <run_address>0xa734</run_address>
         <size>0x148</size>
         <input_file_ref idref="fl-e7"/>
      </object_component>
      <object_component id="oc-76">
         <name>.debug_info</name>
         <load_address>0xa87c</load_address>
         <run_address>0xa87c</run_address>
         <size>0x109</size>
         <input_file_ref idref="fl-e8"/>
      </object_component>
      <object_component id="oc-ee">
         <name>.debug_info</name>
         <load_address>0xa985</load_address>
         <run_address>0xa985</run_address>
         <size>0x2be</size>
         <input_file_ref idref="fl-ea"/>
      </object_component>
      <object_component id="oc-b3">
         <name>.debug_info</name>
         <load_address>0xac43</load_address>
         <run_address>0xac43</run_address>
         <size>0x113</size>
         <input_file_ref idref="fl-ea"/>
      </object_component>
      <object_component id="oc-e9">
         <name>.debug_info</name>
         <load_address>0xad56</load_address>
         <run_address>0xad56</run_address>
         <size>0x21f</size>
         <input_file_ref idref="fl-ea"/>
      </object_component>
      <object_component id="oc-ae">
         <name>.debug_info</name>
         <load_address>0xaf75</load_address>
         <run_address>0xaf75</run_address>
         <size>0x300</size>
         <input_file_ref idref="fl-eb"/>
      </object_component>
      <object_component id="oc-6a">
         <name>.debug_info</name>
         <load_address>0xb275</load_address>
         <run_address>0xb275</run_address>
         <size>0x167</size>
         <input_file_ref idref="fl-eb"/>
      </object_component>
      <object_component id="oc-df">
         <name>.debug_info</name>
         <load_address>0xb3dc</load_address>
         <run_address>0xb3dc</run_address>
         <size>0x5e</size>
         <input_file_ref idref="fl-eb"/>
      </object_component>
      <object_component id="oc-a6">
         <name>.debug_info</name>
         <load_address>0xb43a</load_address>
         <run_address>0xb43a</run_address>
         <size>0x483</size>
         <input_file_ref idref="fl-ec"/>
      </object_component>
      <object_component id="oc-67">
         <name>.debug_info</name>
         <load_address>0xb8bd</load_address>
         <run_address>0xb8bd</run_address>
         <size>0x190</size>
         <input_file_ref idref="fl-ec"/>
      </object_component>
      <object_component id="oc-c6">
         <name>.debug_info</name>
         <load_address>0xba4d</load_address>
         <run_address>0xba4d</run_address>
         <size>0x39</size>
         <input_file_ref idref="fl-ec"/>
      </object_component>
      <object_component id="oc-f9">
         <name>.debug_info</name>
         <load_address>0xba86</load_address>
         <run_address>0xba86</run_address>
         <size>0x39</size>
         <input_file_ref idref="fl-ec"/>
      </object_component>
      <object_component id="oc-cb">
         <name>.debug_info</name>
         <load_address>0xbabf</load_address>
         <run_address>0xbabf</run_address>
         <size>0xcd</size>
         <input_file_ref idref="fl-ec"/>
      </object_component>
      <object_component id="oc-c2">
         <name>.debug_info</name>
         <load_address>0xbb8c</load_address>
         <run_address>0xbb8c</run_address>
         <size>0x37a</size>
         <input_file_ref idref="fl-ed"/>
      </object_component>
      <object_component id="oc-9d">
         <name>.debug_info</name>
         <load_address>0xbf06</load_address>
         <run_address>0xbf06</run_address>
         <size>0x183</size>
         <input_file_ref idref="fl-ed"/>
      </object_component>
      <object_component id="oc-f4">
         <name>.debug_info</name>
         <load_address>0xc089</load_address>
         <run_address>0xc089</run_address>
         <size>0x2c</size>
         <input_file_ref idref="fl-ed"/>
      </object_component>
      <object_component id="oc-a3">
         <name>.debug_info</name>
         <load_address>0xc0b5</load_address>
         <run_address>0xc0b5</run_address>
         <size>0x145</size>
         <input_file_ref idref="fl-ef"/>
      </object_component>
      <object_component id="oc-17a">
         <name>.debug_info</name>
         <load_address>0xc1fa</load_address>
         <run_address>0xc1fa</run_address>
         <size>0xa5</size>
      </object_component>
      <object_component id="oc-ab">
         <name>.debug_line</name>
         <load_address>0x0</load_address>
         <run_address>0x0</run_address>
         <size>0x49</size>
         <input_file_ref idref="fl-2"/>
      </object_component>
      <object_component id="oc-bd">
         <name>.debug_line</name>
         <load_address>0x49</load_address>
         <run_address>0x49</run_address>
         <size>0x20</size>
         <input_file_ref idref="fl-2"/>
      </object_component>
      <object_component id="oc-7f">
         <name>.debug_line</name>
         <load_address>0x69</load_address>
         <run_address>0x69</run_address>
         <size>0x65</size>
         <input_file_ref idref="fl-2"/>
      </object_component>
      <object_component id="oc-7b">
         <name>.debug_line</name>
         <load_address>0xce</load_address>
         <run_address>0xce</run_address>
         <size>0x42</size>
         <input_file_ref idref="fl-3"/>
      </object_component>
      <object_component id="oc-32">
         <name>.debug_line</name>
         <load_address>0x110</load_address>
         <run_address>0x110</run_address>
         <size>0x42</size>
         <input_file_ref idref="fl-3"/>
      </object_component>
      <object_component id="oc-2f">
         <name>.debug_line</name>
         <load_address>0x152</load_address>
         <run_address>0x152</run_address>
         <size>0xa2</size>
         <input_file_ref idref="fl-3"/>
      </object_component>
      <object_component id="oc-3d">
         <name>.debug_line</name>
         <load_address>0x1f4</load_address>
         <run_address>0x1f4</run_address>
         <size>0x20</size>
         <input_file_ref idref="fl-3"/>
      </object_component>
      <object_component id="oc-10b">
         <name>.debug_line</name>
         <load_address>0x214</load_address>
         <run_address>0x214</run_address>
         <size>0x101</size>
         <input_file_ref idref="fl-8"/>
      </object_component>
      <object_component id="oc-145">
         <name>.debug_line</name>
         <load_address>0x315</load_address>
         <run_address>0x315</run_address>
         <size>0x61</size>
         <input_file_ref idref="fl-b"/>
      </object_component>
      <object_component id="oc-da">
         <name>.debug_line</name>
         <load_address>0x376</load_address>
         <run_address>0x376</run_address>
         <size>0x410</size>
         <input_file_ref idref="fl-b"/>
      </object_component>
      <object_component id="oc-155">
         <name>.debug_line</name>
         <load_address>0x786</load_address>
         <run_address>0x786</run_address>
         <size>0x5e</size>
         <input_file_ref idref="fl-13"/>
      </object_component>
      <object_component id="oc-149">
         <name>.debug_line</name>
         <load_address>0x7e4</load_address>
         <run_address>0x7e4</run_address>
         <size>0x64</size>
         <input_file_ref idref="fl-13"/>
      </object_component>
      <object_component id="oc-14b">
         <name>.debug_line</name>
         <load_address>0x848</load_address>
         <run_address>0x848</run_address>
         <size>0x64</size>
         <input_file_ref idref="fl-13"/>
      </object_component>
      <object_component id="oc-14d">
         <name>.debug_line</name>
         <load_address>0x8ac</load_address>
         <run_address>0x8ac</run_address>
         <size>0x64</size>
         <input_file_ref idref="fl-13"/>
      </object_component>
      <object_component id="oc-14f">
         <name>.debug_line</name>
         <load_address>0x910</load_address>
         <run_address>0x910</run_address>
         <size>0x64</size>
         <input_file_ref idref="fl-13"/>
      </object_component>
      <object_component id="oc-151">
         <name>.debug_line</name>
         <load_address>0x974</load_address>
         <run_address>0x974</run_address>
         <size>0x64</size>
         <input_file_ref idref="fl-13"/>
      </object_component>
      <object_component id="oc-153">
         <name>.debug_line</name>
         <load_address>0x9d8</load_address>
         <run_address>0x9d8</run_address>
         <size>0x64</size>
         <input_file_ref idref="fl-13"/>
      </object_component>
      <object_component id="oc-147">
         <name>.debug_line</name>
         <load_address>0xa3c</load_address>
         <run_address>0xa3c</run_address>
         <size>0x64</size>
         <input_file_ref idref="fl-13"/>
      </object_component>
      <object_component id="oc-105">
         <name>.debug_line</name>
         <load_address>0xaa0</load_address>
         <run_address>0xaa0</run_address>
         <size>0x315</size>
         <input_file_ref idref="fl-13"/>
      </object_component>
      <object_component id="oc-13f">
         <name>.debug_line</name>
         <load_address>0xdb5</load_address>
         <run_address>0xdb5</run_address>
         <size>0xe3</size>
         <input_file_ref idref="fl-1c"/>
      </object_component>
      <object_component id="oc-139">
         <name>.debug_line</name>
         <load_address>0xe98</load_address>
         <run_address>0xe98</run_address>
         <size>0x61</size>
         <input_file_ref idref="fl-1c"/>
      </object_component>
      <object_component id="oc-13b">
         <name>.debug_line</name>
         <load_address>0xef9</load_address>
         <run_address>0xef9</run_address>
         <size>0x61</size>
         <input_file_ref idref="fl-1c"/>
      </object_component>
      <object_component id="oc-11f">
         <name>.debug_line</name>
         <load_address>0xf5a</load_address>
         <run_address>0xf5a</run_address>
         <size>0x61</size>
         <input_file_ref idref="fl-1c"/>
      </object_component>
      <object_component id="oc-13d">
         <name>.debug_line</name>
         <load_address>0xfbb</load_address>
         <run_address>0xfbb</run_address>
         <size>0x61</size>
         <input_file_ref idref="fl-1c"/>
      </object_component>
      <object_component id="oc-d4">
         <name>.debug_line</name>
         <load_address>0x101c</load_address>
         <run_address>0x101c</run_address>
         <size>0x98a</size>
         <input_file_ref idref="fl-1c"/>
      </object_component>
      <object_component id="oc-142">
         <name>.debug_line</name>
         <load_address>0x19a6</load_address>
         <run_address>0x19a6</run_address>
         <size>0x61</size>
         <input_file_ref idref="fl-1c"/>
      </object_component>
      <object_component id="oc-25">
         <name>.debug_line</name>
         <load_address>0x1a07</load_address>
         <run_address>0x1a07</run_address>
         <size>0x53</size>
         <input_file_ref idref="fl-df"/>
      </object_component>
      <object_component id="oc-c0">
         <name>.debug_line</name>
         <load_address>0x1a5a</load_address>
         <run_address>0x1a5a</run_address>
         <size>0x20</size>
         <input_file_ref idref="fl-e0"/>
      </object_component>
      <object_component id="oc-15">
         <name>.debug_line</name>
         <load_address>0x1a7a</load_address>
         <run_address>0x1a7a</run_address>
         <size>0xa9</size>
         <input_file_ref idref="fl-e0"/>
      </object_component>
      <object_component id="oc-38">
         <name>.debug_line</name>
         <load_address>0x1b23</load_address>
         <run_address>0x1b23</run_address>
         <size>0x3a</size>
         <input_file_ref idref="fl-e0"/>
      </object_component>
      <object_component id="oc-84">
         <name>.debug_line</name>
         <load_address>0x1b5d</load_address>
         <run_address>0x1b5d</run_address>
         <size>0x8a</size>
         <input_file_ref idref="fl-e0"/>
      </object_component>
      <object_component id="oc-8e">
         <name>.debug_line</name>
         <load_address>0x1be7</load_address>
         <run_address>0x1be7</run_address>
         <size>0x8a</size>
         <input_file_ref idref="fl-e1"/>
      </object_component>
      <object_component id="oc-1c">
         <name>.debug_line</name>
         <load_address>0x1c71</load_address>
         <run_address>0x1c71</run_address>
         <size>0x55</size>
         <input_file_ref idref="fl-e1"/>
      </object_component>
      <object_component id="oc-48">
         <name>.debug_line</name>
         <load_address>0x1cc6</load_address>
         <run_address>0x1cc6</run_address>
         <size>0x3a</size>
         <input_file_ref idref="fl-e1"/>
      </object_component>
      <object_component id="oc-8b">
         <name>.debug_line</name>
         <load_address>0x1d00</load_address>
         <run_address>0x1d00</run_address>
         <size>0x8a</size>
         <input_file_ref idref="fl-e1"/>
      </object_component>
      <object_component id="oc-96">
         <name>.debug_line</name>
         <load_address>0x1d8a</load_address>
         <run_address>0x1d8a</run_address>
         <size>0x8a</size>
         <input_file_ref idref="fl-e2"/>
      </object_component>
      <object_component id="oc-22">
         <name>.debug_line</name>
         <load_address>0x1e14</load_address>
         <run_address>0x1e14</run_address>
         <size>0x4f</size>
         <input_file_ref idref="fl-e2"/>
      </object_component>
      <object_component id="oc-54">
         <name>.debug_line</name>
         <load_address>0x1e63</load_address>
         <run_address>0x1e63</run_address>
         <size>0x34</size>
         <input_file_ref idref="fl-e2"/>
      </object_component>
      <object_component id="oc-93">
         <name>.debug_line</name>
         <load_address>0x1e97</load_address>
         <run_address>0x1e97</run_address>
         <size>0x8a</size>
         <input_file_ref idref="fl-e2"/>
      </object_component>
      <object_component id="oc-f1">
         <name>.debug_line</name>
         <load_address>0x1f21</load_address>
         <run_address>0x1f21</run_address>
         <size>0xf2</size>
         <input_file_ref idref="fl-e3"/>
      </object_component>
      <object_component id="oc-e5">
         <name>.debug_line</name>
         <load_address>0x2013</load_address>
         <run_address>0x2013</run_address>
         <size>0x2a</size>
         <input_file_ref idref="fl-e3"/>
      </object_component>
      <object_component id="oc-73">
         <name>.debug_line</name>
         <load_address>0x203d</load_address>
         <run_address>0x203d</run_address>
         <size>0x86</size>
         <input_file_ref idref="fl-e3"/>
      </object_component>
      <object_component id="oc-40">
         <name>.debug_line</name>
         <load_address>0x20c3</load_address>
         <run_address>0x20c3</run_address>
         <size>0x88</size>
         <input_file_ref idref="fl-e4"/>
      </object_component>
      <object_component id="oc-4c">
         <name>.debug_line</name>
         <load_address>0x214b</load_address>
         <run_address>0x214b</run_address>
         <size>0x79</size>
         <input_file_ref idref="fl-e5"/>
      </object_component>
      <object_component id="oc-5c">
         <name>.debug_line</name>
         <load_address>0x21c4</load_address>
         <run_address>0x21c4</run_address>
         <size>0x3d</size>
         <input_file_ref idref="fl-e6"/>
      </object_component>
      <object_component id="oc-60">
         <name>.debug_line</name>
         <load_address>0x2201</load_address>
         <run_address>0x2201</run_address>
         <size>0x40</size>
         <input_file_ref idref="fl-e7"/>
      </object_component>
      <object_component id="oc-b9">
         <name>.debug_line</name>
         <load_address>0x2241</load_address>
         <run_address>0x2241</run_address>
         <size>0x33</size>
         <input_file_ref idref="fl-e8"/>
      </object_component>
      <object_component id="oc-11d">
         <name>.debug_line</name>
         <load_address>0x2274</load_address>
         <run_address>0x2274</run_address>
         <size>0x20</size>
         <input_file_ref idref="fl-ea"/>
      </object_component>
      <object_component id="oc-ed">
         <name>.debug_line</name>
         <load_address>0x2294</load_address>
         <run_address>0x2294</run_address>
         <size>0x2b</size>
         <input_file_ref idref="fl-ea"/>
      </object_component>
      <object_component id="oc-e8">
         <name>.debug_line</name>
         <load_address>0x22bf</load_address>
         <run_address>0x22bf</run_address>
         <size>0x68</size>
         <input_file_ref idref="fl-ea"/>
      </object_component>
      <object_component id="oc-de">
         <name>.debug_line</name>
         <load_address>0x2327</load_address>
         <run_address>0x2327</run_address>
         <size>0x2b</size>
         <input_file_ref idref="fl-eb"/>
      </object_component>
      <object_component id="oc-6e">
         <name>.debug_line</name>
         <load_address>0x2352</load_address>
         <run_address>0x2352</run_address>
         <size>0x4a</size>
         <input_file_ref idref="fl-eb"/>
      </object_component>
      <object_component id="oc-e2">
         <name>.debug_line</name>
         <load_address>0x239c</load_address>
         <run_address>0x239c</run_address>
         <size>0x2b</size>
         <input_file_ref idref="fl-eb"/>
      </object_component>
      <object_component id="oc-c5">
         <name>.debug_line</name>
         <load_address>0x23c7</load_address>
         <run_address>0x23c7</run_address>
         <size>0xa9</size>
         <input_file_ref idref="fl-ec"/>
      </object_component>
      <object_component id="oc-64">
         <name>.debug_line</name>
         <load_address>0x2470</load_address>
         <run_address>0x2470</run_address>
         <size>0x8b</size>
         <input_file_ref idref="fl-ec"/>
      </object_component>
      <object_component id="oc-c9">
         <name>.debug_line</name>
         <load_address>0x24fb</load_address>
         <run_address>0x24fb</run_address>
         <size>0x2e</size>
         <input_file_ref idref="fl-ec"/>
      </object_component>
      <object_component id="oc-fc">
         <name>.debug_line</name>
         <load_address>0x2529</load_address>
         <run_address>0x2529</run_address>
         <size>0x8a</size>
         <input_file_ref idref="fl-ec"/>
      </object_component>
      <object_component id="oc-ce">
         <name>.debug_line</name>
         <load_address>0x25b3</load_address>
         <run_address>0x25b3</run_address>
         <size>0x8b</size>
         <input_file_ref idref="fl-ec"/>
      </object_component>
      <object_component id="oc-f3">
         <name>.debug_line</name>
         <load_address>0x263e</load_address>
         <run_address>0x263e</run_address>
         <size>0x98</size>
         <input_file_ref idref="fl-ed"/>
      </object_component>
      <object_component id="oc-9c">
         <name>.debug_line</name>
         <load_address>0x26d6</load_address>
         <run_address>0x26d6</run_address>
         <size>0x68</size>
         <input_file_ref idref="fl-ed"/>
      </object_component>
      <object_component id="oc-f7">
         <name>.debug_line</name>
         <load_address>0x273e</load_address>
         <run_address>0x273e</run_address>
         <size>0x2e</size>
         <input_file_ref idref="fl-ed"/>
      </object_component>
      <object_component id="oc-a2">
         <name>.debug_line</name>
         <load_address>0x276c</load_address>
         <run_address>0x276c</run_address>
         <size>0x3c</size>
         <input_file_ref idref="fl-ef"/>
      </object_component>
      <object_component id="oc-ac">
         <name>.debug_frame</name>
         <load_address>0x0</load_address>
         <run_address>0x0</run_address>
         <size>0x58</size>
         <input_file_ref idref="fl-2"/>
      </object_component>
      <object_component id="oc-30">
         <name>.debug_frame</name>
         <load_address>0x58</load_address>
         <run_address>0x58</run_address>
         <size>0x84</size>
         <input_file_ref idref="fl-3"/>
      </object_component>
      <object_component id="oc-10c">
         <name>.debug_frame</name>
         <load_address>0xdc</load_address>
         <run_address>0xdc</run_address>
         <size>0xac</size>
         <input_file_ref idref="fl-8"/>
      </object_component>
      <object_component id="oc-db">
         <name>.debug_frame</name>
         <load_address>0x188</load_address>
         <run_address>0x188</run_address>
         <size>0x21f</size>
         <input_file_ref idref="fl-b"/>
      </object_component>
      <object_component id="oc-106">
         <name>.debug_frame</name>
         <load_address>0x3a7</load_address>
         <run_address>0x3a7</run_address>
         <size>0x1c5</size>
         <input_file_ref idref="fl-13"/>
      </object_component>
      <object_component id="oc-d5">
         <name>.debug_frame</name>
         <load_address>0x56c</load_address>
         <run_address>0x56c</run_address>
         <size>0x548</size>
         <input_file_ref idref="fl-1c"/>
      </object_component>
      <object_component id="oc-14">
         <name>.debug_frame</name>
         <load_address>0xab4</load_address>
         <run_address>0xab4</run_address>
         <size>0x60</size>
         <input_file_ref idref="fl-e0"/>
      </object_component>
      <object_component id="oc-1d">
         <name>.debug_frame</name>
         <load_address>0xb14</load_address>
         <run_address>0xb14</run_address>
         <size>0x51</size>
         <input_file_ref idref="fl-e1"/>
      </object_component>
      <object_component id="oc-23">
         <name>.debug_frame</name>
         <load_address>0xb65</load_address>
         <run_address>0xb65</run_address>
         <size>0x51</size>
         <input_file_ref idref="fl-e2"/>
      </object_component>
      <object_component id="oc-74">
         <name>.debug_frame</name>
         <load_address>0xbb6</load_address>
         <run_address>0xbb6</run_address>
         <size>0x85</size>
         <input_file_ref idref="fl-e3"/>
      </object_component>
      <object_component id="oc-59">
         <name>.debug_frame</name>
         <load_address>0xc3b</load_address>
         <run_address>0xc3b</run_address>
         <size>0x51</size>
         <input_file_ref idref="fl-e6"/>
      </object_component>
      <object_component id="oc-5f">
         <name>.debug_frame</name>
         <load_address>0xc8c</load_address>
         <run_address>0xc8c</run_address>
         <size>0x51</size>
         <input_file_ref idref="fl-e7"/>
      </object_component>
      <object_component id="oc-eb">
         <name>.debug_frame</name>
         <load_address>0xcdd</load_address>
         <run_address>0xcdd</run_address>
         <size>0x73</size>
         <input_file_ref idref="fl-ea"/>
      </object_component>
      <object_component id="oc-6d">
         <name>.debug_frame</name>
         <load_address>0xd50</load_address>
         <run_address>0xd50</run_address>
         <size>0x51</size>
         <input_file_ref idref="fl-eb"/>
      </object_component>
      <object_component id="oc-65">
         <name>.debug_frame</name>
         <load_address>0xda1</load_address>
         <run_address>0xda1</run_address>
         <size>0x5c</size>
         <input_file_ref idref="fl-ec"/>
      </object_component>
      <object_component id="oc-9b">
         <name>.debug_frame</name>
         <load_address>0xdfd</load_address>
         <run_address>0xdfd</run_address>
         <size>0x60</size>
         <input_file_ref idref="fl-ed"/>
      </object_component>
      <object_component id="oc-a1">
         <name>.debug_frame</name>
         <load_address>0xe5d</load_address>
         <run_address>0xe5d</run_address>
         <size>0x51</size>
         <input_file_ref idref="fl-ef"/>
      </object_component>
      <object_component id="oc-dc">
         <name>.debug_abbrev</name>
         <load_address>0x0</load_address>
         <run_address>0x0</run_address>
         <size>0x54</size>
         <input_file_ref idref="fl-2"/>
      </object_component>
      <object_component id="oc-bc">
         <name>.debug_abbrev</name>
         <load_address>0x54</load_address>
         <run_address>0x54</run_address>
         <size>0x1f</size>
         <input_file_ref idref="fl-2"/>
      </object_component>
      <object_component id="oc-7e">
         <name>.debug_abbrev</name>
         <load_address>0x73</load_address>
         <run_address>0x73</run_address>
         <size>0x35</size>
         <input_file_ref idref="fl-2"/>
      </object_component>
      <object_component id="oc-7a">
         <name>.debug_abbrev</name>
         <load_address>0xa8</load_address>
         <run_address>0xa8</run_address>
         <size>0x5f</size>
         <input_file_ref idref="fl-3"/>
      </object_component>
      <object_component id="oc-31">
         <name>.debug_abbrev</name>
         <load_address>0x107</load_address>
         <run_address>0x107</run_address>
         <size>0x29</size>
         <input_file_ref idref="fl-3"/>
      </object_component>
      <object_component id="oc-79">
         <name>.debug_abbrev</name>
         <load_address>0x130</load_address>
         <run_address>0x130</run_address>
         <size>0xcb</size>
         <input_file_ref idref="fl-3"/>
      </object_component>
      <object_component id="oc-3c">
         <name>.debug_abbrev</name>
         <load_address>0x1fb</load_address>
         <run_address>0x1fb</run_address>
         <size>0x1f</size>
         <input_file_ref idref="fl-3"/>
      </object_component>
      <object_component id="oc-137">
         <name>.debug_abbrev</name>
         <load_address>0x21a</load_address>
         <run_address>0x21a</run_address>
         <size>0xca</size>
         <input_file_ref idref="fl-8"/>
      </object_component>
      <object_component id="oc-144">
         <name>.debug_abbrev</name>
         <load_address>0x2e4</load_address>
         <run_address>0x2e4</run_address>
         <size>0x44</size>
         <input_file_ref idref="fl-b"/>
      </object_component>
      <object_component id="oc-119">
         <name>.debug_abbrev</name>
         <load_address>0x328</load_address>
         <run_address>0x328</run_address>
         <size>0x103</size>
         <input_file_ref idref="fl-b"/>
      </object_component>
      <object_component id="oc-154">
         <name>.debug_abbrev</name>
         <load_address>0x42b</load_address>
         <run_address>0x42b</run_address>
         <size>0x89</size>
         <input_file_ref idref="fl-13"/>
      </object_component>
      <object_component id="oc-148">
         <name>.debug_abbrev</name>
         <load_address>0x4b4</load_address>
         <run_address>0x4b4</run_address>
         <size>0x27</size>
         <input_file_ref idref="fl-13"/>
      </object_component>
      <object_component id="oc-14a">
         <name>.debug_abbrev</name>
         <load_address>0x4db</load_address>
         <run_address>0x4db</run_address>
         <size>0x27</size>
         <input_file_ref idref="fl-13"/>
      </object_component>
      <object_component id="oc-14c">
         <name>.debug_abbrev</name>
         <load_address>0x502</load_address>
         <run_address>0x502</run_address>
         <size>0x27</size>
         <input_file_ref idref="fl-13"/>
      </object_component>
      <object_component id="oc-14e">
         <name>.debug_abbrev</name>
         <load_address>0x529</load_address>
         <run_address>0x529</run_address>
         <size>0x27</size>
         <input_file_ref idref="fl-13"/>
      </object_component>
      <object_component id="oc-150">
         <name>.debug_abbrev</name>
         <load_address>0x550</load_address>
         <run_address>0x550</run_address>
         <size>0x27</size>
         <input_file_ref idref="fl-13"/>
      </object_component>
      <object_component id="oc-152">
         <name>.debug_abbrev</name>
         <load_address>0x577</load_address>
         <run_address>0x577</run_address>
         <size>0x27</size>
         <input_file_ref idref="fl-13"/>
      </object_component>
      <object_component id="oc-146">
         <name>.debug_abbrev</name>
         <load_address>0x59e</load_address>
         <run_address>0x59e</run_address>
         <size>0x29</size>
         <input_file_ref idref="fl-13"/>
      </object_component>
      <object_component id="oc-135">
         <name>.debug_abbrev</name>
         <load_address>0x5c7</load_address>
         <run_address>0x5c7</run_address>
         <size>0x101</size>
         <input_file_ref idref="fl-13"/>
      </object_component>
      <object_component id="oc-13e">
         <name>.debug_abbrev</name>
         <load_address>0x6c8</load_address>
         <run_address>0x6c8</run_address>
         <size>0xab</size>
         <input_file_ref idref="fl-1c"/>
      </object_component>
      <object_component id="oc-138">
         <name>.debug_abbrev</name>
         <load_address>0x773</load_address>
         <run_address>0x773</run_address>
         <size>0x27</size>
         <input_file_ref idref="fl-1c"/>
      </object_component>
      <object_component id="oc-13a">
         <name>.debug_abbrev</name>
         <load_address>0x79a</load_address>
         <run_address>0x79a</run_address>
         <size>0x27</size>
         <input_file_ref idref="fl-1c"/>
      </object_component>
      <object_component id="oc-11e">
         <name>.debug_abbrev</name>
         <load_address>0x7c1</load_address>
         <run_address>0x7c1</run_address>
         <size>0x27</size>
         <input_file_ref idref="fl-1c"/>
      </object_component>
      <object_component id="oc-13c">
         <name>.debug_abbrev</name>
         <load_address>0x7e8</load_address>
         <run_address>0x7e8</run_address>
         <size>0x27</size>
         <input_file_ref idref="fl-1c"/>
      </object_component>
      <object_component id="oc-117">
         <name>.debug_abbrev</name>
         <load_address>0x80f</load_address>
         <run_address>0x80f</run_address>
         <size>0x12e</size>
         <input_file_ref idref="fl-1c"/>
      </object_component>
      <object_component id="oc-141">
         <name>.debug_abbrev</name>
         <load_address>0x93d</load_address>
         <run_address>0x93d</run_address>
         <size>0x38</size>
         <input_file_ref idref="fl-1c"/>
      </object_component>
      <object_component id="oc-78">
         <name>.debug_abbrev</name>
         <load_address>0x975</load_address>
         <run_address>0x975</run_address>
         <size>0x3e</size>
         <input_file_ref idref="fl-df"/>
      </object_component>
      <object_component id="oc-bf">
         <name>.debug_abbrev</name>
         <load_address>0x9b3</load_address>
         <run_address>0x9b3</run_address>
         <size>0x37</size>
         <input_file_ref idref="fl-e0"/>
      </object_component>
      <object_component id="oc-34">
         <name>.debug_abbrev</name>
         <load_address>0x9ea</load_address>
         <run_address>0x9ea</run_address>
         <size>0x6f</size>
         <input_file_ref idref="fl-e0"/>
      </object_component>
      <object_component id="oc-37">
         <name>.debug_abbrev</name>
         <load_address>0xa59</load_address>
         <run_address>0xa59</run_address>
         <size>0x24</size>
         <input_file_ref idref="fl-e0"/>
      </object_component>
      <object_component id="oc-83">
         <name>.debug_abbrev</name>
         <load_address>0xa7d</load_address>
         <run_address>0xa7d</run_address>
         <size>0x35</size>
         <input_file_ref idref="fl-e0"/>
      </object_component>
      <object_component id="oc-8d">
         <name>.debug_abbrev</name>
         <load_address>0xab2</load_address>
         <run_address>0xab2</run_address>
         <size>0x5d</size>
         <input_file_ref idref="fl-e1"/>
      </object_component>
      <object_component id="oc-44">
         <name>.debug_abbrev</name>
         <load_address>0xb0f</load_address>
         <run_address>0xb0f</run_address>
         <size>0x74</size>
         <input_file_ref idref="fl-e1"/>
      </object_component>
      <object_component id="oc-47">
         <name>.debug_abbrev</name>
         <load_address>0xb83</load_address>
         <run_address>0xb83</run_address>
         <size>0x24</size>
         <input_file_ref idref="fl-e1"/>
      </object_component>
      <object_component id="oc-8a">
         <name>.debug_abbrev</name>
         <load_address>0xba7</load_address>
         <run_address>0xba7</run_address>
         <size>0x24</size>
         <input_file_ref idref="fl-e1"/>
      </object_component>
      <object_component id="oc-95">
         <name>.debug_abbrev</name>
         <load_address>0xbcb</load_address>
         <run_address>0xbcb</run_address>
         <size>0x5d</size>
         <input_file_ref idref="fl-e2"/>
      </object_component>
      <object_component id="oc-50">
         <name>.debug_abbrev</name>
         <load_address>0xc28</load_address>
         <run_address>0xc28</run_address>
         <size>0x74</size>
         <input_file_ref idref="fl-e2"/>
      </object_component>
      <object_component id="oc-53">
         <name>.debug_abbrev</name>
         <load_address>0xc9c</load_address>
         <run_address>0xc9c</run_address>
         <size>0x24</size>
         <input_file_ref idref="fl-e2"/>
      </object_component>
      <object_component id="oc-92">
         <name>.debug_abbrev</name>
         <load_address>0xcc0</load_address>
         <run_address>0xcc0</run_address>
         <size>0x24</size>
         <input_file_ref idref="fl-e2"/>
      </object_component>
      <object_component id="oc-f0">
         <name>.debug_abbrev</name>
         <load_address>0xce4</load_address>
         <run_address>0xce4</run_address>
         <size>0xb3</size>
         <input_file_ref idref="fl-e3"/>
      </object_component>
      <object_component id="oc-e4">
         <name>.debug_abbrev</name>
         <load_address>0xd97</load_address>
         <run_address>0xd97</run_address>
         <size>0x29</size>
         <input_file_ref idref="fl-e3"/>
      </object_component>
      <object_component id="oc-b5">
         <name>.debug_abbrev</name>
         <load_address>0xdc0</load_address>
         <run_address>0xdc0</run_address>
         <size>0xba</size>
         <input_file_ref idref="fl-e3"/>
      </object_component>
      <object_component id="oc-87">
         <name>.debug_abbrev</name>
         <load_address>0xe7a</load_address>
         <run_address>0xe7a</run_address>
         <size>0x3e</size>
         <input_file_ref idref="fl-e4"/>
      </object_component>
      <object_component id="oc-8f">
         <name>.debug_abbrev</name>
         <load_address>0xeb8</load_address>
         <run_address>0xeb8</run_address>
         <size>0x4f</size>
         <input_file_ref idref="fl-e5"/>
      </object_component>
      <object_component id="oc-97">
         <name>.debug_abbrev</name>
         <load_address>0xf07</load_address>
         <run_address>0xf07</run_address>
         <size>0x53</size>
         <input_file_ref idref="fl-e6"/>
      </object_component>
      <object_component id="oc-98">
         <name>.debug_abbrev</name>
         <load_address>0xf5a</load_address>
         <run_address>0xf5a</run_address>
         <size>0x55</size>
         <input_file_ref idref="fl-e7"/>
      </object_component>
      <object_component id="oc-b8">
         <name>.debug_abbrev</name>
         <load_address>0xfaf</load_address>
         <run_address>0xfaf</run_address>
         <size>0x27</size>
         <input_file_ref idref="fl-e8"/>
      </object_component>
      <object_component id="oc-11c">
         <name>.debug_abbrev</name>
         <load_address>0xfd6</load_address>
         <run_address>0xfd6</run_address>
         <size>0x50</size>
         <input_file_ref idref="fl-ea"/>
      </object_component>
      <object_component id="oc-ec">
         <name>.debug_abbrev</name>
         <load_address>0x1026</load_address>
         <run_address>0x1026</run_address>
         <size>0x29</size>
         <input_file_ref idref="fl-ea"/>
      </object_component>
      <object_component id="oc-11b">
         <name>.debug_abbrev</name>
         <load_address>0x104f</load_address>
         <run_address>0x104f</run_address>
         <size>0x6f</size>
         <input_file_ref idref="fl-ea"/>
      </object_component>
      <object_component id="oc-dd">
         <name>.debug_abbrev</name>
         <load_address>0x10be</load_address>
         <run_address>0x10be</run_address>
         <size>0x99</size>
         <input_file_ref idref="fl-eb"/>
      </object_component>
      <object_component id="oc-ad">
         <name>.debug_abbrev</name>
         <load_address>0x1157</load_address>
         <run_address>0x1157</run_address>
         <size>0x68</size>
         <input_file_ref idref="fl-eb"/>
      </object_component>
      <object_component id="oc-e1">
         <name>.debug_abbrev</name>
         <load_address>0x11bf</load_address>
         <run_address>0x11bf</run_address>
         <size>0x49</size>
         <input_file_ref idref="fl-eb"/>
      </object_component>
      <object_component id="oc-c4">
         <name>.debug_abbrev</name>
         <load_address>0x1208</load_address>
         <run_address>0x1208</run_address>
         <size>0xb9</size>
         <input_file_ref idref="fl-ec"/>
      </object_component>
      <object_component id="oc-a5">
         <name>.debug_abbrev</name>
         <load_address>0x12c1</load_address>
         <run_address>0x12c1</run_address>
         <size>0x7e</size>
         <input_file_ref idref="fl-ec"/>
      </object_component>
      <object_component id="oc-c8">
         <name>.debug_abbrev</name>
         <load_address>0x133f</load_address>
         <run_address>0x133f</run_address>
         <size>0x24</size>
         <input_file_ref idref="fl-ec"/>
      </object_component>
      <object_component id="oc-fb">
         <name>.debug_abbrev</name>
         <load_address>0x1363</load_address>
         <run_address>0x1363</run_address>
         <size>0x24</size>
         <input_file_ref idref="fl-ec"/>
      </object_component>
      <object_component id="oc-cd">
         <name>.debug_abbrev</name>
         <load_address>0x1387</load_address>
         <run_address>0x1387</run_address>
         <size>0x4b</size>
         <input_file_ref idref="fl-ec"/>
      </object_component>
      <object_component id="oc-f2">
         <name>.debug_abbrev</name>
         <load_address>0x13d2</load_address>
         <run_address>0x13d2</run_address>
         <size>0xa7</size>
         <input_file_ref idref="fl-ed"/>
      </object_component>
      <object_component id="oc-c1">
         <name>.debug_abbrev</name>
         <load_address>0x1479</load_address>
         <run_address>0x1479</run_address>
         <size>0x8c</size>
         <input_file_ref idref="fl-ed"/>
      </object_component>
      <object_component id="oc-f6">
         <name>.debug_abbrev</name>
         <load_address>0x1505</load_address>
         <run_address>0x1505</run_address>
         <size>0x24</size>
         <input_file_ref idref="fl-ed"/>
      </object_component>
      <object_component id="oc-c3">
         <name>.debug_abbrev</name>
         <load_address>0x1529</load_address>
         <run_address>0x1529</run_address>
         <size>0x53</size>
         <input_file_ref idref="fl-ef"/>
      </object_component>
      <object_component id="oc-17b">
         <name>.debug_abbrev</name>
         <load_address>0x157c</load_address>
         <run_address>0x157c</run_address>
         <size>0xf</size>
      </object_component>
      <object_component id="oc-be">
         <name>.debug_str</name>
         <load_address>0x0</load_address>
         <run_address>0x0</run_address>
         <size>0xfa</size>
         <input_file_ref idref="fl-2"/>
      </object_component>
      <object_component id="oc-80">
         <name>.debug_str</name>
         <load_address>0xfa</load_address>
         <run_address>0xfa</run_address>
         <size>0x21c</size>
         <input_file_ref idref="fl-2"/>
      </object_component>
      <object_component id="oc-3e">
         <name>.debug_str</name>
         <load_address>0x316</load_address>
         <run_address>0x316</run_address>
         <size>0xfa</size>
         <input_file_ref idref="fl-3"/>
      </object_component>
      <object_component id="oc-143">
         <name>.debug_str</name>
         <load_address>0x410</load_address>
         <run_address>0x410</run_address>
         <size>0xf0</size>
         <input_file_ref idref="fl-1c"/>
      </object_component>
      <object_component id="oc-39">
         <name>.debug_str</name>
         <load_address>0x500</load_address>
         <run_address>0x500</run_address>
         <size>0x10d</size>
         <input_file_ref idref="fl-e0"/>
      </object_component>
      <object_component id="oc-85">
         <name>.debug_str</name>
         <load_address>0x60d</load_address>
         <run_address>0x60d</run_address>
         <size>0x14a</size>
         <input_file_ref idref="fl-e0"/>
      </object_component>
      <object_component id="oc-49">
         <name>.debug_str</name>
         <load_address>0x757</load_address>
         <run_address>0x757</run_address>
         <size>0x100</size>
         <input_file_ref idref="fl-e1"/>
      </object_component>
      <object_component id="oc-8c">
         <name>.debug_str</name>
         <load_address>0x857</load_address>
         <run_address>0x857</run_address>
         <size>0x12d</size>
         <input_file_ref idref="fl-e1"/>
      </object_component>
      <object_component id="oc-55">
         <name>.debug_str</name>
         <load_address>0x984</load_address>
         <run_address>0x984</run_address>
         <size>0xfa</size>
         <input_file_ref idref="fl-e2"/>
      </object_component>
      <object_component id="oc-94">
         <name>.debug_str</name>
         <load_address>0xa7e</load_address>
         <run_address>0xa7e</run_address>
         <size>0x12d</size>
         <input_file_ref idref="fl-e2"/>
      </object_component>
      <object_component id="oc-e3">
         <name>.debug_str</name>
         <load_address>0xbab</load_address>
         <run_address>0xbab</run_address>
         <size>0xd6</size>
         <input_file_ref idref="fl-eb"/>
      </object_component>
      <object_component id="oc-ca">
         <name>.debug_str</name>
         <load_address>0xc81</load_address>
         <run_address>0xc81</run_address>
         <size>0xe2</size>
         <input_file_ref idref="fl-ec"/>
      </object_component>
      <object_component id="oc-fd">
         <name>.debug_str</name>
         <load_address>0xd63</load_address>
         <run_address>0xd63</run_address>
         <size>0x138</size>
         <input_file_ref idref="fl-ec"/>
      </object_component>
      <object_component id="oc-cf">
         <name>.debug_str</name>
         <load_address>0xe9b</load_address>
         <run_address>0xe9b</run_address>
         <size>0x184</size>
         <input_file_ref idref="fl-ec"/>
      </object_component>
      <object_component id="oc-f8">
         <name>.debug_str</name>
         <load_address>0x101f</load_address>
         <run_address>0x101f</run_address>
         <size>0xd7</size>
         <input_file_ref idref="fl-ed"/>
      </object_component>
      <object_component id="oc-a9">
         <name>.debug_aranges</name>
         <load_address>0x0</load_address>
         <run_address>0x0</run_address>
         <size>0x20</size>
         <input_file_ref idref="fl-2"/>
      </object_component>
      <object_component id="oc-2d">
         <name>.debug_aranges</name>
         <load_address>0x20</load_address>
         <run_address>0x20</run_address>
         <size>0x38</size>
         <input_file_ref idref="fl-3"/>
      </object_component>
      <object_component id="oc-109">
         <name>.debug_aranges</name>
         <load_address>0x58</load_address>
         <run_address>0x58</run_address>
         <size>0x48</size>
         <input_file_ref idref="fl-8"/>
      </object_component>
      <object_component id="oc-d8">
         <name>.debug_aranges</name>
         <load_address>0xa0</load_address>
         <run_address>0xa0</run_address>
         <size>0xc0</size>
         <input_file_ref idref="fl-b"/>
      </object_component>
      <object_component id="oc-103">
         <name>.debug_aranges</name>
         <load_address>0x160</load_address>
         <run_address>0x160</run_address>
         <size>0xa0</size>
         <input_file_ref idref="fl-13"/>
      </object_component>
      <object_component id="oc-d2">
         <name>.debug_aranges</name>
         <load_address>0x200</load_address>
         <run_address>0x200</run_address>
         <size>0x1d8</size>
         <input_file_ref idref="fl-1c"/>
      </object_component>
      <object_component id="oc-26">
         <name>.debug_aranges</name>
         <load_address>0x3d8</load_address>
         <run_address>0x3d8</run_address>
         <size>0x20</size>
         <input_file_ref idref="fl-df"/>
      </object_component>
      <object_component id="oc-13">
         <name>.debug_aranges</name>
         <load_address>0x3f8</load_address>
         <run_address>0x3f8</run_address>
         <size>0x20</size>
         <input_file_ref idref="fl-e0"/>
      </object_component>
      <object_component id="oc-1a">
         <name>.debug_aranges</name>
         <load_address>0x418</load_address>
         <run_address>0x418</run_address>
         <size>0x20</size>
         <input_file_ref idref="fl-e1"/>
      </object_component>
      <object_component id="oc-20">
         <name>.debug_aranges</name>
         <load_address>0x438</load_address>
         <run_address>0x438</run_address>
         <size>0x20</size>
         <input_file_ref idref="fl-e2"/>
      </object_component>
      <object_component id="oc-71">
         <name>.debug_aranges</name>
         <load_address>0x458</load_address>
         <run_address>0x458</run_address>
         <size>0x30</size>
         <input_file_ref idref="fl-e3"/>
      </object_component>
[...]
      </symbol>
      <symbol id="sm-d6">
         <name>EEPROMBlockHide</name>
         <value>0x1479</value>
         <object_component_ref idref="oc-d6"/>
      </symbol>
      <symbol id="sm-d7">
         <name>EEPROMProgramNonBlocking</name>
         <value>0x12fd</value>
         <object_component_ref idref="oc-d6"/>
      </symbol>
      <symbol id="sm-d8">
         <name>EEPROMBlockProtectSet</name>
         <value>0x1391</value>
         <object_component_ref idref="oc-d6"/>
      </symbol>
      <symbol id="sm-d9">
         <name>EEPROMMassErase</name>
         <value>0x133f</value>
         <object_component_ref idref="oc-d6"/>
      </symbol>
      <symbol id="sm-da">
         <name>EEPROMRead</name>
         <value>0x11cb</value>
         <object_component_ref idref="oc-d6"/>
      </symbol>
      <symbol id="sm-db">
         <name>EEPROMBlockCountGet</name>
         <value>0x11bd</value>
         <object_component_ref idref="oc-d6"/>
      </symbol>
      <symbol id="sm-dc">
         <name>EEPROMIntEnable</name>
         <value>0x1495</value>
         <object_component_ref idref="oc-d6"/>
      </symbol>
      <symbol id="sm-dd">
         <name>EEPROMBlockPasswordSet</name>
         <value>0x13bd</value>
         <object_component_ref idref="oc-d6"/>
      </symbol>
      <symbol id="sm-de">
         <name>EEPROMBlockUnlock</name>
         <value>0x142d</value>
         <object_component_ref idref="oc-d6"/>
      </symbol>
      <symbol id="sm-df">
         <name>EEPROMBlockProtectGet</name>
         <value>0x137d</value>
         <object_component_ref idref="oc-d6"/>
      </symbol>
      <symbol id="sm-e0">
         <name>EEPROMProgram</name>
         <value>0x1221</value>
         <object_component_ref idref="oc-d6"/>
      </symbol>
      <symbol id="sm-e1">
         <name>EEPROMBlockLock</name>
         <value>0x1405</value>
         <object_component_ref idref="oc-d6"/>
      </symbol>
      <symbol id="sm-e2">
         <name>EEPROMStatusGet</name>
         <value>0x152f</value>
         <object_component_ref idref="oc-d6"/>
      </symbol>
      <symbol id="sm-e3">
         <name>EEPROMIntDisable</name>
         <value>0x14b9</value>
         <object_component_ref idref="oc-d6"/>
      </symbol>
      <symbol id="sm-e4">
         <name>EEPROMSizeGet</name>
         <value>0x11b1</value>
         <object_component_ref idref="oc-d6"/>
      </symbol>
      <symbol id="sm-e5">
         <name>EEPROMInit</name>
         <value>0x116d</value>
         <object_component_ref idref="oc-d6"/>
      </symbol>
      <symbol id="sm-169">
         <name>IntPendClear</name>
         <value>0x1891</value>
         <object_component_ref idref="oc-101"/>
      </symbol>
      <symbol id="sm-16a">
         <name>IntPriorityGroupingGet</name>
         <value>0x160b</value>
         <object_component_ref idref="oc-101"/>
      </symbol>
      <symbol id="sm-16b">
         <name>IntPrioritySet</name>
         <value>0x1643</value>
         <object_component_ref idref="oc-101"/>
      </symbol>
      <symbol id="sm-16c">
         <name>IntIsEnabled</name>
         <value>0x179b</value>
         <object_component_ref idref="oc-101"/>
      </symbol>
      <symbol id="sm-16d">
         <name>IntEnable</name>
         <value>0x16b7</value>
         <object_component_ref idref="oc-101"/>
      </symbol>
      <symbol id="sm-16e">
         <name>IntTrigger</name>
         <value>0x18f3</value>
         <object_component_ref idref="oc-101"/>
      </symbol>
      <symbol id="sm-16f">
         <name>IntPriorityMaskSet</name>
         <value>0x18df</value>
         <object_component_ref idref="oc-101"/>
      </symbol>
      <symbol id="sm-170">
         <name>IntPriorityGroupingSet</name>
         <value>0x15f1</value>
         <object_component_ref idref="oc-101"/>
      </symbol>
      <symbol id="sm-171">
         <name>IntDisable</name>
         <value>0x1729</value>
         <object_component_ref idref="oc-101"/>
      </symbol>
      <symbol id="sm-172">
         <name>IntRegister</name>
         <value>0x158b</value>
         <object_component_ref idref="oc-101"/>
      </symbol>
      <symbol id="sm-173">
         <name>IntPriorityGet</name>
         <value>0x1693</value>
         <object_component_ref idref="oc-101"/>
      </symbol>
      <symbol id="sm-174">
         <name>IntMasterDisable</name>
         <value>0x157b</value>
         <object_component_ref idref="oc-101"/>
      </symbol>
      <symbol id="sm-175">
         <name>IntUnregister</name>
         <value>0x15dd</value>
         <object_component_ref idref="oc-101"/>
      </symbol>
      <symbol id="sm-176">
         <name>IntPriorityMaskGet</name>
         <value>0x18eb</value>
         <object_component_ref idref="oc-101"/>
      </symbol>
      <symbol id="sm-177">
         <name>g_pfnRAMVectors</name>
         <value>0x20000000</value>
         <object_component_ref idref="oc-120"/>
      </symbol>
      <symbol id="sm-178">
         <name>IntMasterEnable</name>
         <value>0x156b</value>
         <object_component_ref idref="oc-101"/>
      </symbol>
      <symbol id="sm-179">
         <name>IntPendSet</name>
         <value>0x1821</value>
         <object_component_ref idref="oc-101"/>
      </symbol>
      <symbol id="sm-2b2">
         <name>SysCtlGPIOAHBEnable</name>
         <value>0xfdb</value>
         <object_component_ref idref="oc-d0"/>
      </symbol>
      <symbol id="sm-2b3">
         <name>SysCtlIntRegister</name>
         <value>0x695</value>
         <object_component_ref idref="oc-d0"/>
      </symbol>
      <symbol id="sm-2b4">
         <name>SysCtlFlashSizeGet</name>
         <value>0x2d5</value>
         <object_component_ref idref="oc-d0"/>
      </symbol>
      <symbol id="sm-2b5">
         <name>SysCtlPeripheralDeepSleepEnable</name>
         <value>0x5a9</value>
         <object_component_ref idref="oc-d0"/>
      </symbol>
      <symbol id="sm-2b6">
         <name>SysCtlLDODeepSleepGet</name>
         <value>0x73b</value>
         <object_component_ref idref="oc-d0"/>
      </symbol>
      <symbol id="sm-2b7">
         <name>SysCtlFlashSectorSizeGet</name>
         <value>0x301</value>
         <object_component_ref idref="oc-d0"/>
      </symbol>
      <symbol id="sm-2b8">
         <name>SysCtlIntDisable</name>
         <value>0x6d1</value>
         <object_component_ref idref="oc-d0"/>
      </symbol>
      <symbol id="sm-2b9">
         <name>SysCtlResetBehaviorGet</name>
         <value>0x821</value>
         <object_component_ref idref="oc-d0"/>
      </symbol>
      <symbol id="sm-2ba">
         <name>SysCtlPeripheralPresent</name>
         <value>0x329</value>
         <object_component_ref idref="oc-d0"/>
      </symbol>
      <symbol id="sm-2bb">
         <name>SysCtlDeepSleepClockSet</name>
         <value>0xf05</value>
         <object_component_ref idref="oc-d0"/>
      </symbol>
      <symbol id="sm-2bc">
         <name>SysCtlClockSet</name>
         <value>0xb8d</value>
         <object_component_ref idref="oc-d0"/>
      </symbol>
      <symbol id="sm-2bd">
         <name>SysCtlAltClkConfig</name>
         <value>0x109b</value>
         <object_component_ref idref="oc-d0"/>
      </symbol>
      <symbol id="sm-2be">
         <name>SysCtlPeripheralClockGating</name>
         <value>0x641</value>
         <object_component_ref idref="oc-d0"/>
      </symbol>
      <symbol id="sm-2bf">
         <name>SysCtlIntStatus</name>
         <value>0x6f9</value>
         <object_component_ref idref="oc-d0"/>
      </symbol>
      <symbol id="sm-2c0">
         <name>SysCtlIntClear</name>
         <value>0x6e9</value>
         <object_component_ref idref="oc-d0"/>
      </symbol>
      <symbol id="sm-2c1">
         <name>SysCtlVoltageEventStatus</name>
         <value>0x1045</value>
         <object_component_ref idref="oc-d0"/>
      </symbol>
      <symbol id="sm-2c2">
         <name>SysCtlVoltageEventConfig</name>
         <value>0x1031</value>
         <object_component_ref idref="oc-d0"/>
      </symbol>
      <symbol id="sm-2c3">
         <name>SysCtlResetCauseGet</name>
         <value>0x791</value>
         <object_component_ref idref="oc-d0"/>
      </symbol>
      <symbol id="sm-2c4">
         <name>SysCtlSleep</name>
         <value>0x76d</value>
         <object_component_ref idref="oc-d0"/>
      </symbol>
      <symbol id="sm-2c5">
         <name>SysCtlPWMClockGet</name>
         <value>0xfc5</value>
         <object_component_ref idref="oc-d0"/>
      </symbol>
      <symbol id="sm-2c6">
         <name>SysCtlDeepSleepPowerSet</name>
         <value>0x755</value>
         <object_component_ref idref="oc-d0"/>
      </symbol>
      <symbol id="sm-2c7">
         <name>SysCtlClockOutConfig</name>
         <value>0x107f</value>
         <object_component_ref idref="oc-d0"/>
      </symbol>
      <symbol id="sm-2c8">
         <name>SysCtlNMIStatus</name>
         <value>0x1065</value>
         <object_component_ref idref="oc-d0"/>
      </symbol>
      <symbol id="sm-2c9">
         <name>SysCtlDeepSleepClockConfigSet</name>
         <value>0xf21</value>
         <object_component_ref idref="oc-d0"/>
      </symbol>
      <symbol id="sm-2ca">
         <name>SysCtlDelay</name>
         <value>0x1cbb</value>
         <object_component_ref idref="oc-116"/>
      </symbol>
      <symbol id="sm-2cb">
         <name>SysCtlVoltageEventClear</name>
         <value>0x104b</value>
         <object_component_ref idref="oc-d0"/>
      </symbol>
      <symbol id="sm-2cc">
         <name>SysCtlLDOSleepSet</name>
         <value>0x715</value>
         <object_component_ref idref="oc-d0"/>
      </symbol>
      <symbol id="sm-2cd">
         <name>SysCtlMOSCConfigSet</name>
         <value>0x7ab</value>
         <object_component_ref idref="oc-d0"/>
      </symbol>
      <symbol id="sm-2ce">
         <name>SysCtlPeripheralEnable</name>
         <value>0x4a9</value>
         <object_component_ref idref="oc-d0"/>
      </symbol>
      <symbol id="sm-2cf">
         <name>SysCtlIntEnable</name>
         <value>0x6bd</value>
         <object_component_ref idref="oc-d0"/>
      </symbol>
      <symbol id="sm-2d0">
         <name>SysCtlNMIClear</name>
         <value>0x106b</value>
         <object_component_ref idref="oc-d0"/>
      </symbol>
      <symbol id="sm-2d1">
         <name>SysCtlPeripheralPowerOff</name>
         <value>0x3e5</value>
         <object_component_ref idref="oc-d0"/>
      </symbol>
      <symbol id="sm-2d2">
         <name>SysCtlSleepPowerSet</name>
         <value>0x741</value>
         <object_component_ref idref="oc-d0"/>
      </symbol>
      <symbol id="sm-2d3">
         <name>SysCtlDeepSleep</name>
         <value>0x775</value>
         <object_component_ref idref="oc-d0"/>
      </symbol>
      <symbol id="sm-2d4">
         <name>SysCtlLDODeepSleepSet</name>
         <value>0x72b</value>
         <object_component_ref idref="oc-d0"/>
      </symbol>
      <symbol id="sm-2d5">
         <name>SysCtlPeripheralPowerOn</name>
         <value>0x3a9</value>
         <object_component_ref idref="oc-d0"/>
      </symbol>
      <symbol id="sm-2d6">
         <name>SysCtlPeripheralDeepSleepDisable</name>
         <value>0x5f9</value>
         <object_component_ref idref="oc-d0"/>
      </symbol>
      <symbol id="sm-2d7">
         <name>SysCtlPeripheralSleepDisable</name>
         <value>0x56d</value>
         <object_component_ref idref="oc-d0"/>
      </symbol>
      <symbol id="sm-2d8">
         <name>SysCtlResetBehaviorSet</name>
         <value>0x811</value>
         <object_component_ref idref="oc-d0"/>
      </symbol>
      <symbol id="sm-2d9">
         <name>SysCtlReset</name>
         <value>0x765</value>
         <object_component_ref idref="oc-d0"/>
      </symbol>
      <symbol id="sm-2da">
         <name>SysCtlGPIOAHBDisable</name>
         <value>0xff7</value>
         <object_component_ref idref="oc-d0"/>
      </symbol>
      <symbol id="sm-2db">
         <name>SysCtlSRAMSizeGet</name>
         <value>0x2cb</value>
         <object_component_ref idref="oc-d0"/>
      </symbol>
      <symbol id="sm-2dc">
         <name>SysCtlClockGet</name>
         <value>0xd59</value>
         <object_component_ref idref="oc-d0"/>
      </symbol>
      <symbol id="sm-2dd">
         <name>SysCtlPeripheralDisable</name>
         <value>0x4e5</value>
         <object_component_ref idref="oc-d0"/>
      </symbol>
      <symbol id="sm-2de">
         <name>SysCtlPWMClockSet</name>
         <value>0xfab</value>
         <object_component_ref idref="oc-d0"/>
      </symbol>
      <symbol id="sm-2df">
         <name>SysCtlUSBPLLEnable</name>
         <value>0x1013</value>
         <object_component_ref idref="oc-d0"/>
      </symbol>
      <symbol id="sm-2e0">
         <name>SysCtlPeripheralSleepEnable</name>
         <value>0x529</value>
         <object_component_ref idref="oc-d0"/>
      </symbol>
      <symbol id="sm-2e1">
         <name>SysCtlIntUnregister</name>
         <value>0x6ad</value>
         <object_component_ref idref="oc-d0"/>
      </symbol>
      <symbol id="sm-2e2">
         <name>SysCtlUSBPLLDisable</name>
         <value>0x101f</value>
         <object_component_ref idref="oc-d0"/>
      </symbol>
      <symbol id="sm-2e3">
         <name>SysCtlPeripheralReady</name>
         <value>0x369</value>
         <object_component_ref idref="oc-d0"/>
      </symbol>
      <symbol id="sm-2e4">
         <name>SysCtlPIOSCCalibrate</name>
         <value>0x7c1</value>
         <object_component_ref idref="oc-d0"/>
      </symbol>
      <symbol id="sm-2e5">
         <name>SysCtlResetCauseClear</name>
         <value>0x797</value>
         <object_component_ref idref="oc-d0"/>
      </symbol>
      <symbol id="sm-2e6">
         <name>SysCtlLDOSleepGet</name>
         <value>0x725</value>
         <object_component_ref idref="oc-d0"/>
      </symbol>
      <symbol id="sm-2e7">
         <name>SysCtlClockFreqSet</name>
         <value>0x875</value>
         <object_component_ref idref="oc-d0"/>
      </symbol>
      <symbol id="sm-2e8">
         <name>SysCtlPeripheralReset</name>
         <value>0x421</value>
         <object_component_ref idref="oc-d0"/>
      </symbol>
      <symbol id="sm-302">
         <name>_c_int00</name>
         <value>0x1b19</value>
         <object_component_ref idref="oc-24"/>
      </symbol>
      <symbol id="sm-303">
         <name>__stack</name>
         <value>0x20038000</value>
         <object_component_ref idref="oc-2a"/>
      </symbol>
      <symbol id="sm-321">
         <name>__TI_decompress_lzss</name>
         <value>0x1ab1</value>
         <object_component_ref idref="oc-12"/>
      </symbol>
      <symbol id="sm-338">
         <name>__TI_decompress_none</name>
         <value>0x1c95</value>
         <object_component_ref idref="oc-18"/>
      </symbol>
      <symbol id="sm-34f">
         <name>__TI_zero_init</name>
         <value>0x1ca3</value>
         <object_component_ref idref="oc-1e"/>
      </symbol>
      <symbol id="sm-370">
         <name>C$$EXIT</name>
         <value>0x1b6d</value>
         <object_component_ref idref="oc-6f"/>
      </symbol>
      <symbol id="sm-371">
         <name>abort</name>
         <value>0x1b71</value>
         <object_component_ref idref="oc-6f"/>
      </symbol>
      <symbol id="sm-372">
         <name>exit</name>
         <value>0x1b79</value>
         <object_component_ref idref="oc-6f"/>
      </symbol>
      <symbol id="sm-373">
         <name>__TI_dtors_ptr</name>
         <value>0x20000270</value>
         <object_component_ref idref="oc-af"/>
      </symbol>
      <symbol id="sm-374">
         <name>__TI_cleanup_ptr</name>
         <value>0x2000026c</value>
         <object_component_ref idref="oc-af"/>
      </symbol>
      <symbol id="sm-375">
         <name>__TI_enable_exit_profile_output</name>
         <value>0x20000274</value>
         <object_component_ref idref="oc-af"/>
      </symbol>
      <symbol id="sm-390">
         <name>memcpy</name>
         <value>0x1929</value>
         <object_component_ref idref="oc-3f"/>
      </symbol>
      <symbol id="sm-391">
         <name>__aeabi_memcpy</name>
         <value>0x1929</value>
         <object_component_ref idref="oc-3f"/>
      </symbol>
      <symbol id="sm-392">
         <name>__aeabi_memcpy8</name>
         <value>0x1929</value>
         <object_component_ref idref="oc-3f"/>
      </symbol>
      <symbol id="sm-393">
         <name>__aeabi_memcpy4</name>
         <value>0x1929</value>
         <object_component_ref idref="oc-3f"/>
      </symbol>
      <symbol id="sm-3a2">
         <name>__aeabi_memset</name>
         <value>0x19c7</value>
         <object_component_ref idref="oc-4b"/>
      </symbol>
      <symbol id="sm-3a3">
         <name>memset</name>
         <value>0x19cd</value>
         <object_component_ref idref="oc-4b"/>
      </symbol>
      <symbol id="sm-3a4">
         <name>__aeabi_memset8</name>
         <value>0x19c7</value>
         <object_component_ref idref="oc-4b"/>
      </symbol>
      <symbol id="sm-3a5">
         <name>__aeabi_memset4</name>
         <value>0x19c7</value>
         <object_component_ref idref="oc-4b"/>
      </symbol>
      <symbol id="sm-3a6">
         <name>__aeabi_memclr8</name>
         <value>0x19c5</value>
         <object_component_ref idref="oc-4b"/>
      </symbol>
      <symbol id="sm-3a7">
         <name>__aeabi_memclr4</name>
         <value>0x19c5</value>
         <object_component_ref idref="oc-4b"/>
      </symbol>
      <symbol id="sm-3a8">
         <name>__aeabi_memclr</name>
         <value>0x19c5</value>
         <object_component_ref idref="oc-4b"/>
      </symbol>
      <symbol id="sm-3b2">
         <name>__mpu_init</name>
         <value>0x1a3f</value>
         <object_component_ref idref="oc-57"/>
      </symbol>
      <symbol id="sm-3bc">
         <name>_system_pre_init</name>
         <value>0x1cc1</value>
         <object_component_ref idref="oc-5d"/>
      </symbol>
      <symbol id="sm-3c4">
         <name>main_func_sp</name>
         <value>0x20000280</value>
         <object_component_ref idref="oc-75"/>
      </symbol>
      <symbol id="sm-3de">
         <name>_nop</name>
         <value>0x1c8f</value>
         <object_component_ref idref="oc-e6"/>
      </symbol>
      <symbol id="sm-3df">
         <name>_lock</name>
         <value>0x20000278</value>
         <object_component_ref idref="oc-b2"/>
      </symbol>
      <symbol id="sm-3e0">
         <name>_unlock</name>
         <value>0x2000027c</value>
         <object_component_ref idref="oc-b2"/>
      </symbol>
      <symbol id="sm-3e1">
         <name>_register_lock</name>
         <value>0x1c87</value>
         <object_component_ref idref="oc-e6"/>
      </symbol>
      <symbol id="sm-3e2">
         <name>_register_unlock</name>
         <value>0x1c81</value>
         <object_component_ref idref="oc-e6"/>
      </symbol>
      <symbol id="sm-3f6">
         <name>_args_main</name>
         <value>0x1c69</value>
         <object_component_ref idref="oc-69"/>
      </symbol>
      <symbol id="sm-420">
         <name>__TI_auto_init</name>
         <value>0x1a41</value>
         <object_component_ref idref="oc-63"/>
      </symbol>
      <symbol id="sm-43a">
         <name>copy_in</name>
         <value>0x1bc1</value>
         <object_component_ref idref="oc-99"/>
      </symbol>
      <symbol id="sm-445">
         <name>_system_post_cinit</name>
         <value>0x1c4b</value>
         <object_component_ref idref="oc-9f"/>
      </symbol>
      <symbol id="sm-446">
         <name>__TI_static_base__</name>
         <value>0x0</value>
      </symbol>
      <symbol id="sm-449">
         <name>SHT$$INIT_ARRAY$$Limit</name>
         <value>0x0</value>
      </symbol>
      <symbol id="sm-44a">
         <name>SHT$$INIT_ARRAY$$Base</name>
         <value>0x0</value>
      </symbol>
   </symbol_table>
   <title>Link successful</title>
</link_info>
